Archive member included to satisfy reference by file (symbol)

app/libapp.a(main.c.obj)      (--whole-archive)
app/libapp.a(launch_system.c.obj)
                              (--whole-archive)
app/libapp.a(missile.c.obj)   (--whole-archive)
app/libapp.a(timeout_monitor.c.obj)
                              (--whole-archive)
app/libapp.a(communication.c.obj)
                              (--whole-archive)
app/libapp.a(timers.c.obj)    (--whole-archive)
zephyr/libzephyr.a(heap.c.obj)
                              (--whole-archive)
zephyr/libzephyr.a(cbprintf_packaged.c.obj)
                              (--whole-archive)
zephyr/libzephyr.a(printk.c.obj)
                              (--whole-archive)
zephyr/libzephyr.a(sem.c.obj)
                              (--whole-archive)
zephyr/libzephyr.a(thread_entry.c.obj)
                              (--whole-archive)
zephyr/libzephyr.a(cbprintf_complete.c.obj)
                              (--whole-archive)
zephyr/libzephyr.a(assert.c.obj)
                              (--whole-archive)
zephyr/libzephyr.a(dec.c.obj)
                              (--whole-archive)
zephyr/libzephyr.a(hex.c.obj)
                              (--whole-archive)
zephyr/libzephyr.a(rb.c.obj)  (--whole-archive)
zephyr/libzephyr.a(timeutil.c.obj)
                              (--whole-archive)
zephyr/libzephyr.a(bitarray.c.obj)
                              (--whole-archive)
zephyr/libzephyr.a(ring_buffer.c.obj)
                              (--whole-archive)
zephyr/libzephyr.a(last_section_id.c.obj)
                              (--whole-archive)
zephyr/libzephyr.a(configs.c.obj)
                              (--whole-archive)
zephyr/libzephyr.a(tracing_none.c.obj)
                              (--whole-archive)
zephyr/arch/common/libarch__common.a(sw_isr_common.c.obj)
                              (--whole-archive)
zephyr/arch/arch/arm/core/libarch__arm__core.a(fatal.c.obj)
                              (--whole-archive)
zephyr/arch/arch/arm/core/libarch__arm__core.a(nmi.c.obj)
                              (--whole-archive)
zephyr/arch/arch/arm/core/libarch__arm__core.a(nmi_on_reset.S.obj)
                              (--whole-archive)
zephyr/arch/arch/arm/core/libarch__arm__core.a(tls.c.obj)
                              (--whole-archive)
zephyr/arch/arch/arm/core/cortex_m/libarch__arm__core__cortex_m.a(exc_exit.c.obj)
                              (--whole-archive)
zephyr/arch/arch/arm/core/cortex_m/libarch__arm__core__cortex_m.a(fault.c.obj)
                              (--whole-archive)
zephyr/arch/arch/arm/core/cortex_m/libarch__arm__core__cortex_m.a(fault_s.S.obj)
                              (--whole-archive)
zephyr/arch/arch/arm/core/cortex_m/libarch__arm__core__cortex_m.a(fpu.c.obj)
                              (--whole-archive)
zephyr/arch/arch/arm/core/cortex_m/libarch__arm__core__cortex_m.a(reset.S.obj)
                              (--whole-archive)
zephyr/arch/arch/arm/core/cortex_m/libarch__arm__core__cortex_m.a(scb.c.obj)
                              (--whole-archive)
zephyr/arch/arch/arm/core/cortex_m/libarch__arm__core__cortex_m.a(thread_abort.c.obj)
                              (--whole-archive)
zephyr/arch/arch/arm/core/cortex_m/libarch__arm__core__cortex_m.a(vector_table.S.obj)
                              (--whole-archive)
zephyr/arch/arch/arm/core/cortex_m/libarch__arm__core__cortex_m.a(swap_helper.S.obj)
                              (--whole-archive)
zephyr/arch/arch/arm/core/cortex_m/libarch__arm__core__cortex_m.a(irq_manage.c.obj)
                              (--whole-archive)
zephyr/arch/arch/arm/core/cortex_m/libarch__arm__core__cortex_m.a(prep_c.c.obj)
                              (--whole-archive)
zephyr/arch/arch/arm/core/cortex_m/libarch__arm__core__cortex_m.a(thread.c.obj)
                              (--whole-archive)
zephyr/arch/arch/arm/core/cortex_m/libarch__arm__core__cortex_m.a(cpu_idle.c.obj)
                              (--whole-archive)
zephyr/arch/arch/arm/core/cortex_m/libarch__arm__core__cortex_m.a(irq_init.c.obj)
                              (--whole-archive)
zephyr/arch/arch/arm/core/cortex_m/libarch__arm__core__cortex_m.a(isr_wrapper.c.obj)
                              (--whole-archive)
zephyr/arch/arch/arm/core/cortex_m/libarch__arm__core__cortex_m.a(__aeabi_read_tp.S.obj)
                              (--whole-archive)
zephyr/lib/libc/picolibc/liblib__libc__picolibc.a(assert.c.obj)
                              (--whole-archive)
zephyr/lib/libc/picolibc/liblib__libc__picolibc.a(cbprintf.c.obj)
                              (--whole-archive)
zephyr/lib/libc/picolibc/liblib__libc__picolibc.a(chk_fail.c.obj)
                              (--whole-archive)
zephyr/lib/libc/picolibc/liblib__libc__picolibc.a(errno_wrap.c.obj)
                              (--whole-archive)
zephyr/lib/libc/picolibc/liblib__libc__picolibc.a(exit.c.obj)
                              (--whole-archive)
[...]
Memory Configuration

Name             Origin             Length             Attributes
FLASH            0x0000000000000000 0x0000000000040000 xr
RAM              0x0000000020000000 0x0000000000010000 xw
IDT_LIST         0x00000000ffff7fff 0x0000000000008000 xw
*default*        0x0000000000000000 0xffffffffffffffff

Linker script and memory map

                0x0000000000001f9c                vfprintf = __d_vfprintf
                0x0000000000000000                vfscanf = __d_vfscanf
LOAD zephyr/CMakeFiles/zephyr_pre0.dir/misc/empty_file.c.obj
LOAD zephyr/CMakeFiles/offsets.dir/./arch/arm/core/offsets/offsets.c.obj
LOAD app/libapp.a
LOAD zephyr/libzephyr.a
LOAD zephyr/arch/common/libarch__common.a
LOAD zephyr/arch/arch/arm/core/libarch__arm__core.a
LOAD zephyr/arch/arch/arm/core/cortex_m/libarch__arm__core__cortex_m.a
LOAD zephyr/lib/libc/picolibc/liblib__libc__picolibc.a
LOAD zephyr/lib/libc/common/liblib__libc__common.a
LOAD zephyr/soc/soc/ti_lm3s6965/libsoc__ti__lm3s6965.a
LOAD zephyr/drivers/console/libdrivers__console.a
LOAD zephyr/drivers/serial/libdrivers__serial.a
LOAD zephyr/drivers/timer/libdrivers__timer.a
LOAD zephyr/kernel/libkernel.a
LOAD zephyr/arch/common/libisr_tables.a
LOAD c:\users\55319\zephyr-sdk-0.17.1\arm-zephyr-eabi\bin\../lib/gcc/../../picolibc/arm-zephyr-eabi/lib/thumb/v7-m/nofp\libc.a
LOAD c:/users/55319/zephyr-sdk-0.17.1/arm-zephyr-eabi/bin/../lib/gcc/arm-zephyr-eabi/12.2.0/thumb/v7-m/nofp\libgcc.a
                0x0000000000000004                _region_min_align = 0x4

.rel.plt        0x0000000000000000        0x0
 *(SORT_BY_ALIGNMENT(.rel.plt))
                [!provide]                        PROVIDE (__rel_iplt_start = .)
 *(SORT_BY_ALIGNMENT(.rel.iplt))
 .rel.iplt      0x0000000000000000        0x0 app/libapp.a(main.c.obj)
                [!provide]                        PROVIDE (__rel_iplt_end = .)

.rela.plt       0x0000000000000000        0x0
 *(SORT_BY_ALIGNMENT(.rela.plt))
                [!provide]                        PROVIDE (__rela_iplt_start = .)
 *(SORT_BY_ALIGNMENT(.rela.iplt))
                [!provide]                        PROVIDE (__rela_iplt_end = .)

.rel.dyn
 *(SORT_BY_ALIGNMENT(.rel.*))

.rela.dyn
 *(SORT_BY_ALIGNMENT(.rela.*))

/DISCARD/
 *(SORT_BY_ALIGNMENT(.plt))

/DISCARD/
 *(SORT_BY_ALIGNMENT(.iplt))
                0x0000000000000000                __rom_region_start = 0x0

rom_start       0x0000000000000000       0xec
                0x0000000000000000                __rom_start_address = .
 FILL mask 0x00
                0x0000000000000000                . = (. + (0x0 - (. - __rom_start_address)))
                0x0000000000000000                . = ALIGN (0x4)
                0x0000000000000000                . = ALIGN (0x80)
                0x0000000000000000                . = ALIGN (0x100)
                0x0000000000000000                _vector_start = .
 *(SORT_BY_ALIGNMENT(.exc_vector_table))
 *(SORT_BY_ALIGNMENT(.exc_vector_table.*))
 .exc_vector_table._vector_table_section
                0x0000000000000000       0x40 zephyr/arch/arch/arm/core/cortex_m/libarch__arm__core__cortex_m.a(vector_table.S.obj)
                0x0000000000000000                _vector_table
 *(SORT_BY_ALIGNMENT(.vectors))
                0x00000000000000ec                _vector_end = .
                0x0000000000000040                . = ALIGN (0x4)
 *(SORT_BY_ALIGNMENT(.gnu.linkonce.irq_vector_table*))
 .gnu.linkonce.irq_vector_table
                0x0000000000000040       0xac zephyr/arch/common/libisr_tables.a(isr_tables.c.obj)
                0x0000000000000040                _irq_vector_table
                0x00000000000000ec                _vector_end = .

text            0x00000000000000ec     0x377c
                0x00000000000000ec                __text_region_start = .
 *(SORT_BY_ALIGNMENT(.text))
 .text          0x00000000000000ec       0x30 c:/users/55319/zephyr-sdk-0.17.1/arm-zephyr-eabi/bin/../lib/gcc/arm-zephyr-eabi/12.2.0/thumb/v7-m/nofp\libgcc.a(_aeabi_uldivmod.o)
                0x00000000000000ec                __aeabi_uldivmod
 .text          0x000000000000011c        0x4 c:/users/55319/zephyr-sdk-0.17.1/arm-zephyr-eabi/bin/../lib/gcc/arm-zephyr-eabi/12.2.0/thumb/v7-m/nofp\libgcc.a(_dvmd_tls.o)
                0x000000000000011c                __aeabi_idiv0
                0x000000000000011c                __aeabi_ldiv0
 .text          0x0000000000000120      0x2a0 c:/users/55319/zephyr-sdk-0.17.1/arm-zephyr-eabi/bin/../lib/gcc/arm-zephyr-eabi/12.2.0/thumb/v7-m/nofp\libgcc.a(_udivmoddi4.o)
                0x0000000000000120                __udivmoddi4
 *(SORT_BY_ALIGNMENT(.text.*))
 .text.main     0x00000000000003c0       0x14 app/libapp.a(main.c.obj)
                0x00000000000003c0                main
 .text.launch_system
                0x00000000000003d4       0xf8 app/libapp.a(launch_system.c.obj)
                0x00000000000003d4                launch_system
 .text.missile  0x00000000000004cc       0x70 app/libapp.a(missile.c.obj)
                0x00000000000004cc                missile
 .text.timeout_monitor
                0x000000000000053c       0x48 app/libapp.a(timeout_monitor.c.obj)
                0x000000000000053c                timeout_monitor
 .text.timer_expiry_handler_test_connection
                0x0000000000000584        0xc app/libapp.a(communication.c.obj)
                0x0000000000000584                timer_expiry_handler_test_connection
 .text.timer_expiry_handler_communication
                0x0000000000000590        0xc app/libapp.a(communication.c.obj)
                0x0000000000000590                timer_expiry_handler_communication
 .text.start_timers
                0x000000000000059c       0x38 app/libapp.a(timers.c.obj)
                0x000000000000059c                start_timers
 .text.char_out
                0x00000000000005d4        0xc zephyr/libzephyr.a(printk.c.obj)
 .text.__printk_hook_install
                0x00000000000005e0        0xc zephyr/libzephyr.a(printk.c.obj)
                0x00000000000005e0                __printk_hook_install
 .text.vprintk  0x00000000000005ec       0x30 zephyr/libzephyr.a(printk.c.obj)
                0x00000000000005ec                vprintk
 .text.z_thread_entry
                0x000000000000061c       0x34 zephyr/libzephyr.a(thread_entry.c.obj)
                0x000000000000061c                z_thread_entry
 .text.z_SysNmiOnReset
                0x0000000000000650        0x8 zephyr/arch/arch/arm/core/libarch__arm__core.a(nmi_on_reset.S.obj)
                0x0000000000000650                z_SysNmiOnReset
 .text.arch_tls_stack_setup
                0x0000000000000658       0x40 zephyr/arch/arch/arm/core/libarch__arm__core.a(tls.c.obj)
                0x0000000000000658                arch_tls_stack_setup
 .text._HandlerModeExit
                0x0000000000000698       0x20 zephyr/arch/arch/arm/core/cortex_m/libarch__arm__core__cortex_m.a(exc_exit.c.obj)
                0x0000000000000698                z_arm_int_exit
                0x0000000000000698                z_arm_exc_exit
 .text.usage_fault.constprop.0
                0x00000000000006b8       0x54 zephyr/arch/arch/arm/core/cortex_m/libarch__arm__core__cortex_m.a(fault.c.obj)
 .text.bus_fault.constprop.0
                0x000000000000070c       0x60 zephyr/arch/arch/arm/core/cortex_m/libarch__arm__core__cortex_m.a(fault.c.obj)
 .text.mem_manage_fault.constprop.0
                0x000000000000076c       0x5c zephyr/arch/arch/arm/core/cortex_m/libarch__arm__core__cortex_m.a(fault.c.obj)
 .text.z_arm_fault
                0x00000000000007c8      0x124 zephyr/arch/arch/arm/core/cortex_m/libarch__arm__core__cortex_m.a(fault.c.obj)
                0x00000000000007c8                z_arm_fault
 .text.z_arm_fault_init
                0x00000000000008ec       0x18 zephyr/arch/arch/arm/core/cortex_m/libarch__arm__core__cortex_m.a(fault.c.obj)
                0x00000000000008ec                z_arm_fault_init
 .text.__fault  0x0000000000000904       0x14 zephyr/arch/arch/arm/core/cortex_m/libarch__arm__core__cortex_m.a(fault_s.S.obj)
                0x0000000000000904                z_arm_usage_fault
                0x0000000000000904                z_arm_mpu_fault
                0x0000000000000904                z_arm_exc_spurious
                0x0000000000000904                z_arm_debug_monitor
                0x0000000000000904                z_arm_hard_fault
                0x0000000000000904                z_arm_bus_fault
 .text._reset_section
                0x0000000000000918       0x34 zephyr/arch/arch/arm/core/cortex_m/libarch__arm__core__cortex_m.a(reset.S.obj)
                0x0000000000000918                __start
                0x0000000000000918                z_arm_reset
 .text.z_impl_k_thread_abort
                0x000000000000094c       0x2c zephyr/arch/arch/arm/core/cortex_m/libarch__arm__core__cortex_m.a(thread_abort.c.obj)
                0x000000000000094c                z_impl_k_thread_abort
 .text.z_arm_pendsv
                0x0000000000000978       0x54 zephyr/arch/arch/arm/core/cortex_m/libarch__arm__core__cortex_m.a(swap_helper.S.obj)
                0x0000000000000978                z_arm_pendsv
 .text.z_arm_svc
                0x00000000000009cc       0x24 zephyr/arch/arch/arm/core/cortex_m/libarch__arm__core__cortex_m.a(swap_helper.S.obj)
                0x00000000000009cc                z_arm_svc
 .text.relocate_vector_table
                0x00000000000009f0       0x20 zephyr/arch/arch/arm/core/cortex_m/libarch__arm__core__cortex_m.a(prep_c.c.obj)
                0x00000000000009f0                relocate_vector_table
 .text.arch_new_thread
                0x0000000000000a10       0x38 zephyr/arch/arch/arm/core/cortex_m/libarch__arm__core__cortex_m.a(thread.c.obj)
                0x0000000000000a10                arch_new_thread
 .text.arch_switch_to_main_thread
                0x0000000000000a48       0x38 zephyr/arch/arch/arm/core/cortex_m/libarch__arm__core__cortex_m.a(thread.c.obj)
                0x0000000000000a48                arch_switch_to_main_thread
 .text.z_arm_cpu_idle_init
                0x0000000000000a80        0xc zephyr/arch/arch/arm/core/cortex_m/libarch__arm__core__cortex_m.a(cpu_idle.c.obj)
                0x0000000000000a80                z_arm_cpu_idle_init
 .text.z_arm_interrupt_init
                0x0000000000000a8c       0x18 zephyr/arch/arch/arm/core/cortex_m/libarch__arm__core__cortex_m.a(irq_init.c.obj)
                0x0000000000000a8c                z_arm_interrupt_init
 .text._isr_wrapper
                0x0000000000000aa4       0x24 zephyr/arch/arch/arm/core/cortex_m/libarch__arm__core__cortex_m.a(isr_wrapper.c.obj)
                0x0000000000000aa4                _isr_wrapper
 .text.z_impl_zephyr_fputc
                0x0000000000000ac8       0x10 zephyr/lib/libc/picolibc/liblib__libc__picolibc.a(stdio.c.obj)
                0x0000000000000ac8                z_impl_zephyr_fputc
 .text.__stdout_hook_install
                0x0000000000000ad8       0x18 zephyr/lib/libc/picolibc/liblib__libc__picolibc.a(stdio.c.obj)
                0x0000000000000ad8                __stdout_hook_install
 .text.malloc_prepare
                0x0000000000000af0       0x24 zephyr/lib/libc/common/liblib__libc__common.a(malloc.c.obj)
 .text.uart_stellaris_init
                0x0000000000000b14       0x30 zephyr/soc/soc/ti_lm3s6965/libsoc__ti__lm3s6965.a(soc_config.c.obj)
 .text.uart_console_init
                0x0000000000000b44       0x28 zephyr/drivers/console/libdrivers__console.a(uart_console.c.obj)
 .text.console_out
                0x0000000000000b6c       0x28 zephyr/drivers/console/libdrivers__console.a(uart_console.c.obj)
 .text.elapsed  0x0000000000000b94       0x4c zephyr/drivers/timer/libdrivers__timer.a(cortex_m_systick.c.obj)
 .text.sys_clock_driver_init
                0x0000000000000be0       0x38 zephyr/drivers/timer/libdrivers__timer.a(cortex_m_systick.c.obj)
 .text.sys_clock_isr
                0x0000000000000c18       0x50 zephyr/drivers/timer/libdrivers__timer.a(cortex_m_systick.c.obj)
                0x0000000000000c18                sys_clock_isr
 .text.sys_clock_set_timeout
                0x0000000000000c68       0xe4 zephyr/drivers/timer/libdrivers__timer.a(cortex_m_systick.c.obj)
                0x0000000000000c68                sys_clock_set_timeout
 .text.sys_clock_elapsed
                0x0000000000000d4c       0x3c zephyr/drivers/timer/libdrivers__timer.a(cortex_m_systick.c.obj)
                0x0000000000000d4c                sys_clock_elapsed
 .text.z_fatal_error
                0x0000000000000d88       0x30 zephyr/kernel/libkernel.a(fatal.c.obj)
                0x0000000000000d88                z_fatal_error
 .text.z_sys_init_run_level
                0x0000000000000db8       0x30 zephyr/kernel/libkernel.a(init.c.obj)
 .text.bg_thread_main
                0x0000000000000de8       0xc0 zephyr/kernel/libkernel.a(init.c.obj)
 .text.z_bss_zero
                0x0000000000000ea8       0x18 zephyr/kernel/libkernel.a(init.c.obj)
                0x0000000000000ea8                z_bss_zero
 .text.z_init_cpu
                0x0000000000000ec0       0x68 zephyr/kernel/libkernel.a(init.c.obj)
                0x0000000000000ec0                z_init_cpu
 .text.z_cstart
                0x0000000000000f28       0xc8 zephyr/kernel/libkernel.a(init.c.obj)
                0x0000000000000f28                z_cstart
 .text.z_impl_k_msgq_put
                0x0000000000000ff0       0xb0 zephyr/kernel/libkernel.a(msg_q.c.obj)
                0x0000000000000ff0                z_impl_k_msgq_put
 .text.z_impl_k_msgq_get
                0x00000000000010a0       0xc4 zephyr/kernel/libkernel.a(msg_q.c.obj)
                0x00000000000010a0                z_impl_k_msgq_get
 .text.z_impl_k_sem_give
                0x0000000000001164       0x68 zephyr/kernel/libkernel.a(sem.c.obj)
                0x0000000000001164                z_impl_k_sem_give
 .text.z_impl_k_sem_take
                0x00000000000011cc       0x4c zephyr/kernel/libkernel.a(sem.c.obj)
                0x00000000000011cc                z_impl_k_sem_take
 .text.z_setup_new_thread
                0x0000000000001218       0x70 zephyr/kernel/libkernel.a(thread.c.obj)
                0x0000000000001218                z_setup_new_thread
 .text.z_dummy_thread_init
                0x0000000000001288       0x14 zephyr/kernel/libkernel.a(thread.c.obj)
                0x0000000000001288                z_dummy_thread_init
 .text.z_swap_irqlock
                0x000000000000129c       0x30 zephyr/kernel/libkernel.a(sched.c.obj)
 .text.ready_thread
                0x00000000000012cc       0x94 zephyr/kernel/libkernel.a(sched.c.obj)
 .text.unready_thread
                0x0000000000001360       0xa0 zephyr/kernel/libkernel.a(sched.c.obj)
 .text.add_thread_timeout
                0x0000000000001400       0x1c zephyr/kernel/libkernel.a(sched.c.obj)
 .text.move_thread_to_end_of_prio_q
                0x000000000000141c       0xe8 zephyr/kernel/libkernel.a(sched.c.obj)
                0x000000000000141c                move_thread_to_end_of_prio_q
 .text.z_pend_curr
                0x0000000000001504       0x44 zephyr/kernel/libkernel.a(sched.c.obj)
                0x0000000000001504                z_pend_curr
 .text.z_reschedule
                0x0000000000001548       0x24 zephyr/kernel/libkernel.a(sched.c.obj)
                0x0000000000001548                z_reschedule
 .text.z_reschedule_irqlock
                0x000000000000156c       0x28 zephyr/kernel/libkernel.a(sched.c.obj)
                0x000000000000156c                z_reschedule_irqlock
 .text.k_sched_lock
                0x0000000000001594       0x28 zephyr/kernel/libkernel.a(sched.c.obj)
                0x0000000000001594                k_sched_lock
 .text.k_sched_unlock
                0x00000000000015bc       0x74 zephyr/kernel/libkernel.a(sched.c.obj)
                0x00000000000015bc                k_sched_unlock
 .text.z_sched_init
                0x0000000000001630        0xc zephyr/kernel/libkernel.a(sched.c.obj)
                0x0000000000001630                z_sched_init
 .text.z_impl_k_yield
                0x000000000000163c       0x6c zephyr/kernel/libkernel.a(sched.c.obj)
                0x000000000000163c                z_impl_k_yield
 .text.z_tick_sleep
                0x00000000000016a8       0x78 zephyr/kernel/libkernel.a(sched.c.obj)
 .text.z_impl_k_wakeup
                0x0000000000001720       0x48 zephyr/kernel/libkernel.a(sched.c.obj)
                0x0000000000001720                z_impl_k_wakeup
 .text.z_impl_k_sched_current_thread_query
                0x0000000000001768        0xc zephyr/kernel/libkernel.a(sched.c.obj)
                0x0000000000001768                z_impl_k_sched_current_thread_query
 .text.z_thread_abort
                0x0000000000001774      0x188 zephyr/kernel/libkernel.a(sched.c.obj)
                0x0000000000001774                z_thread_abort
 .text.slice_timeout
                0x00000000000018fc       0x20 zephyr/kernel/libkernel.a(timeslicing.c.obj)
 .text.thread_is_sliceable
                0x000000000000191c       0x3c zephyr/kernel/libkernel.a(timeslicing.c.obj)
                0x000000000000191c                thread_is_sliceable
 .text.z_reset_time_slice
                0x0000000000001958       0x50 zephyr/kernel/libkernel.a(timeslicing.c.obj)
                0x0000000000001958                z_reset_time_slice
 .text.z_time_slice
                0x00000000000019a8       0x60 zephyr/kernel/libkernel.a(timeslicing.c.obj)
                0x00000000000019a8                z_time_slice
 .text.z_data_copy
                0x0000000000001a08       0x38 zephyr/kernel/libkernel.a(xip.c.obj)
                0x0000000000001a08                z_data_copy
 .text.first    0x0000000000001a40       0x10 zephyr/kernel/libkernel.a(timeout.c.obj)
 .text.elapsed  0x0000000000001a50       0x14 zephyr/kernel/libkernel.a(timeout.c.obj)
 .text.remove_timeout
                0x0000000000001a64       0x38 zephyr/kernel/libkernel.a(timeout.c.obj)
 .text.z_add_timeout
                0x0000000000001a9c      0x124 zephyr/kernel/libkernel.a(timeout.c.obj)
                0x0000000000001a9c                z_add_timeout
 .text.sys_clock_announce
                0x0000000000001bc0       0xbc zephyr/kernel/libkernel.a(timeout.c.obj)
                0x0000000000001bc0                sys_clock_announce
 .text.sys_clock_tick_get
                0x0000000000001c7c       0x30 zephyr/kernel/libkernel.a(timeout.c.obj)
                0x0000000000001c7c                sys_clock_tick_get
 .text.z_timer_expiration_handler
                0x0000000000001cac       0xe0 zephyr/kernel/libkernel.a(timer.c.obj)
                0x0000000000001cac                z_timer_expiration_handler
 .text.z_impl_k_timer_start
                0x0000000000001d8c       0x74 zephyr/kernel/libkernel.a(timer.c.obj)
                0x0000000000001d8c                z_impl_k_timer_start
 .text.boot_banner
                0x0000000000001e00        0xc zephyr/kernel/libkernel.a(banner.c.obj)
                0x0000000000001e00                boot_banner
 .text.statics_init
                0x0000000000001e0c       0x24 zephyr/kernel/libkernel.a(kheap.c.obj)
 .text.random   0x0000000000001e30       0x38 c:\users\55319\zephyr-sdk-0.17.1\arm-zephyr-eabi\bin\../lib/gcc/../../picolibc/arm-zephyr-eabi/lib/thumb/v7-m/nofp\libc.a(libc_stdlib_random.c.o)
                0x0000000000001e30                random
 .text.skip_to_arg
                0x0000000000001e68      0x134 c:\users\55319\zephyr-sdk-0.17.1\arm-zephyr-eabi\bin\../lib/gcc/../../picolibc/arm-zephyr-eabi/lib/thumb/v7-m/nofp\libc.a(libc_tinystdio_vfprintf.c.o)
 .text.vfprintf
                0x0000000000001f9c      0x9b8 c:\users\55319\zephyr-sdk-0.17.1\arm-zephyr-eabi\bin\../lib/gcc/../../picolibc/arm-zephyr-eabi/lib/thumb/v7-m/nofp\libc.a(libc_tinystdio_vfprintf.c.o)
                0x0000000000001f9c                __d_vfprintf
 .text.div10    0x0000000000002954       0x28 c:\users\55319\zephyr-sdk-0.17.1\arm-zephyr-eabi\bin\../lib/gcc/../../picolibc/arm-zephyr-eabi/lib/thumb/v7-m/nofp\libc.a(libc_tinystdio_dtoa_ryu.c.o)
 .text.__dtoa_engine
                0x000000000000297c      0x49c c:\users\55319\zephyr-sdk-0.17.1\arm-zephyr-eabi\bin\../lib/gcc/../../picolibc/arm-zephyr-eabi/lib/thumb/v7-m/nofp\libc.a(libc_tinystdio_dtoa_ryu.c.o)
                0x000000000000297c                __dtoa_engine
 .text.__log10Pow2
                0x0000000000002e18        0xc c:\users\55319\zephyr-sdk-0.17.1\arm-zephyr-eabi\bin\../lib/gcc/../../picolibc/arm-zephyr-eabi/lib/thumb/v7-m/nofp\libc.a(libc_tinystdio_ryu_log10.c.o)
                0x0000000000002e18                __log10Pow2
 .text.__log10Pow5
                0x0000000000002e24        0xc c:\users\55319\zephyr-sdk-0.17.1\arm-zephyr-eabi\bin\../lib/gcc/../../picolibc/arm-zephyr-eabi/lib/thumb/v7-m/nofp\libc.a(libc_tinystdio_ryu_log10.c.o)
                0x0000000000002e24                __log10Pow5
 .text.__pow5bits
                0x0000000000002e30       0x10 c:\users\55319\zephyr-sdk-0.17.1\arm-zephyr-eabi\bin\../lib/gcc/../../picolibc/arm-zephyr-eabi/lib/thumb/v7-m/nofp\libc.a(libc_tinystdio_ryu_pow5bits.c.o)
                0x0000000000002e30                __pow5bits
 .text.__pow5Factor
                0x0000000000002e40       0x30 c:\users\55319\zephyr-sdk-0.17.1\arm-zephyr-eabi\bin\../lib/gcc/../../picolibc/arm-zephyr-eabi/lib/thumb/v7-m/nofp\libc.a(libc_tinystdio_ryu_table.c.o)
                0x0000000000002e40                __pow5Factor
 .text.__double_computePow5
                0x0000000000002e70       0xe8 c:\users\55319\zephyr-sdk-0.17.1\arm-zephyr-eabi\bin\../lib/gcc/../../picolibc/arm-zephyr-eabi/lib/thumb/v7-m/nofp\libc.a(libc_tinystdio_ryu_table.c.o)
                0x0000000000002e70                __double_computePow5
 .text.__double_computeInvPow5
                0x0000000000002f58       0xf8 c:\users\55319\zephyr-sdk-0.17.1\arm-zephyr-eabi\bin\../lib/gcc/../../picolibc/arm-zephyr-eabi/lib/thumb/v7-m/nofp\libc.a(libc_tinystdio_ryu_table.c.o)
                0x0000000000002f58                __double_computeInvPow5
 .text._OffsetAbsSyms
                0x0000000000003050        0x2 zephyr/CMakeFiles/offsets.dir/./arch/arm/core/offsets/offsets.c.obj
                0x0000000000003050                _OffsetAbsSyms
 .text.chunk_size
                0x0000000000003052        0xa zephyr/libzephyr.a(heap.c.obj)
 .text.free_list_add
                0x000000000000305c       0x4e zephyr/libzephyr.a(heap.c.obj)
 .text.sys_heap_init
                0x00000000000030aa       0x7a zephyr/libzephyr.a(heap.c.obj)
                0x00000000000030aa                sys_heap_init
 .text.arch_printk_char_out
                0x0000000000003124        0x4 zephyr/libzephyr.a(printk.c.obj)
                0x0000000000003124                arch_printk_char_out
 .text.printk   0x0000000000003128       0x1a zephyr/libzephyr.a(printk.c.obj)
                0x0000000000003128                printk
 .text._ConfigAbsSyms
                0x0000000000003142        0x2 zephyr/libzephyr.a(configs.c.obj)
                0x0000000000003142                _ConfigAbsSyms
 .text.z_arm_fatal_error
                0x0000000000003144        0xc zephyr/arch/arch/arm/core/libarch__arm__core.a(fatal.c.obj)
                0x0000000000003144                z_arm_fatal_error
 .text.z_do_kernel_oops
                0x0000000000003150        0x8 zephyr/arch/arch/arm/core/libarch__arm__core.a(fatal.c.obj)
                0x0000000000003150                z_do_kernel_oops
 .text.z_arm_nmi
                0x0000000000003158        0xe zephyr/arch/arch/arm/core/libarch__arm__core.a(nmi.c.obj)
                0x0000000000003158                z_arm_nmi
 .text.z_irq_spurious
                0x0000000000003166        0x8 zephyr/arch/arch/arm/core/cortex_m/libarch__arm__core__cortex_m.a(irq_manage.c.obj)
                0x0000000000003166                z_irq_spurious
 .text.z_prep_c
                0x000000000000316e       0x16 zephyr/arch/arch/arm/core/cortex_m/libarch__arm__core__cortex_m.a(prep_c.c.obj)
                0x000000000000316e                z_prep_c
 .text.arch_irq_unlock_outlined
                0x0000000000003184        0xe zephyr/arch/arch/arm/core/cortex_m/libarch__arm__core__cortex_m.a(thread.c.obj)
                0x0000000000003184                arch_irq_unlock_outlined
 .text.arch_cpu_idle
                0x0000000000003192       0x1a zephyr/arch/arch/arm/core/cortex_m/libarch__arm__core__cortex_m.a(cpu_idle.c.obj)
                0x0000000000003192                arch_cpu_idle
 .text.picolibc_put
                0x00000000000031ac        0xa zephyr/lib/libc/picolibc/liblib__libc__picolibc.a(stdio.c.obj)
 .text.uart_stellaris_poll_in
                0x00000000000031b6       0x16 zephyr/drivers/serial/libdrivers__serial.a(uart_stellaris.c.obj)
 .text.uart_stellaris_poll_out
                0x00000000000031cc        0xe zephyr/drivers/serial/libdrivers__serial.a(uart_stellaris.c.obj)
 .text.uart_stellaris_init
                0x00000000000031da       0x60 zephyr/drivers/serial/libdrivers__serial.a(uart_stellaris.c.obj)
 .text.z_device_state_init
                0x000000000000323a        0x2 zephyr/kernel/libkernel.a(device.c.obj)
                0x000000000000323a                z_device_state_init
 .text.z_impl_device_is_ready
                0x000000000000323c       0x16 zephyr/kernel/libkernel.a(device.c.obj)
                0x000000000000323c                z_impl_device_is_ready
 .text.arch_system_halt
                0x0000000000003252       0x10 zephyr/kernel/libkernel.a(fatal.c.obj)
                0x0000000000003252                arch_system_halt
 .text.k_sys_fatal_error_handler
                0x0000000000003262        0x6 zephyr/kernel/libkernel.a(fatal.c.obj)
                0x0000000000003262                k_sys_fatal_error_handler
 .text.do_device_init
                0x0000000000003268       0x2e zephyr/kernel/libkernel.a(init.c.obj)
 .text.z_early_memset
                0x0000000000003296        0x4 zephyr/kernel/libkernel.a(init.c.obj)
                0x0000000000003296                z_early_memset
 .text.z_early_memcpy
                0x000000000000329a        0x4 zephyr/kernel/libkernel.a(init.c.obj)
                0x000000000000329a                z_early_memcpy
 .text.idle     0x000000000000329e       0x16 zephyr/kernel/libkernel.a(idle.c.obj)
                0x000000000000329e                idle
 .text.unpend_thread_no_timeout
                0x00000000000032b4       0x1a zephyr/kernel/libkernel.a(msg_q.c.obj)
 .text.add_to_waitq_locked
                0x00000000000032ce       0x50 zephyr/kernel/libkernel.a(sched.c.obj)
 .text.unpend_thread_no_timeout
                0x000000000000331e       0x1a zephyr/kernel/libkernel.a(sched.c.obj)
 .text.z_ready_thread
                0x0000000000003338       0x1e zephyr/kernel/libkernel.a(sched.c.obj)
                0x0000000000003338                z_ready_thread
 .text.z_unpend_thread_no_timeout
                0x0000000000003356       0x22 zephyr/kernel/libkernel.a(sched.c.obj)
                0x0000000000003356                z_unpend_thread_no_timeout
 .text.z_sched_wake_thread
                0x0000000000003378       0x3a zephyr/kernel/libkernel.a(sched.c.obj)
                0x0000000000003378                z_sched_wake_thread
 .text.z_thread_timeout
                0x00000000000033b2        0x8 zephyr/kernel/libkernel.a(sched.c.obj)
                0x00000000000033b2                z_thread_timeout
 .text.init_ready_q
                0x00000000000033ba       0x18 zephyr/kernel/libkernel.a(sched.c.obj)
                0x00000000000033ba                init_ready_q
 .text.z_impl_k_sleep
                0x00000000000033d2       0x3a zephyr/kernel/libkernel.a(sched.c.obj)
                0x00000000000033d2                z_impl_k_sleep
 .text.next_timeout
                0x000000000000340c       0x2e zephyr/kernel/libkernel.a(timeout.c.obj)
 .text.z_abort_timeout
                0x000000000000343a       0x50 zephyr/kernel/libkernel.a(timeout.c.obj)
                0x000000000000343a                z_abort_timeout
 .text.sys_clock_tick_get_32
                0x000000000000348a        0x8 zephyr/kernel/libkernel.a(timeout.c.obj)
                0x000000000000348a                sys_clock_tick_get_32
 .text.z_impl_k_uptime_ticks
                0x0000000000003492        0x4 zephyr/kernel/libkernel.a(timeout.c.obj)
                0x0000000000003492                z_impl_k_uptime_ticks
 .text.k_heap_init
                0x0000000000003496       0x10 zephyr/kernel/libkernel.a(kheap.c.obj)
                0x0000000000003496                k_heap_init
 .text.memcpy   0x00000000000034a6       0x1c c:\users\55319\zephyr-sdk-0.17.1\arm-zephyr-eabi\bin\../lib/gcc/../../picolibc/arm-zephyr-eabi/lib/thumb/v7-m/nofp\libc.a(memcpy.c.o)
                0x00000000000034a6                __aeabi_memcpy
                0x00000000000034a6                __aeabi_memcpy4
                0x00000000000034a6                __aeabi_memcpy8
                0x00000000000034a6                memcpy
 .text.memset   0x00000000000034c2       0x10 c:\users\55319\zephyr-sdk-0.17.1\arm-zephyr-eabi\bin\../lib/gcc/../../picolibc/arm-zephyr-eabi/lib/thumb/v7-m/nofp\libc.a(memset.c.o)
                0x00000000000034c2                memset
 .text.rand     0x00000000000034d2        0xc c:\users\55319\zephyr-sdk-0.17.1\arm-zephyr-eabi\bin\../lib/gcc/../../picolibc/arm-zephyr-eabi/lib/thumb/v7-m/nofp\libc.a(libc_stdlib_rand.c.o)
                0x00000000000034d2                rand
 .text.strnlen  0x00000000000034de       0x18 c:\users\55319\zephyr-sdk-0.17.1\arm-zephyr-eabi\bin\../lib/gcc/../../picolibc/arm-zephyr-eabi/lib/thumb/v7-m/nofp\libc.a(libc_string_strnlen.c.o)
                0x00000000000034de                strnlen
 .text.__ultoa_invert
                0x00000000000034f6       0x4e c:\users\55319\zephyr-sdk-0.17.1\arm-zephyr-eabi\bin\../lib/gcc/../../picolibc/arm-zephyr-eabi/lib/thumb/v7-m/nofp\libc.a(libc_tinystdio_vfprintf.c.o)
 .text.mulShiftAll64
                0x0000000000003544      0x17a c:\users\55319\zephyr-sdk-0.17.1\arm-zephyr-eabi\bin\../lib/gcc/../../picolibc/arm-zephyr-eabi/lib/thumb/v7-m/nofp\libc.a(libc_tinystdio_dtoa_ryu.c.o)
 .text.__umul128
                0x00000000000036be       0x36 c:\users\55319\zephyr-sdk-0.17.1\arm-zephyr-eabi\bin\../lib/gcc/../../picolibc/arm-zephyr-eabi/lib/thumb/v7-m/nofp\libc.a(libc_tinystdio_ryu_umul128.c.o)
                0x00000000000036be                __umul128
 .text.__shiftright128
                0x00000000000036f4       0x3e c:\users\55319\zephyr-sdk-0.17.1\arm-zephyr-eabi\bin\../lib/gcc/../../picolibc/arm-zephyr-eabi/lib/thumb/v7-m/nofp\libc.a(libc_tinystdio_ryu_umul128.c.o)
                0x00000000000036f4                __shiftright128
 .text.__dtox_engine
                0x0000000000003732      0x128 c:\users\55319\zephyr-sdk-0.17.1\arm-zephyr-eabi\bin\../lib/gcc/../../picolibc/arm-zephyr-eabi/lib/thumb/v7-m/nofp\libc.a(libc_tinystdio_dtox_engine.c.o)
                0x0000000000003732                __dtox_engine
 *(SORT_BY_ALIGNMENT(.TEXT.*))
 *fill*         0x000000000000385a        0x2 
 .TEXT.__aeabi_read_tp
                0x000000000000385c        0xc zephyr/arch/arch/arm/core/cortex_m/libarch__arm__core__cortex_m.a(__aeabi_read_tp.S.obj)
                0x000000000000385c                __aeabi_read_tp
 *(SORT_BY_ALIGNMENT(.gnu.linkonce.t.*))
 *(SORT_BY_ALIGNMENT(.glue_7t))
 .glue_7t       0x0000000000003868        0x0 linker stubs
 *(SORT_BY_ALIGNMENT(.glue_7))
 .glue_7        0x0000000000003868        0x0 linker stubs
 *(SORT_BY_ALIGNMENT(.vfp11_veneer))
 .vfp11_veneer  0x0000000000003868        0x0 linker stubs
 *(SORT_BY_ALIGNMENT(.v4_bx))
 .v4_bx         0x0000000000003868        0x0 linker stubs
                0x0000000000003868                . = ALIGN (0x4)
                0x0000000000003868                __text_region_end = .

.ARM.exidx      0x0000000000003868        0x8
                0x0000000000003868                __exidx_start = .
 *(SORT_BY_ALIGNMENT(.ARM.exidx*) SORT_BY_ALIGNMENT(gnu.linkonce.armexidx.*))
 .ARM.exidx     0x0000000000003868        0x8 c:/users/55319/zephyr-sdk-0.17.1/arm-zephyr-eabi/bin/../lib/gcc/arm-zephyr-eabi/12.2.0/thumb/v7-m/nofp\libgcc.a(_udivmoddi4.o)
                0x0000000000003870                __exidx_end = .
                0x0000000000003870                __rodata_region_start = .

initlevel       0x0000000000003870       0x40
                0x0000000000003870                __init_start = .
                0x0000000000003870                __init_EARLY_start = .
 *(SORT_BY_NAME(SORT_BY_ALIGNMENT(.z_init_EARLY_P_?_*)))
 *(SORT_BY_NAME(SORT_BY_ALIGNMENT(.z_init_EARLY_P_??_*)))
 *(SORT_BY_NAME(SORT_BY_ALIGNMENT(.z_init_EARLY_P_???_*)))
                0x0000000000003870                __init_PRE_KERNEL_1_start = .
 *(SORT_BY_NAME(SORT_BY_ALIGNMENT(.z_init_PRE_KERNEL_1_P_?_*)))
 *(SORT_BY_NAME(SORT_BY_ALIGNMENT(.z_init_PRE_KERNEL_1_P_??_*)))
 .z_init_PRE_KERNEL_1_P_30_SUB_0_
                0x0000000000003870        0x8 zephyr/kernel/libkernel.a(kheap.c.obj)
 .z_init_PRE_KERNEL_1_P_50_SUB_00018_
                0x0000000000003878        0x8 zephyr/drivers/serial/libdrivers__serial.a(uart_stellaris.c.obj)
 .z_init_PRE_KERNEL_1_P_50_SUB_00019_
                0x0000000000003880        0x8 zephyr/drivers/serial/libdrivers__serial.a(uart_stellaris.c.obj)
 .z_init_PRE_KERNEL_1_P_50_SUB_00022_
                0x0000000000003888        0x8 zephyr/drivers/serial/libdrivers__serial.a(uart_stellaris.c.obj)
 .z_init_PRE_KERNEL_1_P_50_SUB_0_
                0x0000000000003890        0x8 zephyr/soc/soc/ti_lm3s6965/libsoc__ti__lm3s6965.a(soc_config.c.obj)
 .z_init_PRE_KERNEL_1_P_60_SUB_0_
                0x0000000000003898        0x8 zephyr/drivers/console/libdrivers__console.a(uart_console.c.obj)
 *(SORT_BY_NAME(SORT_BY_ALIGNMENT(.z_init_PRE_KERNEL_1_P_???_*)))
                0x00000000000038a0                __init_PRE_KERNEL_2_start = .
 *(SORT_BY_NAME(SORT_BY_ALIGNMENT(.z_init_PRE_KERNEL_2_P_?_*)))
 .z_init_PRE_KERNEL_2_P_0_SUB_0_
                0x00000000000038a0        0x8 zephyr/drivers/timer/libdrivers__timer.a(cortex_m_systick.c.obj)
 *(SORT_BY_NAME(SORT_BY_ALIGNMENT(.z_init_PRE_KERNEL_2_P_??_*)))
 *(SORT_BY_NAME(SORT_BY_ALIGNMENT(.z_init_PRE_KERNEL_2_P_???_*)))
                0x00000000000038a8                __init_POST_KERNEL_start = .
 *(SORT_BY_NAME(SORT_BY_ALIGNMENT(.z_init_POST_KERNEL_P_?_*)))
 *(SORT_BY_NAME(SORT_BY_ALIGNMENT(.z_init_POST_KERNEL_P_??_*)))
 .z_init_POST_KERNEL_P_35_SUB_0_
                0x00000000000038a8        0x8 zephyr/lib/libc/common/liblib__libc__common.a(malloc.c.obj)
 *(SORT_BY_NAME(SORT_BY_ALIGNMENT(.z_init_POST_KERNEL_P_???_*)))
                0x00000000000038b0                __init_APPLICATION_start = .
 *(SORT_BY_NAME(SORT_BY_ALIGNMENT(.z_init_APPLICATION_P_?_*)))
 *(SORT_BY_NAME(SORT_BY_ALIGNMENT(.z_init_APPLICATION_P_??_*)))
 *(SORT_BY_NAME(SORT_BY_ALIGNMENT(.z_init_APPLICATION_P_???_*)))
                0x00000000000038b0                __init_SMP_start = .
 *(SORT_BY_NAME(SORT_BY_ALIGNMENT(.z_init_SMP_P_?_*)))
 *(SORT_BY_NAME(SORT_BY_ALIGNMENT(.z_init_SMP_P_??_*)))
 *(SORT_BY_NAME(SORT_BY_ALIGNMENT(.z_init_SMP_P_???_*)))
                0x00000000000038b0                __init_end = .

device_area     0x00000000000038b0       0x60
                0x00000000000038b0                _device_list_start = .
 *(SORT_BY_NAME(SORT_BY_ALIGNMENT(._device.static.*_?_*)))
 *(SORT_BY_NAME(SORT_BY_ALIGNMENT(._device.static.*_??_*)))
 ._device.static.1_50_
                0x00000000000038b0       0x60 zephyr/drivers/serial/libdrivers__serial.a(uart_stellaris.c.obj)
                0x00000000000038b0                __device_dts_ord_22
                0x00000000000038d0                __device_dts_ord_19
                0x00000000000038f0                __device_dts_ord_18
 *(SORT_BY_NAME(SORT_BY_ALIGNMENT(._device.static.*_???_*)))
 *(SORT_BY_NAME(SORT_BY_ALIGNMENT(._device.static.*_????_*)))
 *(SORT_BY_NAME(SORT_BY_ALIGNMENT(._device.static.*_?????_*)))
                0x0000000000003910                _device_list_end = .

sw_isr_table    0x0000000000003910      0x158
                0x0000000000003910                . = ALIGN (0x4)
 *(SORT_BY_ALIGNMENT(.gnu.linkonce.sw_isr_table*))
 .gnu.linkonce.sw_isr_table
                0x0000000000003910      0x158 zephyr/arch/common/libisr_tables.a(isr_tables.c.obj)
                0x0000000000003910                _sw_isr_table

initlevel_error
                0x0000000000003870        0x0
 *(SORT_BY_NAME(SORT_BY_ALIGNMENT(.z_init_*)))
                0x0000000000000001                ASSERT ((SIZEOF (initlevel_error) == 0x0), Undefined initialization levels used.)

app_shmem_regions
                0x0000000000003a68        0x0
                0x0000000000003a68                __app_shmem_regions_start = .
 *(SORT_BY_NAME(SORT_BY_ALIGNMENT(.app_regions.*)))
                0x0000000000003a68                __app_shmem_regions_end = .

k_p4wq_initparam_area
                0x0000000000003a68        0x0
                0x0000000000003a68                _k_p4wq_initparam_list_start = .
 *(SORT_BY_NAME(SORT_BY_ALIGNMENT(._k_p4wq_initparam.static.*)))
                0x0000000000003a68                _k_p4wq_initparam_list_end = .

_static_thread_data_area
                0x0000000000003a68       0x90
                0x0000000000003a68                __static_thread_data_list_start = .
 *(SORT_BY_NAME(SORT_BY_ALIGNMENT(.__static_thread_data.static.*)))
 .__static_thread_data.static._k_thread_data_launch_system_id_
                0x0000000000003a68       0x30 app/libapp.a(main.c.obj)
                0x0000000000003a68                _k_thread_data_launch_system_id
 .__static_thread_data.static._k_thread_data_missile_id_
                0x0000000000003a98       0x30 app/libapp.a(main.c.obj)
                0x0000000000003a98                _k_thread_data_missile_id
 .__static_thread_data.static._k_thread_data_timeout_monitor_id_
                0x0000000000003ac8       0x30 app/libapp.a(main.c.obj)
                0x0000000000003ac8                _k_thread_data_timeout_monitor_id
                0x0000000000003af8                __static_thread_data_list_end = .

device_deps     0x0000000000003af8        0x0
                0x0000000000003af8                __device_deps_start = .
 *(SORT_BY_NAME(SORT_BY_ALIGNMENT(.__device_deps_pass2*)))
                0x0000000000003af8                __device_deps_end = .

shared_irq_driver_api_area
                0x0000000000003af8        0x0
                0x0000000000003af8                _shared_irq_driver_api_list_start = .
 *(SORT_BY_NAME(SORT_BY_ALIGNMENT(._shared_irq_driver_api.static.*)))
                0x0000000000003af8                _shared_irq_driver_api_list_end = .

crypto_driver_api_area
                0x0000000000003af8        0x0
                0x0000000000003af8                _crypto_driver_api_list_start = .
 *(SORT_BY_NAME(SORT_BY_ALIGNMENT(._crypto_driver_api.static.*)))
                0x0000000000003af8                _crypto_driver_api_list_end = .

adc_driver_api_area
                0x0000000000003af8        0x0
                0x0000000000003af8                _adc_driver_api_list_start = .
 *(SORT_BY_NAME(SORT_BY_ALIGNMENT(._adc_driver_api.static.*)))
                0x0000000000003af8                _adc_driver_api_list_end = .

auxdisplay_driver_api_area
                0x0000000000003af8        0x0
                0x0000000000003af8                _auxdisplay_driver_api_list_start = .
 *(SORT_BY_NAME(SORT_BY_ALIGNMENT(._auxdisplay_driver_api.static.*)))
                0x0000000000003af8                _auxdisplay_driver_api_list_end = .

bbram_driver_api_area
                0x0000000000003af8        0x0
                0x0000000000003af8                _bbram_driver_api_list_start = .
 *(SORT_BY_NAME(SORT_BY_ALIGNMENT(._bbram_driver_api.static.*)))
                0x0000000000003af8                _bbram_driver_api_list_end = .

bt_hci_driver_api_area
                0x0000000000003af8        0x0
                0x0000000000003af8                _bt_hci_driver_api_list_start = .
 *(SORT_BY_NAME(SORT_BY_ALIGNMENT(._bt_hci_driver_api.static.*)))
                0x0000000000003af8                _bt_hci_driver_api_list_end = .

can_driver_api_area
                0x0000000000003af8        0x0
                0x0000000000003af8                _can_driver_api_list_start = .
 *(SORT_BY_NAME(SORT_BY_ALIGNMENT(._can_driver_api.static.*)))
                0x0000000000003af8                _can_driver_api_list_end = .

cellular_driver_api_area
                0x0000000000003af8        0x0
                0x0000000000003af8                _cellular_driver_api_list_start = .
 *(SORT_BY_NAME(SORT_BY_ALIGNMENT(._cellular_driver_api.static.*)))
                0x0000000000003af8                _cellular_driver_api_list_end = .

charger_driver_api_area
                0x0000000000003af8        0x0
                0x0000000000003af8                _charger_driver_api_list_start = .
 *(SORT_BY_NAME(SORT_BY_ALIGNMENT(._charger_driver_api.static.*)))
                0x0000000000003af8                _charger_driver_api_list_end = .

clock_control_driver_api_area
                0x0000000000003af8        0x0
                0x0000000000003af8                _clock_control_driver_api_list_start = .
 *(SORT_BY_NAME(SORT_BY_ALIGNMENT(._clock_control_driver_api.static.*)))
                0x0000000000003af8                _clock_control_driver_api_list_end = .

comparator_driver_api_area
                0x0000000000003af8        0x0
                0x0000000000003af8                _comparator_driver_api_list_start = .
 *(SORT_BY_NAME(SORT_BY_ALIGNMENT(._comparator_driver_api.static.*)))
                0x0000000000003af8                _comparator_driver_api_list_end = .

coredump_driver_api_area
                0x0000000000003af8        0x0
                0x0000000000003af8                _coredump_driver_api_list_start = .
 *(SORT_BY_NAME(SORT_BY_ALIGNMENT(._coredump_driver_api.static.*)))
                0x0000000000003af8                _coredump_driver_api_list_end = .

counter_driver_api_area
                0x0000000000003af8        0x0
                0x0000000000003af8                _counter_driver_api_list_start = .
 *(SORT_BY_NAME(SORT_BY_ALIGNMENT(._counter_driver_api.static.*)))
                0x0000000000003af8                _counter_driver_api_list_end = .

dac_driver_api_area
                0x0000000000003af8        0x0
                0x0000000000003af8                _dac_driver_api_list_start = .
 *(SORT_BY_NAME(SORT_BY_ALIGNMENT(._dac_driver_api.static.*)))
                0x0000000000003af8                _dac_driver_api_list_end = .

dai_driver_api_area
                0x0000000000003af8        0x0
                0x0000000000003af8                _dai_driver_api_list_start = .
 *(SORT_BY_NAME(SORT_BY_ALIGNMENT(._dai_driver_api.static.*)))
                0x0000000000003af8                _dai_driver_api_list_end = .

display_driver_api_area
                0x0000000000003af8        0x0
                0x0000000000003af8                _display_driver_api_list_start = .
 *(SORT_BY_NAME(SORT_BY_ALIGNMENT(._display_driver_api.static.*)))
                0x0000000000003af8                _display_driver_api_list_end = .

dma_driver_api_area
                0x0000000000003af8        0x0
                0x0000000000003af8                _dma_driver_api_list_start = .
 *(SORT_BY_NAME(SORT_BY_ALIGNMENT(._dma_driver_api.static.*)))
                0x0000000000003af8                _dma_driver_api_list_end = .

edac_driver_api_area
                0x0000000000003af8        0x0
                0x0000000000003af8                _edac_driver_api_list_start = .
 *(SORT_BY_NAME(SORT_BY_ALIGNMENT(._edac_driver_api.static.*)))
                0x0000000000003af8                _edac_driver_api_list_end = .

eeprom_driver_api_area
                0x0000000000003af8        0x0
                0x0000000000003af8                _eeprom_driver_api_list_start = .
 *(SORT_BY_NAME(SORT_BY_ALIGNMENT(._eeprom_driver_api.static.*)))
                0x0000000000003af8                _eeprom_driver_api_list_end = .

emul_bbram_driver_api_area
                0x0000000000003af8        0x0
                0x0000000000003af8                _emul_bbram_driver_api_list_start = .
 *(SORT_BY_NAME(SORT_BY_ALIGNMENT(._emul_bbram_driver_api.static.*)))
                0x0000000000003af8                _emul_bbram_driver_api_list_end = .

fuel_gauge_emul_driver_api_area
                0x0000000000003af8        0x0
                0x0000000000003af8                _fuel_gauge_emul_driver_api_list_start = .
 *(SORT_BY_NAME(SORT_BY_ALIGNMENT(._fuel_gauge_emul_driver_api.static.*)))
                0x0000000000003af8                _fuel_gauge_emul_driver_api_list_end = .

emul_sensor_driver_api_area
                0x0000000000003af8        0x0
                0x0000000000003af8                _emul_sensor_driver_api_list_start = .
 *(SORT_BY_NAME(SORT_BY_ALIGNMENT(._emul_sensor_driver_api.static.*)))
                0x0000000000003af8                _emul_sensor_driver_api_list_end = .

entropy_driver_api_area
                0x0000000000003af8        0x0
                0x0000000000003af8                _entropy_driver_api_list_start = .
 *(SORT_BY_NAME(SORT_BY_ALIGNMENT(._entropy_driver_api.static.*)))
                0x0000000000003af8                _entropy_driver_api_list_end = .

espi_driver_api_area
                0x0000000000003af8        0x0
                0x0000000000003af8                _espi_driver_api_list_start = .
 *(SORT_BY_NAME(SORT_BY_ALIGNMENT(._espi_driver_api.static.*)))
                0x0000000000003af8                _espi_driver_api_list_end = .

espi_saf_driver_api_area
                0x0000000000003af8        0x0
                0x0000000000003af8                _espi_saf_driver_api_list_start = .
 *(SORT_BY_NAME(SORT_BY_ALIGNMENT(._espi_saf_driver_api.static.*)))
                0x0000000000003af8                _espi_saf_driver_api_list_end = .

flash_driver_api_area
                0x0000000000003af8        0x0
                0x0000000000003af8                _flash_driver_api_list_start = .
 *(SORT_BY_NAME(SORT_BY_ALIGNMENT(._flash_driver_api.static.*)))
                0x0000000000003af8                _flash_driver_api_list_end = .

fpga_driver_api_area
                0x0000000000003af8        0x0
                0x0000000000003af8                _fpga_driver_api_list_start = .
 *(SORT_BY_NAME(SORT_BY_ALIGNMENT(._fpga_driver_api.static.*)))
                0x0000000000003af8                _fpga_driver_api_list_end = .

fuel_gauge_driver_api_area
                0x0000000000003af8        0x0
                0x0000000000003af8                _fuel_gauge_driver_api_list_start = .
 *(SORT_BY_NAME(SORT_BY_ALIGNMENT(._fuel_gauge_driver_api.static.*)))
                0x0000000000003af8                _fuel_gauge_driver_api_list_end = .

gnss_driver_api_area
                0x0000000000003af8        0x0
                0x0000000000003af8                _gnss_driver_api_list_start = .
 *(SORT_BY_NAME(SORT_BY_ALIGNMENT(._gnss_driver_api.static.*)))
                0x0000000000003af8                _gnss_driver_api_list_end = .

gpio_driver_api_area
                0x0000000000003af8        0x0
                0x0000000000003af8                _gpio_driver_api_list_start = .
 *(SORT_BY_NAME(SORT_BY_ALIGNMENT(._gpio_driver_api.static.*)))
                0x0000000000003af8                _gpio_driver_api_list_end = .

haptics_driver_api_area
                0x0000000000003af8        0x0
                0x0000000000003af8                _haptics_driver_api_list_start = .
 *(SORT_BY_NAME(SORT_BY_ALIGNMENT(._haptics_driver_api.static.*)))
                0x0000000000003af8                _haptics_driver_api_list_end = .

hwspinlock_driver_api_area
                0x0000000000003af8        0x0
                0x0000000000003af8                _hwspinlock_driver_api_list_start = .
 *(SORT_BY_NAME(SORT_BY_ALIGNMENT(._hwspinlock_driver_api.static.*)))
                0x0000000000003af8                _hwspinlock_driver_api_list_end = .

i2c_driver_api_area
                0x0000000000003af8        0x0
                0x0000000000003af8                _i2c_driver_api_list_start = .
 *(SORT_BY_NAME(SORT_BY_ALIGNMENT(._i2c_driver_api.static.*)))
                0x0000000000003af8                _i2c_driver_api_list_end = .

i2c_target_driver_api_area
                0x0000000000003af8        0x0
                0x0000000000003af8                _i2c_target_driver_api_list_start = .
 *(SORT_BY_NAME(SORT_BY_ALIGNMENT(._i2c_target_driver_api.static.*)))
                0x0000000000003af8                _i2c_target_driver_api_list_end = .

i2s_driver_api_area
                0x0000000000003af8        0x0
                0x0000000000003af8                _i2s_driver_api_list_start = .
 *(SORT_BY_NAME(SORT_BY_ALIGNMENT(._i2s_driver_api.static.*)))
                0x0000000000003af8                _i2s_driver_api_list_end = .

i3c_driver_api_area
                0x0000000000003af8        0x0
                0x0000000000003af8                _i3c_driver_api_list_start = .
 *(SORT_BY_NAME(SORT_BY_ALIGNMENT(._i3c_driver_api.static.*)))
                0x0000000000003af8                _i3c_driver_api_list_end = .

ipm_driver_api_area
                0x0000000000003af8        0x0
                0x0000000000003af8                _ipm_driver_api_list_start = .
 *(SORT_BY_NAME(SORT_BY_ALIGNMENT(._ipm_driver_api.static.*)))
                0x0000000000003af8                _ipm_driver_api_list_end = .

led_driver_api_area
                0x0000000000003af8        0x0
                0x0000000000003af8                _led_driver_api_list_start = .
 *(SORT_BY_NAME(SORT_BY_ALIGNMENT(._led_driver_api.static.*)))
                0x0000000000003af8                _led_driver_api_list_end = .

led_strip_driver_api_area
                0x0000000000003af8        0x0
                0x0000000000003af8                _led_strip_driver_api_list_start = .
 *(SORT_BY_NAME(SORT_BY_ALIGNMENT(._led_strip_driver_api.static.*)))
                0x0000000000003af8                _led_strip_driver_api_list_end = .

lora_driver_api_area
                0x0000000000003af8        0x0
                0x0000000000003af8                _lora_driver_api_list_start = .
 *(SORT_BY_NAME(SORT_BY_ALIGNMENT(._lora_driver_api.static.*)))
                0x0000000000003af8                _lora_driver_api_list_end = .

mbox_driver_api_area
                0x0000000000003af8        0x0
                0x0000000000003af8                _mbox_driver_api_list_start = .
 *(SORT_BY_NAME(SORT_BY_ALIGNMENT(._mbox_driver_api.static.*)))
                0x0000000000003af8                _mbox_driver_api_list_end = .

mdio_driver_api_area
                0x0000000000003af8        0x0
                0x0000000000003af8                _mdio_driver_api_list_start = .
 *(SORT_BY_NAME(SORT_BY_ALIGNMENT(._mdio_driver_api.static.*)))
                0x0000000000003af8                _mdio_driver_api_list_end = .

mipi_dbi_driver_api_area
                0x0000000000003af8        0x0
                0x0000000000003af8                _mipi_dbi_driver_api_list_start = .
 *(SORT_BY_NAME(SORT_BY_ALIGNMENT(._mipi_dbi_driver_api.static.*)))
                0x0000000000003af8                _mipi_dbi_driver_api_list_end = .

mipi_dsi_driver_api_area
                0x0000000000003af8        0x0
                0x0000000000003af8                _mipi_dsi_driver_api_list_start = .
 *(SORT_BY_NAME(SORT_BY_ALIGNMENT(._mipi_dsi_driver_api.static.*)))
                0x0000000000003af8                _mipi_dsi_driver_api_list_end = .

mspi_driver_api_area
                0x0000000000003af8        0x0
                0x0000000000003af8                _mspi_driver_api_list_start = .
 *(SORT_BY_NAME(SORT_BY_ALIGNMENT(._mspi_driver_api.static.*)))
                0x0000000000003af8                _mspi_driver_api_list_end = .

peci_driver_api_area
                0x0000000000003af8        0x0
                0x0000000000003af8                _peci_driver_api_list_start = .
 *(SORT_BY_NAME(SORT_BY_ALIGNMENT(._peci_driver_api.static.*)))
                0x0000000000003af8                _peci_driver_api_list_end = .

ps2_driver_api_area
                0x0000000000003af8        0x0
                0x0000000000003af8                _ps2_driver_api_list_start = .
 *(SORT_BY_NAME(SORT_BY_ALIGNMENT(._ps2_driver_api.static.*)))
                0x0000000000003af8                _ps2_driver_api_list_end = .

ptp_clock_driver_api_area
                0x0000000000003af8        0x0
                0x0000000000003af8                _ptp_clock_driver_api_list_start = .
 *(SORT_BY_NAME(SORT_BY_ALIGNMENT(._ptp_clock_driver_api.static.*)))
                0x0000000000003af8                _ptp_clock_driver_api_list_end = .

pwm_driver_api_area
                0x0000000000003af8        0x0
                0x0000000000003af8                _pwm_driver_api_list_start = .
 *(SORT_BY_NAME(SORT_BY_ALIGNMENT(._pwm_driver_api.static.*)))
                0x0000000000003af8                _pwm_driver_api_list_end = .

regulator_parent_driver_api_area
                0x0000000000003af8        0x0
                0x0000000000003af8                _regulator_parent_driver_api_list_start = .
 *(SORT_BY_NAME(SORT_BY_ALIGNMENT(._regulator_parent_driver_api.static.*)))
                0x0000000000003af8                _regulator_parent_driver_api_list_end = .

regulator_driver_api_area
                0x0000000000003af8        0x0
                0x0000000000003af8                _regulator_driver_api_list_start = .
 *(SORT_BY_NAME(SORT_BY_ALIGNMENT(._regulator_driver_api.static.*)))
                0x0000000000003af8                _regulator_driver_api_list_end = .

reset_driver_api_area
                0x0000000000003af8        0x0
                0x0000000000003af8                _reset_driver_api_list_start = .
 *(SORT_BY_NAME(SORT_BY_ALIGNMENT(._reset_driver_api.static.*)))
                0x0000000000003af8                _reset_driver_api_list_end = .

retained_mem_driver_api_area
                0x0000000000003af8        0x0
                0x0000000000003af8                _retained_mem_driver_api_list_start = .
 *(SORT_BY_NAME(SORT_BY_ALIGNMENT(._retained_mem_driver_api.static.*)))
                0x0000000000003af8                _retained_mem_driver_api_list_end = .

rtc_driver_api_area
                0x0000000000003af8        0x0
                0x0000000000003af8                _rtc_driver_api_list_start = .
 *(SORT_BY_NAME(SORT_BY_ALIGNMENT(._rtc_driver_api.static.*)))
                0x0000000000003af8                _rtc_driver_api_list_end = .

sdhc_driver_api_area
                0x0000000000003af8        0x0
                0x0000000000003af8                _sdhc_driver_api_list_start = .
 *(SORT_BY_NAME(SORT_BY_ALIGNMENT(._sdhc_driver_api.static.*)))
                0x0000000000003af8                _sdhc_driver_api_list_end = .

sensor_driver_api_area
                0x0000000000003af8        0x0
                0x0000000000003af8                _sensor_driver_api_list_start = .
 *(SORT_BY_NAME(SORT_BY_ALIGNMENT(._sensor_driver_api.static.*)))
                0x0000000000003af8                _sensor_driver_api_list_end = .

smbus_driver_api_area
                0x0000000000003af8        0x0
                0x0000000000003af8                _smbus_driver_api_list_start = .
 *(SORT_BY_NAME(SORT_BY_ALIGNMENT(._smbus_driver_api.static.*)))
                0x0000000000003af8                _smbus_driver_api_list_end = .

spi_driver_api_area
                0x0000000000003af8        0x0
                0x0000000000003af8                _spi_driver_api_list_start = .
 *(SORT_BY_NAME(SORT_BY_ALIGNMENT(._spi_driver_api.static.*)))
                0x0000000000003af8                _spi_driver_api_list_end = .

stepper_driver_api_area
                0x0000000000003af8        0x0
                0x0000000000003af8                _stepper_driver_api_list_start = .
 *(SORT_BY_NAME(SORT_BY_ALIGNMENT(._stepper_driver_api.static.*)))
                0x0000000000003af8                _stepper_driver_api_list_end = .

syscon_driver_api_area
                0x0000000000003af8        0x0
                0x0000000000003af8                _syscon_driver_api_list_start = .
 *(SORT_BY_NAME(SORT_BY_ALIGNMENT(._syscon_driver_api.static.*)))
                0x0000000000003af8                _syscon_driver_api_list_end = .

tee_driver_api_area
                0x0000000000003af8        0x0
                0x0000000000003af8                _tee_driver_api_list_start = .
 *(SORT_BY_NAME(SORT_BY_ALIGNMENT(._tee_driver_api.static.*)))
                0x0000000000003af8                _tee_driver_api_list_end = .

video_driver_api_area
                0x0000000000003af8        0x0
                0x0000000000003af8                _video_driver_api_list_start = .
 *(SORT_BY_NAME(SORT_BY_ALIGNMENT(._video_driver_api.static.*)))
                0x0000000000003af8                _video_driver_api_list_end = .

w1_driver_api_area
                0x0000000000003af8        0x0
                0x0000000000003af8                _w1_driver_api_list_start = .
 *(SORT_BY_NAME(SORT_BY_ALIGNMENT(._w1_driver_api.static.*)))
                0x0000000000003af8                _w1_driver_api_list_end = .

wdt_driver_api_area
                0x0000000000003af8        0x0
                0x0000000000003af8                _wdt_driver_api_list_start = .
 *(SORT_BY_NAME(SORT_BY_ALIGNMENT(._wdt_driver_api.static.*)))
                0x0000000000003af8                _wdt_driver_api_list_end = .

can_transceiver_driver_api_area
                0x0000000000003af8        0x0
                0x0000000000003af8                _can_transceiver_driver_api_list_start = .
 *(SORT_BY_NAME(SORT_BY_ALIGNMENT(._can_transceiver_driver_api.static.*)))
                0x0000000000003af8                _can_transceiver_driver_api_list_end = .

nrf_clock_control_driver_api_area
                0x0000000000003af8        0x0
                0x0000000000003af8                _nrf_clock_control_driver_api_list_start = .
 *(SORT_BY_NAME(SORT_BY_ALIGNMENT(._nrf_clock_control_driver_api.static.*)))
                0x0000000000003af8                _nrf_clock_control_driver_api_list_end = .

i3c_target_driver_api_area
                0x0000000000003af8        0x0
                0x0000000000003af8                _i3c_target_driver_api_list_start = .
 *(SORT_BY_NAME(SORT_BY_ALIGNMENT(._i3c_target_driver_api.static.*)))
                0x0000000000003af8                _i3c_target_driver_api_list_end = .

its_driver_api_area
                0x0000000000003af8        0x0
                0x0000000000003af8                _its_driver_api_list_start = .
 *(SORT_BY_NAME(SORT_BY_ALIGNMENT(._its_driver_api.static.*)))
                0x0000000000003af8                _its_driver_api_list_end = .

vtd_driver_api_area
                0x0000000000003af8        0x0
                0x0000000000003af8                _vtd_driver_api_list_start = .
 *(SORT_BY_NAME(SORT_BY_ALIGNMENT(._vtd_driver_api.static.*)))
                0x0000000000003af8                _vtd_driver_api_list_end = .

tgpio_driver_api_area
                0x0000000000003af8        0x0
                0x0000000000003af8                _tgpio_driver_api_list_start = .
 *(SORT_BY_NAME(SORT_BY_ALIGNMENT(._tgpio_driver_api.static.*)))
                0x0000000000003af8                _tgpio_driver_api_list_end = .

pcie_ctrl_driver_api_area
                0x0000000000003af8        0x0
                0x0000000000003af8                _pcie_ctrl_driver_api_list_start = .
 *(SORT_BY_NAME(SORT_BY_ALIGNMENT(._pcie_ctrl_driver_api.static.*)))
                0x0000000000003af8                _pcie_ctrl_driver_api_list_end = .

pcie_ep_driver_api_area
                0x0000000000003af8        0x0
                0x0000000000003af8                _pcie_ep_driver_api_list_start = .
 *(SORT_BY_NAME(SORT_BY_ALIGNMENT(._pcie_ep_driver_api.static.*)))
                0x0000000000003af8                _pcie_ep_driver_api_list_end = .

svc_driver_api_area
                0x0000000000003af8        0x0
                0x0000000000003af8                _svc_driver_api_list_start = .
 *(SORT_BY_NAME(SORT_BY_ALIGNMENT(._svc_driver_api.static.*)))
                0x0000000000003af8                _svc_driver_api_list_end = .

uart_driver_api_area
                0x0000000000003af8       0x14
                0x0000000000003af8                _uart_driver_api_list_start = .
 *(SORT_BY_NAME(SORT_BY_ALIGNMENT(._uart_driver_api.static.*)))
 ._uart_driver_api.static.uart_stellaris_driver_api_
                0x0000000000003af8       0x14 zephyr/drivers/serial/libdrivers__serial.a(uart_stellaris.c.obj)
                0x0000000000003b0c                _uart_driver_api_list_end = .

bc12_emul_driver_api_area
                0x0000000000003b0c        0x0
                0x0000000000003b0c                _bc12_emul_driver_api_list_start = .
 *(SORT_BY_NAME(SORT_BY_ALIGNMENT(._bc12_emul_driver_api.static.*)))
                0x0000000000003b0c                _bc12_emul_driver_api_list_end = .

bc12_driver_api_area
                0x0000000000003b0c        0x0
                0x0000000000003b0c                _bc12_driver_api_list_start = .
 *(SORT_BY_NAME(SORT_BY_ALIGNMENT(._bc12_driver_api.static.*)))
                0x0000000000003b0c                _bc12_driver_api_list_end = .

usbc_ppc_driver_api_area
                0x0000000000003b0c        0x0
                0x0000000000003b0c                _usbc_ppc_driver_api_list_start = .
 *(SORT_BY_NAME(SORT_BY_ALIGNMENT(._usbc_ppc_driver_api.static.*)))
                0x0000000000003b0c                _usbc_ppc_driver_api_list_end = .

tcpc_driver_api_area
                0x0000000000003b0c        0x0
                0x0000000000003b0c                _tcpc_driver_api_list_start = .
 *(SORT_BY_NAME(SORT_BY_ALIGNMENT(._tcpc_driver_api.static.*)))
                0x0000000000003b0c                _tcpc_driver_api_list_end = .

usbc_vbus_driver_api_area
                0x0000000000003b0c        0x0
                0x0000000000003b0c                _usbc_vbus_driver_api_list_start = .
 *(SORT_BY_NAME(SORT_BY_ALIGNMENT(._usbc_vbus_driver_api.static.*)))
                0x0000000000003b0c                _usbc_vbus_driver_api_list_end = .

ivshmem_driver_api_area
                0x0000000000003b0c        0x0
                0x0000000000003b0c                _ivshmem_driver_api_list_start = .
 *(SORT_BY_NAME(SORT_BY_ALIGNMENT(._ivshmem_driver_api.static.*)))
                0x0000000000003b0c                _ivshmem_driver_api_list_end = .

ethphy_driver_api_area
                0x0000000000003b0c        0x0
                0x0000000000003b0c                _ethphy_driver_api_list_start = .
 *(SORT_BY_NAME(SORT_BY_ALIGNMENT(._ethphy_driver_api.static.*)))
                0x0000000000003b0c                _ethphy_driver_api_list_end = .

ztest           0x0000000000003b0c        0x0
                0x0000000000003b0c                _ztest_expected_result_entry_list_start = .
 *(SORT_BY_NAME(SORT_BY_ALIGNMENT(._ztest_expected_result_entry.static.*)))
                0x0000000000003b0c                _ztest_expected_result_entry_list_end = .
                0x0000000000003b0c                _ztest_suite_node_list_start = .
 *(SORT_BY_NAME(SORT_BY_ALIGNMENT(._ztest_suite_node.static.*)))
                0x0000000000003b0c                _ztest_suite_node_list_end = .
                0x0000000000003b0c                _ztest_unit_test_list_start = .
 *(SORT_BY_NAME(SORT_BY_ALIGNMENT(._ztest_unit_test.static.*)))
                0x0000000000003b0c                _ztest_unit_test_list_end = .
                0x0000000000003b0c                _ztest_test_rule_list_start = .
 *(SORT_BY_NAME(SORT_BY_ALIGNMENT(._ztest_test_rule.static.*)))
                0x0000000000003b0c                _ztest_test_rule_list_end = .

init_array      0x0000000000003b0c        0x0
                0x0000000000003b0c                __zephyr_init_array_start = .
 *(SORT_BY_INIT_PRIORITY(.init_array.*) SORT_BY_INIT_PRIORITY(.ctors.*))
 *(SORT_BY_ALIGNMENT(.init_array) SORT_BY_ALIGNMENT(.ctors))
                0x0000000000003b0c                __zephyr_init_array_end = .
                0x0000000000000001                ASSERT ((__zephyr_init_array_start == __zephyr_init_array_end), GNU-style constructors required but STATIC_INIT_GNU not enabled)

bt_l2cap_fixed_chan_area
                0x0000000000003b0c        0x0
                0x0000000000003b0c                _bt_l2cap_fixed_chan_list_start = .
 *(SORT_BY_NAME(SORT_BY_ALIGNMENT(._bt_l2cap_fixed_chan.static.*)))
                0x0000000000003b0c                _bt_l2cap_fixed_chan_list_end = .

bt_gatt_service_static_area
                0x0000000000003b0c        0x0
                0x0000000000003b0c                _bt_gatt_service_static_list_start = .
 *(SORT_BY_NAME(SORT_BY_ALIGNMENT(._bt_gatt_service_static.static.*)))
                0x0000000000003b0c                _bt_gatt_service_static_list_end = .

log_strings_area
                0x0000000000003b0c        0x0
                0x0000000000003b0c                _log_strings_list_start = .
 *(SORT_BY_NAME(SORT_BY_ALIGNMENT(._log_strings.static.*)))
                0x0000000000003b0c                _log_strings_list_end = .

log_stmesp_ptr_area
                0x0000000000003b0c        0x0
                0x0000000000003b0c                _log_stmesp_ptr_list_start = .
 *(SORT_BY_NAME(SORT_BY_ALIGNMENT(._log_stmesp_ptr.static.*)))
                0x0000000000003b0c                _log_stmesp_ptr_list_end = .

log_stmesp_str_area
                0x0000000000003b0c        0x0
                0x0000000000003b0c                _log_stmesp_str_list_start = .
 *(SORT_BY_NAME(SORT_BY_ALIGNMENT(._log_stmesp_str.static.*)))
                0x0000000000003b0c                _log_stmesp_str_list_end = .

log_const_area  0x0000000000003b0c        0x0
                0x0000000000003b0c                _log_const_list_start = .
 *(SORT_BY_NAME(SORT_BY_ALIGNMENT(._log_const.static.*)))
                0x0000000000003b0c                _log_const_list_end = .

log_backend_area
                0x0000000000003b0c        0x0
                0x0000000000003b0c                _log_backend_list_start = .
 *(SORT_BY_NAME(SORT_BY_ALIGNMENT(._log_backend.static.*)))
                0x0000000000003b0c                _log_backend_list_end = .

log_link_area   0x0000000000003b0c        0x0
                0x0000000000003b0c                _log_link_list_start = .
 *(SORT_BY_NAME(SORT_BY_ALIGNMENT(._log_link.static.*)))
                0x0000000000003b0c                _log_link_list_end = .

tracing_backend_area
                0x0000000000003b0c        0x0
                0x0000000000003b0c                _tracing_backend_list_start = .
 *(SORT_BY_NAME(SORT_BY_ALIGNMENT(._tracing_backend.static.*)))
                0x0000000000003b0c                _tracing_backend_list_end = .

zephyr_dbg_info
 *(SORT_BY_ALIGNMENT(.dbg_thread_info))

intc_table_area
                0x0000000000003b0c        0x0
                0x0000000000003b0c                _intc_table_list_start = .
 *(SORT_BY_NAME(SORT_BY_ALIGNMENT(._intc_table.static.*)))
                0x0000000000003b0c                _intc_table_list_end = .

symbol_to_keep  0x0000000000003b0c        0x0
                0x0000000000003b0c                __symbol_to_keep_start = .
 *(SORT_BY_NAME(SORT_BY_ALIGNMENT(.symbol_to_keep*)))
                0x0000000000003b0c                __symbol_to_keep_end = .

shell_area      0x0000000000003b0c        0x0
                0x0000000000003b0c                _shell_list_start = .
 *(SORT_BY_NAME(SORT_BY_ALIGNMENT(._shell.static.*)))
                0x0000000000003b0c                _shell_list_end = .

shell_root_cmds_area
                0x0000000000003b0c        0x0
                0x0000000000003b0c                _shell_root_cmds_list_start = .
 *(SORT_BY_NAME(SORT_BY_ALIGNMENT(._shell_root_cmds.static.*)))
                0x0000000000003b0c                _shell_root_cmds_list_end = .

shell_subcmds_area
                0x0000000000003b0c        0x0
                0x0000000000003b0c                _shell_subcmds_list_start = .
 *(SORT_BY_NAME(SORT_BY_ALIGNMENT(._shell_subcmds.static.*)))
                0x0000000000003b0c                _shell_subcmds_list_end = .

shell_dynamic_subcmds_area
                0x0000000000003b0c        0x0
                0x0000000000003b0c                _shell_dynamic_subcmds_list_start = .
 *(SORT_BY_NAME(SORT_BY_ALIGNMENT(._shell_dynamic_subcmds.static.*)))
                0x0000000000003b0c                _shell_dynamic_subcmds_list_end = .

cfb_font_area   0x0000000000003b0c        0x0
                0x0000000000003b0c                _cfb_font_list_start = .
 *(SORT_BY_NAME(SORT_BY_ALIGNMENT(._cfb_font.static.*)))
                0x0000000000003b0c                _cfb_font_list_end = .

tdata           0x0000000000003b10        0x8
 *(SORT_BY_ALIGNMENT(.tdata) SORT_BY_ALIGNMENT(.tdata.*) SORT_BY_ALIGNMENT(.gnu.linkonce.td.*))
 .tdata._rand_next
                0x0000000000003b10        0x8 c:\users\55319\zephyr-sdk-0.17.1\arm-zephyr-eabi\bin\../lib/gcc/../../picolibc/arm-zephyr-eabi/lib/thumb/v7-m/nofp\libc.a(libc_stdlib_random.c.o)
                0x0000000000003b10                _rand_next

tbss            0x0000000000003b18        0x4
 *(SORT_BY_ALIGNMENT(.tbss) SORT_BY_ALIGNMENT(.tbss.*) SORT_BY_ALIGNMENT(.gnu.linkonce.tb.*) SORT_BY_ALIGNMENT(.tcommon))
 .tbss.z_tls_current
                0x0000000000003b18        0x4 zephyr/libzephyr.a(thread_entry.c.obj)
                0x0000000000003b18                z_tls_current
                0x0000000000003b10                PROVIDE (__tdata_start = LOADADDR (tdata))
                0x0000000000000008                PROVIDE (__tdata_align = ALIGNOF (tdata))
                0x0000000000000008                PROVIDE (__tdata_size = (((SIZEOF (tdata) + __tdata_align) - 0x1) & ~ ((__tdata_align - 0x1))))
                [!provide]                        PROVIDE (__tdata_end = (__tdata_start + __tdata_size))
                0x0000000000000004                PROVIDE (__tbss_align = ALIGNOF (tbss))
                [!provide]                        PROVIDE (__tbss_start = ADDR (tbss))
                0x0000000000000004                PROVIDE (__tbss_size = (((SIZEOF (tbss) + __tbss_align) - 0x1) & ~ ((__tbss_align - 0x1))))
                [!provide]                        PROVIDE (__tbss_end = (__tbss_start + __tbss_size))
                [!provide]                        PROVIDE (__tls_start = __tdata_start)
                [!provide]                        PROVIDE (__tls_end = __tbss_end)
                [!provide]                        PROVIDE (__tls_size = (__tbss_end - __tdata_start))

rodata          0x0000000000003b18      0x4c0
 *(SORT_BY_ALIGNMENT(.rodata))
 *(SORT_BY_ALIGNMENT(.rodata.*))
 .rodata.DOUBLE_POW5_TABLE
                0x0000000000003b18       0xd0 c:\users\55319\zephyr-sdk-0.17.1\arm-zephyr-eabi\bin\../lib/gcc/../../picolibc/arm-zephyr-eabi/lib/thumb/v7-m/nofp\libc.a(libc_tinystdio_ryu_table.c.o)
 .rodata.DOUBLE_POW5_SPLIT2
                0x0000000000003be8       0xd0 c:\users\55319\zephyr-sdk-0.17.1\arm-zephyr-eabi\bin\../lib/gcc/../../picolibc/arm-zephyr-eabi/lib/thumb/v7-m/nofp\libc.a(libc_tinystdio_ryu_table.c.o)
 .rodata.DOUBLE_POW5_INV_SPLIT2
                0x0000000000003cb8       0xf0 c:\users\55319\zephyr-sdk-0.17.1\arm-zephyr-eabi\bin\../lib/gcc/../../picolibc/arm-zephyr-eabi/lib/thumb/v7-m/nofp\libc.a(libc_tinystdio_ryu_table.c.o)
 .rodata.uart_stellaris_dev_cfg_2
                0x0000000000003da8        0x8 zephyr/drivers/serial/libdrivers__serial.a(uart_stellaris.c.obj)
 .rodata.uart_stellaris_dev_cfg_0
                0x0000000000003db0        0x8 zephyr/drivers/serial/libdrivers__serial.a(uart_stellaris.c.obj)
 .rodata.levels.0
                0x0000000000003db8       0x18 zephyr/kernel/libkernel.a(init.c.obj)
 .rodata.POW5_OFFSETS
                0x0000000000003dd0       0x54 c:\users\55319\zephyr-sdk-0.17.1\arm-zephyr-eabi\bin\../lib/gcc/../../picolibc/arm-zephyr-eabi/lib/thumb/v7-m/nofp\libc.a(libc_tinystdio_ryu_table.c.o)
 .rodata.POW5_INV_OFFSETS
                0x0000000000003e24       0x58 c:\users\55319\zephyr-sdk-0.17.1\arm-zephyr-eabi\bin\../lib/gcc/../../picolibc/arm-zephyr-eabi/lib/thumb/v7-m/nofp\libc.a(libc_tinystdio_ryu_table.c.o)
 .rodata.main.str1.1
                0x0000000000003e7c       0x12 app/libapp.a(main.c.obj)
 .rodata.str1.1
                0x0000000000003e8e       0x2f app/libapp.a(main.c.obj)
 .rodata.launch_system.str1.1
                0x0000000000003ebd       0x87 app/libapp.a(launch_system.c.obj)
 .rodata.timeout_monitor.str1.1
                0x0000000000003f44       0x19 app/libapp.a(timeout_monitor.c.obj)
 .rodata.str1.1
                0x0000000000003f5d       0x2a zephyr/drivers/serial/libdrivers__serial.a(uart_stellaris.c.obj)
 .rodata.z_cstart.str1.1
                0x0000000000003f87        0x5 zephyr/kernel/libkernel.a(init.c.obj)
 .rodata.boot_banner.str1.1
                0x0000000000003f8c       0x3b zephyr/kernel/libkernel.a(banner.c.obj)
 .rodata.vfprintf.str1.1
                0x0000000000003fc7        0xf c:\users\55319\zephyr-sdk-0.17.1\arm-zephyr-eabi\bin\../lib/gcc/../../picolibc/arm-zephyr-eabi/lib/thumb/v7-m/nofp\libc.a(libc_tinystdio_vfprintf.c.o)
 *(SORT_BY_ALIGNMENT(.gnu.linkonce.r.*))
                0x0000000000003fd8                . = ALIGN (0x4)
 *fill*         0x0000000000003fd6        0x2 

/DISCARD/
 *(SORT_BY_ALIGNMENT(.eh_frame))
                0x0000000000003fd8                __rodata_region_end = .
                0x0000000000003fd8                . = ALIGN (_region_min_align)
                0x0000000000003fd8                __rom_region_end = ((__rom_region_start + .) - ADDR (rom_start))

/DISCARD/
 *(SORT_BY_ALIGNMENT(.got.plt))
 *(SORT_BY_ALIGNMENT(.igot.plt))
 *(SORT_BY_ALIGNMENT(.got))
 *(SORT_BY_ALIGNMENT(.igot))
                0x0000000020000000                . = 0x20000000
                0x0000000020000000                . = ALIGN (_region_min_align)
                0x0000000020000000                _image_ram_start = .

.ramfunc        0x0000000020000000        0x0 load address 0x0000000000003fd8
                0x0000000020000000                __ramfunc_region_start = .
                0x0000000020000000                . = ALIGN (_region_min_align)
                0x0000000020000000                __ramfunc_start = .
 *(SORT_BY_ALIGNMENT(.ramfunc))
 *(SORT_BY_ALIGNMENT(.ramfunc.*))
                0x0000000020000000                . = ALIGN (_region_min_align)
                0x0000000020000000                __ramfunc_end = .
                0x0000000000000000                __ramfunc_size = (__ramfunc_end - __ramfunc_start)
                0x0000000000003fd8                __ramfunc_load_start = LOADADDR (.ramfunc)

datas           0x0000000020000000       0x34 load address 0x0000000000003fd8
                0x0000000020000000                __data_region_start = .
                0x0000000020000000                __data_start = .
 *(SORT_BY_ALIGNMENT(.data))
 *(SORT_BY_ALIGNMENT(.data.*))
 .data._char_out
                0x0000000020000000        0x4 zephyr/libzephyr.a(printk.c.obj)
 .data.__stdout
                0x0000000020000004       0x10 zephyr/lib/libc/picolibc/liblib__libc__picolibc.a(stdio.c.obj)
 .data.uart_stellaris_dev_data_2
                0x0000000020000014        0x4 zephyr/drivers/serial/libdrivers__serial.a(uart_stellaris.c.obj)
 .data.uart_stellaris_dev_data_1
                0x0000000020000018        0x4 zephyr/drivers/serial/libdrivers__serial.a(uart_stellaris.c.obj)
 .data.uart_stellaris_dev_cfg_1
                0x000000002000001c        0x8 zephyr/drivers/serial/libdrivers__serial.a(uart_stellaris.c.obj)
 .data.uart_stellaris_dev_data_0
                0x0000000020000024        0x4 zephyr/drivers/serial/libdrivers__serial.a(uart_stellaris.c.obj)
 .data.slice_ticks
                0x0000000020000028        0x4 zephyr/kernel/libkernel.a(timeslicing.c.obj)
 .data.timeout_list
                0x000000002000002c        0x8 zephyr/kernel/libkernel.a(timeout.c.obj)
 *(SORT_BY_ALIGNMENT(.kernel.*))
                0x0000000020000034                __data_end = .
                0x0000000000000034                __data_size = (__data_end - __data_start)
                0x0000000000003fd8                __data_load_start = LOADADDR (datas)
                0x0000000000003fd8                __data_region_load_start = LOADADDR (datas)

device_states   0x0000000020000034        0x6 load address 0x000000000000400c
                0x0000000020000034                __device_states_start = .
 *(SORT_BY_ALIGNMENT(.z_devstate))
 .z_devstate    0x0000000020000034        0x6 zephyr/drivers/serial/libdrivers__serial.a(uart_stellaris.c.obj)
 *(SORT_BY_ALIGNMENT(.z_devstate.*))
                0x000000002000003a                __device_states_end = .

log_mpsc_pbuf_area
                0x000000002000003a        0x0 load address 0x0000000000004012
                0x000000002000003a                _log_mpsc_pbuf_list_start = .
 *(SORT_BY_NAME(SORT_BY_ALIGNMENT(._log_mpsc_pbuf.static.*)))
                0x000000002000003a                _log_mpsc_pbuf_list_end = .

log_msg_ptr_area
                0x000000002000003a        0x0 load address 0x0000000000004012
                0x000000002000003a                _log_msg_ptr_list_start = .
 *(SORT_BY_NAME(SORT_BY_ALIGNMENT(._log_msg_ptr.static.*)))
                0x000000002000003a                _log_msg_ptr_list_end = .

log_dynamic_area
                0x000000002000003a        0x0 load address 0x0000000000004012
                0x000000002000003a                _log_dynamic_list_start = .
 *(SORT_BY_NAME(SORT_BY_ALIGNMENT(._log_dynamic.static.*)))
                0x000000002000003a                _log_dynamic_list_end = .

k_timer_area    0x0000000020000040       0x70 load address 0x0000000000004018
                0x0000000020000040                _k_timer_list_start = .
 *(SORT_BY_NAME(SORT_BY_ALIGNMENT(._k_timer.static.*)))
 ._k_timer.static.timer_communication_
                0x0000000020000040       0x38 app/libapp.a(timers.c.obj)
                0x0000000020000040                timer_communication
 ._k_timer.static.timer_test_connection_
                0x0000000020000078       0x38 app/libapp.a(timers.c.obj)
                0x0000000020000078                timer_test_connection
                0x00000000200000b0                _k_timer_list_end = .

k_mem_slab_area
                0x00000000200000b0        0x0 load address 0x0000000000004088
                0x00000000200000b0                _k_mem_slab_list_start = .
 *(SORT_BY_NAME(SORT_BY_ALIGNMENT(._k_mem_slab.static.*)))
                0x00000000200000b0                _k_mem_slab_list_end = .

k_heap_area     0x00000000200000b0        0x0 load address 0x0000000000004088
                0x00000000200000b0                _k_heap_list_start = .
 *(SORT_BY_NAME(SORT_BY_ALIGNMENT(._k_heap.static.*)))
                0x00000000200000b0                _k_heap_list_end = .

k_mutex_area    0x00000000200000b0        0x0 load address 0x0000000000004088
                0x00000000200000b0                _k_mutex_list_start = .
 *(SORT_BY_NAME(SORT_BY_ALIGNMENT(._k_mutex.static.*)))
                0x00000000200000b0                _k_mutex_list_end = .

k_stack_area    0x00000000200000b0        0x0 load address 0x0000000000004088
                0x00000000200000b0                _k_stack_list_start = .
 *(SORT_BY_NAME(SORT_BY_ALIGNMENT(._k_stack.static.*)))
                0x00000000200000b0                _k_stack_list_end = .

k_msgq_area     0x00000000200000b0       0x50 load address 0x0000000000004088
                0x00000000200000b0                _k_msgq_list_start = .
 *(SORT_BY_NAME(SORT_BY_ALIGNMENT(._k_msgq.static.*)))
 ._k_msgq.static.M_S_channel_communication_
                0x00000000200000b0       0x28 app/libapp.a(communication.c.obj)
                0x00000000200000b0                M_S_channel_communication
 ._k_msgq.static.S_M_channel_communication_
                0x00000000200000d8       0x28 app/libapp.a(communication.c.obj)
                0x00000000200000d8                S_M_channel_communication
                0x0000000020000100                _k_msgq_list_end = .

k_mbox_area     0x0000000020000100        0x0 load address 0x00000000000040d8
                0x0000000020000100                _k_mbox_list_start = .
 *(SORT_BY_NAME(SORT_BY_ALIGNMENT(._k_mbox.static.*)))
                0x0000000020000100                _k_mbox_list_end = .

k_pipe_area     0x0000000020000100        0x0 load address 0x00000000000040d8
                0x0000000020000100                _k_pipe_list_start = .
 *(SORT_BY_NAME(SORT_BY_ALIGNMENT(._k_pipe.static.*)))
                0x0000000020000100                _k_pipe_list_end = .

k_sem_area      0x0000000020000100       0x30 load address 0x00000000000040d8
                0x0000000020000100                _k_sem_list_start = .
 *(SORT_BY_NAME(SORT_BY_ALIGNMENT(._k_sem.static.*)))
 ._k_sem.static.sem_communication_
                0x0000000020000100       0x10 app/libapp.a(communication.c.obj)
                0x0000000020000100                sem_communication
 ._k_sem.static.sem_missile_init_
                0x0000000020000110       0x10 app/libapp.a(communication.c.obj)
                0x0000000020000110                sem_missile_init
 ._k_sem.static.sem_test_connection_
                0x0000000020000120       0x10 app/libapp.a(communication.c.obj)
                0x0000000020000120                sem_test_connection
                0x0000000020000130                _k_sem_list_end = .

k_event_area    0x0000000020000130        0x0 load address 0x0000000000004108
                0x0000000020000130                _k_event_list_start = .
 *(SORT_BY_NAME(SORT_BY_ALIGNMENT(._k_event.static.*)))
                0x0000000020000130                _k_event_list_end = .

k_queue_area    0x0000000020000130        0x0 load address 0x0000000000004108
                0x0000000020000130                _k_queue_list_start = .
 *(SORT_BY_NAME(SORT_BY_ALIGNMENT(._k_queue.static.*)))
                0x0000000020000130                _k_queue_list_end = .

k_fifo_area     0x0000000020000130        0x0 load address 0x0000000000004108
                0x0000000020000130                _k_fifo_list_start = .
 *(SORT_BY_NAME(SORT_BY_ALIGNMENT(._k_fifo.static.*)))
                0x0000000020000130                _k_fifo_list_end = .

k_lifo_area     0x0000000020000130        0x0 load address 0x0000000000004108
                0x0000000020000130                _k_lifo_list_start = .
 *(SORT_BY_NAME(SORT_BY_ALIGNMENT(._k_lifo.static.*)))
                0x0000000020000130                _k_lifo_list_end = .

k_condvar_area  0x0000000020000130        0x0 load address 0x0000000000004108
                0x0000000020000130                _k_condvar_list_start = .
 *(SORT_BY_NAME(SORT_BY_ALIGNMENT(._k_condvar.static.*)))
                0x0000000020000130                _k_condvar_list_end = .

sys_mem_blocks_ptr_area
                0x0000000020000130        0x0 load address 0x0000000000004108
                0x0000000020000130                _sys_mem_blocks_ptr_list_start = .
 *(SORT_BY_NAME(SORT_BY_ALIGNMENT(._sys_mem_blocks_ptr.static.*)))
                0x0000000020000130                _sys_mem_blocks_ptr_list_end = .

net_buf_pool_area
                0x0000000020000130        0x0 load address 0x0000000000004108
                0x0000000020000130                _net_buf_pool_list_start = .
 *(SORT_BY_NAME(SORT_BY_ALIGNMENT(._net_buf_pool.static.*)))
                0x0000000020000130                _net_buf_pool_list_end = .
                0x0000000020000130                __data_region_end = .

.intList        0x00000000ffff8000        0x8
 *(SORT_BY_ALIGNMENT(.irq_info*))
 .irq_info      0x00000000ffff8000        0x8 zephyr/arch/common/libisr_tables.a(isr_tables.c.obj)
                0x00000000ffff8000                _iheader
 *(SORT_BY_ALIGNMENT(.intList*))

.stab
 *(SORT_BY_ALIGNMENT(.stab))

.stabstr
 *(SORT_BY_ALIGNMENT(.stabstr))

.stab.excl
 *(SORT_BY_ALIGNMENT(.stab.excl))

.stab.exclstr
 *(SORT_BY_ALIGNMENT(.stab.exclstr))

.stab.index
 *(SORT_BY_ALIGNMENT(.stab.index))

.stab.indexstr
 *(SORT_BY_ALIGNMENT(.stab.indexstr))

.gnu.build.attributes
 *(SORT_BY_ALIGNMENT(.gnu.build.attributes) SORT_BY_ALIGNMENT(.gnu.build.attributes.*))

.comment        0x0000000000000000       0x20
 *(SORT_BY_ALIGNMENT(.comment))
 .comment       0x0000000000000000       0x20 zephyr/CMakeFiles/offsets.dir/./arch/arm/core/offsets/offsets.c.obj
                                         0x21 (size before relaxing)
 .comment       0x0000000000000020       0x21 app/libapp.a(main.c.obj)
 .comment       0x0000000000000020       0x21 app/libapp.a(launch_system.c.obj)
 .comment       0x0000000000000020       0x21 app/libapp.a(missile.c.obj)
 .comment       0x0000000000000020       0x21 app/libapp.a(timeout_monitor.c.obj)
 .comment       0x0000000000000020       0x21 app/libapp.a(communication.c.obj)
 .comment       0x0000000000000020       0x21 app/libapp.a(timers.c.obj)
 .comment       0x0000000000000020       0x21 zephyr/libzephyr.a(heap.c.obj)
 .comment       0x0000000000000020       0x21 zephyr/libzephyr.a(printk.c.obj)
 .comment       0x0000000000000020       0x21 zephyr/libzephyr.a(thread_entry.c.obj)
 .comment       0x0000000000000020       0x21 zephyr/libzephyr.a(last_section_id.c.obj)
 .comment       0x0000000000000020       0x21 zephyr/libzephyr.a(configs.c.obj)
 .comment       0x0000000000000020       0x21 zephyr/arch/arch/arm/core/libarch__arm__core.a(fatal.c.obj)
 .comment       0x0000000000000020       0x21 zephyr/arch/arch/arm/core/libarch__arm__core.a(nmi.c.obj)
 .comment       0x0000000000000020       0x21 zephyr/arch/arch/arm/core/libarch__arm__core.a(tls.c.obj)
 .comment       0x0000000000000020       0x21 zephyr/arch/arch/arm/core/cortex_m/libarch__arm__core__cortex_m.a(exc_exit.c.obj)
 .comment       0x0000000000000020       0x21 zephyr/arch/arch/arm/core/cortex_m/libarch__arm__core__cortex_m.a(fault.c.obj)
 .comment       0x0000000000000020       0x21 zephyr/arch/arch/arm/core/cortex_m/libarch__arm__core__cortex_m.a(thread_abort.c.obj)
 .comment       0x0000000000000020       0x21 zephyr/arch/arch/arm/core/cortex_m/libarch__arm__core__cortex_m.a(irq_manage.c.obj)
 .comment       0x0000000000000020       0x21 zephyr/arch/arch/arm/core/cortex_m/libarch__arm__core__cortex_m.a(prep_c.c.obj)
 .comment       0x0000000000000020       0x21 zephyr/arch/arch/arm/core/cortex_m/libarch__arm__core__cortex_m.a(thread.c.obj)
 .comment       0x0000000000000020       0x21 zephyr/arch/arch/arm/core/cortex_m/libarch__arm__core__cortex_m.a(cpu_idle.c.obj)
 .comment       0x0000000000000020       0x21 zephyr/arch/arch/arm/core/cortex_m/libarch__arm__core__cortex_m.a(irq_init.c.obj)
 .comment       0x0000000000000020       0x21 zephyr/arch/arch/arm/core/cortex_m/libarch__arm__core__cortex_m.a(isr_wrapper.c.obj)
 .comment       0x0000000000000020       0x21 zephyr/lib/libc/picolibc/liblib__libc__picolibc.a(stdio.c.obj)
 .comment       0x0000000000000020       0x21 zephyr/lib/libc/common/liblib__libc__common.a(malloc.c.obj)
 .comment       0x0000000000000020       0x21 zephyr/soc/soc/ti_lm3s6965/libsoc__ti__lm3s6965.a(soc_config.c.obj)
 .comment       0x0000000000000020       0x21 zephyr/drivers/console/libdrivers__console.a(uart_console.c.obj)
 .comment       0x0000000000000020       0x21 zephyr/drivers/serial/libdrivers__serial.a(uart_stellaris.c.obj)
 .comment       0x0000000000000020       0x21 zephyr/drivers/timer/libdrivers__timer.a(cortex_m_systick.c.obj)
 .comment       0x0000000000000020       0x21 zephyr/kernel/libkernel.a(device.c.obj)
 .comment       0x0000000000000020       0x21 zephyr/kernel/libkernel.a(fatal.c.obj)
 .comment       0x0000000000000020       0x21 zephyr/kernel/libkernel.a(init.c.obj)
 .comment       0x0000000000000020       0x21 zephyr/kernel/libkernel.a(idle.c.obj)
 .comment       0x0000000000000020       0x21 zephyr/kernel/libkernel.a(msg_q.c.obj)
 .comment       0x0000000000000020       0x21 zephyr/kernel/libkernel.a(sem.c.obj)
 .comment       0x0000000000000020       0x21 zephyr/kernel/libkernel.a(thread.c.obj)
 .comment       0x0000000000000020       0x21 zephyr/kernel/libkernel.a(sched.c.obj)
 .comment       0x0000000000000020       0x21 zephyr/kernel/libkernel.a(timeslicing.c.obj)
 .comment       0x0000000000000020       0x21 zephyr/kernel/libkernel.a(xip.c.obj)
 .comment       0x0000000000000020       0x21 zephyr/kernel/libkernel.a(timeout.c.obj)
 .comment       0x0000000000000020       0x21 zephyr/kernel/libkernel.a(timer.c.obj)
 .comment       0x0000000000000020       0x21 zephyr/kernel/libkernel.a(banner.c.obj)
 .comment       0x0000000000000020       0x21 zephyr/kernel/libkernel.a(kheap.c.obj)
 .comment       0x0000000000000020       0x21 zephyr/arch/common/libisr_tables.a(isr_tables.c.obj)

.debug
 *(SORT_BY_ALIGNMENT(.debug))

.line
 *(SORT_BY_ALIGNMENT(.line))

.debug_srcinfo
 *(SORT_BY_ALIGNMENT(.debug_srcinfo))

.debug_sfnames
 *(SORT_BY_ALIGNMENT(.debug_sfnames))

.debug_aranges  0x0000000000000000      0xbc8
 *(SORT_BY_ALIGNMENT(.debug_aranges))
 .debug_aranges
                0x0000000000000000       0x20 zephyr/arch/arch/arm/core/libarch__arm__core.a(nmi_on_reset.S.obj)
 .debug_aranges
                0x0000000000000020       0x20 zephyr/arch/arch/arm/core/cortex_m/libarch__arm__core__cortex_m.a(fault_s.S.obj)
 .debug_aranges
                0x0000000000000040       0x20 zephyr/arch/arch/arm/core/cortex_m/libarch__arm__core__cortex_m.a(reset.S.obj)
 .debug_aranges
                0x0000000000000060       0x28 zephyr/arch/arch/arm/core/cortex_m/libarch__arm__core__cortex_m.a(swap_helper.S.obj)
 .debug_aranges
                0x0000000000000088       0x20 zephyr/arch/arch/arm/core/cortex_m/libarch__arm__core__cortex_m.a(__aeabi_read_tp.S.obj)
 .debug_aranges
                0x00000000000000a8       0x20 zephyr/CMakeFiles/offsets.dir/./arch/arm/core/offsets/offsets.c.obj
 .debug_aranges
                0x00000000000000c8       0x20 app/libapp.a(main.c.obj)
 .debug_aranges
                0x00000000000000e8       0x20 app/libapp.a(launch_system.c.obj)
 .debug_aranges
                0x0000000000000108       0x20 app/libapp.a(missile.c.obj)
 .debug_aranges
                0x0000000000000128       0x20 app/libapp.a(timeout_monitor.c.obj)
 .debug_aranges
                0x0000000000000148       0x30 app/libapp.a(communication.c.obj)
 .debug_aranges
                0x0000000000000178       0x20 app/libapp.a(timers.c.obj)
 .debug_aranges
                0x0000000000000198       0xa0 zephyr/libzephyr.a(heap.c.obj)
 .debug_aranges
                0x0000000000000238       0x50 zephyr/libzephyr.a(printk.c.obj)
 .debug_aranges
                0x0000000000000288       0x20 zephyr/libzephyr.a(thread_entry.c.obj)
 .debug_aranges
                0x00000000000002a8       0x18 zephyr/libzephyr.a(last_section_id.c.obj)
 .debug_aranges
                0x00000000000002c0       0x20 zephyr/libzephyr.a(configs.c.obj)
 .debug_aranges
                0x00000000000002e0       0x30 zephyr/arch/arch/arm/core/libarch__arm__core.a(fatal.c.obj)
 .debug_aranges
                0x0000000000000310       0x20 zephyr/arch/arch/arm/core/libarch__arm__core.a(nmi.c.obj)
 .debug_aranges
                0x0000000000000330       0x20 zephyr/arch/arch/arm/core/libarch__arm__core.a(tls.c.obj)
 .debug_aranges
                0x0000000000000350       0x20 zephyr/arch/arch/arm/core/cortex_m/libarch__arm__core__cortex_m.a(exc_exit.c.obj)
 .debug_aranges
                0x0000000000000370       0x40 zephyr/arch/arch/arm/core/cortex_m/libarch__arm__core__cortex_m.a(fault.c.obj)
 .debug_aranges
                0x00000000000003b0       0x20 zephyr/arch/arch/arm/core/cortex_m/libarch__arm__core__cortex_m.a(thread_abort.c.obj)
 .debug_aranges
                0x00000000000003d0       0x40 zephyr/arch/arch/arm/core/cortex_m/libarch__arm__core__cortex_m.a(irq_manage.c.obj)
 .debug_aranges
                0x0000000000000410       0x28 zephyr/arch/arch/arm/core/cortex_m/libarch__arm__core__cortex_m.a(prep_c.c.obj)
 .debug_aranges
                0x0000000000000438       0x38 zephyr/arch/arch/arm/core/cortex_m/libarch__arm__core__cortex_m.a(thread.c.obj)
 .debug_aranges
                0x0000000000000470       0x30 zephyr/arch/arch/arm/core/cortex_m/libarch__arm__core__cortex_m.a(cpu_idle.c.obj)
 .debug_aranges
                0x00000000000004a0       0x20 zephyr/arch/arch/arm/core/cortex_m/libarch__arm__core__cortex_m.a(irq_init.c.obj)
 .debug_aranges
                0x00000000000004c0       0x20 zephyr/arch/arch/arm/core/cortex_m/libarch__arm__core__cortex_m.a(isr_wrapper.c.obj)
 .debug_aranges
                0x00000000000004e0       0x38 zephyr/lib/libc/picolibc/liblib__libc__picolibc.a(stdio.c.obj)
 .debug_aranges
                0x0000000000000518       0x60 zephyr/lib/libc/common/liblib__libc__common.a(malloc.c.obj)
 .debug_aranges
                0x0000000000000578       0x20 zephyr/soc/soc/ti_lm3s6965/libsoc__ti__lm3s6965.a(soc_config.c.obj)
 .debug_aranges
                0x0000000000000598       0x30 zephyr/drivers/console/libdrivers__console.a(uart_console.c.obj)
 .debug_aranges
                0x00000000000005c8       0x30 zephyr/drivers/serial/libdrivers__serial.a(uart_stellaris.c.obj)
 .debug_aranges
                0x00000000000005f8       0x58 zephyr/drivers/timer/libdrivers__timer.a(cortex_m_systick.c.obj)
 .debug_aranges
                0x0000000000000650       0x40 zephyr/kernel/libkernel.a(device.c.obj)
 .debug_aranges
                0x0000000000000690       0x38 zephyr/kernel/libkernel.a(fatal.c.obj)
 .debug_aranges
                0x00000000000006c8       0x68 zephyr/kernel/libkernel.a(init.c.obj)
 .debug_aranges
                0x0000000000000730       0x28 zephyr/kernel/libkernel.a(idle.c.obj)
 .debug_aranges
                0x0000000000000758       0x68 zephyr/kernel/libkernel.a(msg_q.c.obj)
 .debug_aranges
                0x00000000000007c0       0x38 zephyr/kernel/libkernel.a(sem.c.obj)