Archive member included to satisfy reference by file (symbol)

app/libapp.a(main.c.obj)      (--whole-archive)
zephyr/libzephyr.a(heap.c.obj)
                              (--whole-archive)
zephyr/libzephyr.a(cbprintf_packaged.c.obj)
                              (--whole-archive)
zephyr/libzephyr.a(printk.c.obj)
                              (--whole-archive)
zephyr/libzephyr.a(sem.c.obj)
                              (--whole-archive)
zephyr/libzephyr.a(thread_entry.c.obj)
                              (--whole-archive)
zephyr/libzephyr.a(cbprintf_complete.c.obj)
                              (--whole-archive)
zephyr/libzephyr.a(assert.c.obj)
                              (--whole-archive)
zephyr/libzephyr.a(dec.c.obj)
                              (--whole-archive)
zephyr/libzephyr.a(hex.c.obj)
                              (--whole-archive)
zephyr/libzephyr.a(rb.c.obj)  (--whole-archive)
zephyr/libzephyr.a(timeutil.c.obj)
                              (--whole-archive)
zephyr/libzephyr.a(bitarray.c.obj)
                              (--whole-archive)
zephyr/libzephyr.a(ring_buffer.c.obj)
                              (--whole-archive)
zephyr/libzephyr.a(configs.c.obj)
                              (--whole-archive)
zephyr/libzephyr.a(tracing_none.c.obj)
                              (--whole-archive)
zephyr/arch/common/libarch__common.a(sw_isr_common.c.obj)
                              (--whole-archive)
zephyr/arch/arch/xtensa/core/libarch__xtensa__core.a(cpu_idle.c.obj)
                              (--whole-archive)
zephyr/arch/arch/xtensa/core/libarch__xtensa__core.a(fatal.c.obj)
                              (--whole-archive)
zephyr/arch/arch/xtensa/core/libarch__xtensa__core.a(window_vectors.S.obj)
                              (--whole-archive)
zephyr/arch/arch/xtensa/core/libarch__xtensa__core.a(xtensa_asm2_util.S.obj)
                              (--whole-archive)
zephyr/arch/arch/xtensa/core/libarch__xtensa__core.a(irq_manage.c.obj)
                              (--whole-archive)
zephyr/arch/arch/xtensa/core/libarch__xtensa__core.a(thread.c.obj)
                              (--whole-archive)
zephyr/arch/arch/xtensa/core/libarch__xtensa__core.a(vector_handlers.c.obj)
                              (--whole-archive)
zephyr/arch/arch/xtensa/core/libarch__xtensa__core.a(prep_c.c.obj)
                              (--whole-archive)
zephyr/arch/arch/xtensa/core/libarch__xtensa__core.a(crt1.S.obj)
                              (--whole-archive)
zephyr/arch/arch/xtensa/core/libarch__xtensa__core.a(tls.c.obj)
                              (--whole-archive)
zephyr/arch/arch/xtensa/core/libarch__xtensa__core.a(xtensa_backtrace.c.obj)
                              (--whole-archive)
zephyr/arch/arch/xtensa/core/libarch__xtensa__core.a(debug_helpers_asm.S.obj)
                              (--whole-archive)
zephyr/arch/arch/xtensa/core/startup/libarch__xtensa__core__startup.a(memerror_vector.S.obj)
                              (--whole-archive)
zephyr/arch/arch/xtensa/core/startup/libarch__xtensa__core__startup.a(memctl_default.S.obj)
                              (--whole-archive)
zephyr/arch/arch/xtensa/core/startup/libarch__xtensa__core__startup.a(reset_vector.S.obj)
                              (--whole-archive)
zephyr/lib/libc/picolibc/liblib__libc__picolibc.a(assert.c.obj)
                              (--whole-archive)
zephyr/lib/libc/picolibc/liblib__libc__picolibc.a(cbprintf.c.obj)
                              (--whole-archive)
zephyr/lib/libc/picolibc/liblib__libc__picolibc.a(chk_fail.c.obj)
                              (--whole-archive)
zephyr/lib/libc/picolibc/liblib__libc__picolibc.a(errno_wrap.c.obj)
                              (--whole-archive)
zephyr/lib/libc/picolibc/liblib__libc__picolibc.a(exit.c.obj)
                              (--whole-archive)
zephyr/lib/libc/picolibc/liblib__libc__picolibc.a(locks.c.obj)
                              (--whole-archive)
zephyr/lib/libc/picolibc/liblib__libc__picolibc.a(stdio.c.obj)
                              (--whole-archive)
zephyr/lib/libc/common/liblib__libc__common.a(abort.c.obj)
                              (--whole-archive)
zephyr/lib/libc/common/liblib__libc__common.a(malloc.c.obj)
                              (--whole-archive)
zephyr/drivers/console/libdrivers__console.a(xtensa_sim_console.c.obj)
                              (--whole-archive)
zephyr/drivers/timer/libdrivers__timer.a(sys_clock_init.c.obj)
                              (--whole-archive)
zephyr/drivers/timer/libdrivers__timer.a(xtensa_sys_timer.c.obj)
                              (--whole-archive)
modules/xtensa/libmodules_xtensa_hal.a(attribute.c.obj)
                              (--whole-archive)
modules/xtensa/libmodules_xtensa_hal.a(cache_asm.S.obj)
                              (--whole-archive)
modules/xtensa/libmodules_xtensa_hal.a(cache.c.obj)
                              (--whole-archive)
modules/xtensa/libmodules_xtensa_hal.a(clock.S.obj)
[...]
Memory Configuration

Name             Origin             Length             Attributes
vectors          0x0000000000002000 0x0000000000002400
RAM              0x0000000000002400 0x0000000000ffdc00
rom0_seg         0x00000000fe000000 0x0000000000004000
IDT_LIST         0x0000000000000000 0x0000000000002000
*default*        0x0000000000000000 0xffffffffffffffff

Linker script and memory map

                0x0000000000004324                vfprintf = __d_vfprintf
                0x0000000000000000                vfscanf = __d_vfscanf
LOAD zephyr/CMakeFiles/zephyr_pre0.dir/misc/empty_file.c.obj
LOAD zephyr/CMakeFiles/offsets.dir/./arch/xtensa/core/offsets/offsets.c.obj
LOAD app/libapp.a
LOAD zephyr/libzephyr.a
LOAD zephyr/arch/common/libarch__common.a
LOAD zephyr/arch/arch/xtensa/core/libarch__xtensa__core.a
LOAD zephyr/arch/arch/xtensa/core/startup/libarch__xtensa__core__startup.a
LOAD zephyr/lib/libc/picolibc/liblib__libc__picolibc.a
LOAD zephyr/lib/libc/common/liblib__libc__common.a
LOAD zephyr/drivers/console/libdrivers__console.a
LOAD zephyr/drivers/timer/libdrivers__timer.a
LOAD modules/xtensa/libmodules_xtensa_hal.a
LOAD zephyr/kernel/libkernel.a
LOAD zephyr/arch/common/libisr_tables.a
LOAD c:\users\55319\zephyr-sdk-0.17.1\xtensa-dc233c_zephyr-elf\bin\../lib/gcc/../../picolibc/xtensa-dc233c_zephyr-elf/lib\libc.a
LOAD c:/users/55319/zephyr-sdk-0.17.1/xtensa-dc233c_zephyr-elf/bin/../lib/gcc/xtensa-dc233c_zephyr-elf/12.2.0\libgcc.a
                0x0000000000000000                _rom_store_table = 0x0
                0x0000000000002000                PROVIDE (_memmap_vecbase_reset = 0x2000)
                [!provide]                        PROVIDE (_memmap_reset_vector = 0xfe000000)
                0x0000000070000007                _memmap_cacheattr_wb_base = 0x70000007
                0x00000000b000000b                _memmap_cacheattr_wt_base = 0xb000000b
                0x0000000030000003                _memmap_cacheattr_bp_base = 0x30000003
                0x000000000ffffff0                _memmap_cacheattr_unused_mask = 0xffffff0
                0x000000007ffffff7                _memmap_cacheattr_wb_strict = 0x7ffffff7
                0x00000000bffffffb                _memmap_cacheattr_wt_strict = 0xbffffffb
                0x000000003ffffff3                _memmap_cacheattr_bp_strict = 0x3ffffff3
                0x0000000073333337                _memmap_cacheattr_wb_allvalid = 0x73333337
                0x00000000b333333b                _memmap_cacheattr_wt_allvalid = 0xb333333b
                0x0000000033333333                _memmap_cacheattr_bp_allvalid = 0x33333333
                0x0000000073333337                PROVIDE (_memmap_cacheattr_reset = _memmap_cacheattr_wb_allvalid)

.rel.plt        0x0000000000000000        0x0
 *(SORT_BY_ALIGNMENT(.rel.plt))
                [!provide]                        PROVIDE (__rel_iplt_start = .)
 *(SORT_BY_ALIGNMENT(.rel.iplt))
                [!provide]                        PROVIDE (__rel_iplt_end = .)

.rela.plt       0x0000000000000000        0x0
 *(SORT_BY_ALIGNMENT(.rela.plt))
                [!provide]                        PROVIDE (__rela_iplt_start = .)
 *(SORT_BY_ALIGNMENT(.rela.iplt))
                [!provide]                        PROVIDE (__rela_iplt_end = .)

.rel.dyn
 *(SORT_BY_ALIGNMENT(.rel.*))

.rela.dyn
 *(SORT_BY_ALIGNMENT(.rela.*))

.intList        0x0000000000000000       0x18
 *(SORT_BY_ALIGNMENT(.irq_info*))
 .irq_info      0x0000000000000000        0x8 zephyr/arch/common/libisr_tables.a(isr_tables.c.obj)
                0x0000000000000000                _iheader
 *(SORT_BY_ALIGNMENT(.intList*))
 .intList       0x0000000000000008       0x10 zephyr/drivers/timer/libdrivers__timer.a(xtensa_sys_timer.c.obj)

.z_xtensa_vectors
                0x0000000000002000      0x3ca
                0x0000000000002000                z_xtensa_vecbase = .
 *(SORT_BY_ALIGNMENT(.WindowVectors.text))
 .WindowVectors.text
                0x0000000000002000      0x16a zephyr/arch/arch/xtensa/core/libarch__xtensa__core.a(window_vectors.S.obj)
                0x0000000000002000                _WindowOverflow4
                0x0000000000002040                _WindowUnderflow4
                0x0000000000002050                _xt_alloca_exc
                0x0000000000002080                _WindowOverflow8
                0x00000000000020c0                _WindowUnderflow8
                0x0000000000002100                _WindowOverflow12
                0x0000000000002140                _WindowUnderflow12
 *(SORT_BY_ALIGNMENT(.Level2InterruptVector.literal))
                0x0000000000000180                . = 0x180
 *fill*         0x000000000000216a       0x16 
 *(SORT_BY_ALIGNMENT(.Level2InterruptVector.text))
 .Level2InterruptVector.text
                0x0000000000002180       0x29 zephyr/arch/arch/xtensa/core/libarch__xtensa__core.a(xtensa_asm2_util.S.obj)
                0x0000000000002180                _Level2Vector
 *(SORT_BY_ALIGNMENT(.Level3InterruptVector.literal))
                0x00000000000001c0                . = 0x1c0
 *fill*         0x00000000000021a9       0x17 
 *(SORT_BY_ALIGNMENT(.Level3InterruptVector.text))
 .Level3InterruptVector.text
                0x00000000000021c0       0x25 zephyr/arch/arch/xtensa/core/libarch__xtensa__core.a(xtensa_asm2_util.S.obj)
                                         0x29 (size before relaxing)
                0x00000000000021c0                _Level3Vector
 *(SORT_BY_ALIGNMENT(.Level4InterruptVector.literal))
                0x0000000000000200                . = 0x200
 *fill*         0x00000000000021e5       0x1b 
 *(SORT_BY_ALIGNMENT(.Level4InterruptVector.text))
 .Level4InterruptVector.text
                0x0000000000002200       0x25 zephyr/arch/arch/xtensa/core/libarch__xtensa__core.a(xtensa_asm2_util.S.obj)
                                         0x29 (size before relaxing)
                0x0000000000002200                _Level4Vector
 *(SORT_BY_ALIGNMENT(.Level5InterruptVector.literal))
                0x0000000000000240                . = 0x240
 *fill*         0x0000000000002225       0x1b 
 *(SORT_BY_ALIGNMENT(.Level5InterruptVector.text))
 .Level5InterruptVector.text
                0x0000000000002240       0x25 zephyr/arch/arch/xtensa/core/libarch__xtensa__core.a(xtensa_asm2_util.S.obj)
                                         0x29 (size before relaxing)
                0x0000000000002240                _Level5Vector
 *(SORT_BY_ALIGNMENT(.DebugExceptionVector.literal))
                0x0000000000000280                . = 0x280
 *fill*         0x0000000000002265       0x1b 
 *(SORT_BY_ALIGNMENT(.DebugExceptionVector.text))
 .DebugExceptionVector.text
                0x0000000000002280       0x25 zephyr/arch/arch/xtensa/core/libarch__xtensa__core.a(xtensa_asm2_util.S.obj)
                                         0x29 (size before relaxing)
                0x0000000000002280                _Level6Vector
 *(SORT_BY_ALIGNMENT(.NMIExceptionVector.literal))
                0x00000000000002c0                . = 0x2c0
 *fill*         0x00000000000022a5       0x1b 
 *(SORT_BY_ALIGNMENT(.NMIExceptionVector.text))
 .NMIExceptionVector.text
                0x00000000000022c0       0x25 zephyr/arch/arch/xtensa/core/libarch__xtensa__core.a(xtensa_asm2_util.S.obj)
                                         0x29 (size before relaxing)
                0x00000000000022c0                _Level7Vector
 *(SORT_BY_ALIGNMENT(.KernelExceptionVector.literal))
                0x0000000000000300                . = 0x300
 *fill*         0x00000000000022e5       0x1b 
 *(SORT_BY_ALIGNMENT(.KernelExceptionVector.text))
 .KernelExceptionVector.text
                0x0000000000002300        0x3 zephyr/arch/arch/xtensa/core/libarch__xtensa__core.a(xtensa_asm2_util.S.obj)
                0x0000000000002300                _KernelExceptionVector
 *(SORT_BY_ALIGNMENT(.UserExceptionVector.literal))
                0x0000000000000340                . = 0x340
 *fill*         0x0000000000002303       0x3d 
 *(SORT_BY_ALIGNMENT(.UserExceptionVector.text))
 .UserExceptionVector.text
                0x0000000000002340       0x16 zephyr/arch/arch/xtensa/core/libarch__xtensa__core.a(xtensa_asm2_util.S.obj)
                0x0000000000002340                _Level1RealVector
 *(SORT_BY_ALIGNMENT(.DoubleExceptionVector.literal))
                0x00000000000003c0                . = 0x3c0
 *fill*         0x0000000000002356       0x6a 
 *(SORT_BY_ALIGNMENT(.DoubleExceptionVector.text))
 .DoubleExceptionVector.text
                0x00000000000023c0        0xa zephyr/arch/arch/xtensa/core/libarch__xtensa__core.a(xtensa_asm2_util.S.obj)
                0x00000000000023c0                _DoubleExceptionVector

.ResetVector.text
                0x00000000fe000000      0x128
                0x00000000fe000000                __rom_region_start = ABSOLUTE (.)
                0x00000000fe000000                _ResetVector_text_start = ABSOLUTE (.)
 *(SORT_BY_ALIGNMENT(.ResetVector.text))
 .ResetVector.text
                0x00000000fe000000      0x128 zephyr/arch/arch/xtensa/core/startup/libarch__xtensa__core__startup.a(reset_vector.S.obj)
                0x00000000fe000000                __start
                0x00000000fe000030                _ResetHandler
                0x00000000fe000128                _ResetVector_text_end = ABSOLUTE (.)

.text           0x0000000000002400     0x3e84
                0x0000000000002400                _stext = .
                0x0000000000002400                __text_region_start = .
                0x0000000000002400                z_mapped_start = .
                0x0000000000002400                _text_start = ABSOLUTE (.)
 *(SORT_BY_ALIGNMENT(.entry.text))
 *(SORT_BY_ALIGNMENT(.init.literal))
 *(SORT_BY_ALIGNMENT(.iram0.literal) SORT_BY_ALIGNMENT(.iram.literal) SORT_BY_ALIGNMENT(.iram.text.literal) SORT_BY_ALIGNMENT(.iram0.text) SORT_BY_ALIGNMENT(.iram.text))
 .iram0.text    0x0000000000002400       0x2d zephyr/arch/arch/xtensa/core/libarch__xtensa__core.a(xtensa_asm2_util.S.obj)
                0x0000000000002400                _Level1Vector
 *(SORT_BY_ALIGNMENT(.iram1.literal) SORT_BY_ALIGNMENT(.iram1))
 *fill*         0x000000000000242d        0x3 
 .iram1.literal
                0x0000000000002430        0x0 zephyr/arch/arch/xtensa/core/libarch__xtensa__core.a(debug_helpers_asm.S.obj)
                                          0x4 (size before relaxing)
 .literal.timer_handler
                0x0000000000002430        0x4 app/libapp.a(main.c.obj)
                                          0x8 (size before relaxing)
 .literal.my_thread_func
                0x0000000000002434        0x4 app/libapp.a(main.c.obj)
                                         0x10 (size before relaxing)
 .literal.main  0x0000000000002438        0x8 app/libapp.a(main.c.obj)
                                         0x10 (size before relaxing)
 .literal.chunk_field
                0x0000000000002440        0x4 zephyr/libzephyr.a(heap.c.obj)
 .literal.chunk_set
                0x0000000000002444        0x0 zephyr/libzephyr.a(heap.c.obj)
                                          0x4 (size before relaxing)
 .literal.chunk_size
                0x0000000000002444        0x0 zephyr/libzephyr.a(heap.c.obj)
                                          0x4 (size before relaxing)
 .literal.set_chunk_used
                0x0000000000002444        0x0 zephyr/libzephyr.a(heap.c.obj)
                                          0x4 (size before relaxing)
 .literal.set_chunk_size
                0x0000000000002444        0x0 zephyr/libzephyr.a(heap.c.obj)
                                          0x4 (size before relaxing)
 .literal.bucket_idx$isra$0
                0x0000000000002444        0x0 zephyr/libzephyr.a(heap.c.obj)
                                          0x4 (size before relaxing)
 .literal.free_list_add
                0x0000000000002444        0x0 zephyr/libzephyr.a(heap.c.obj)
                                         0x24 (size before relaxing)
 .literal.sys_heap_init
                0x0000000000002444        0x4 zephyr/libzephyr.a(heap.c.obj)
                                         0x30 (size before relaxing)
 .literal.char_out
                0x0000000000002448        0x4 zephyr/libzephyr.a(printk.c.obj)
 .literal.__printk_hook_install
                0x000000000000244c        0x0 zephyr/libzephyr.a(printk.c.obj)
                                          0x4 (size before relaxing)
 .literal.vprintk
                0x000000000000244c        0x4 zephyr/libzephyr.a(printk.c.obj)
                                          0xc (size before relaxing)
 .literal.printk
                0x0000000000002450        0x0 zephyr/libzephyr.a(printk.c.obj)
                                          0x4 (size before relaxing)
 .literal.z_thread_entry
                0x0000000000002450        0x4 zephyr/libzephyr.a(thread_entry.c.obj)
                                          0xc (size before relaxing)
 .literal.arch_cpu_idle
                0x0000000000002454        0x0 zephyr/arch/arch/xtensa/core/libarch__xtensa__core.a(cpu_idle.c.obj)
                                          0x4 (size before relaxing)
 .literal.xtensa_fatal_error
                0x0000000000002454        0x0 zephyr/arch/arch/xtensa/core/libarch__xtensa__core.a(fatal.c.obj)
                                          0xc (size before relaxing)
 .literal.arch_system_halt
                0x0000000000002454        0x0 zephyr/arch/arch/xtensa/core/libarch__xtensa__core.a(fatal.c.obj)
                                          0x4 (size before relaxing)
 .literal       0x0000000000002454        0x4 zephyr/arch/arch/xtensa/core/libarch__xtensa__core.a(xtensa_asm2_util.S.obj)
                                          0x8 (size before relaxing)
 .literal.z_irq_spurious
                0x0000000000002458        0x0 zephyr/arch/arch/xtensa/core/libarch__xtensa__core.a(irq_manage.c.obj)
                                          0x4 (size before relaxing)
 .literal.arch_new_thread
                0x0000000000002458        0x8 zephyr/arch/arch/xtensa/core/libarch__xtensa__core.a(thread.c.obj)
                                          0xc (size before relaxing)
 .literal.return_to
                0x0000000000002460        0x4 zephyr/arch/arch/xtensa/core/libarch__xtensa__core.a(vector_handlers.c.obj)
                                          0x8 (size before relaxing)
 .literal.xtensa_is_outside_stack_bounds
                0x0000000000002464        0x4 zephyr/arch/arch/xtensa/core/libarch__xtensa__core.a(vector_handlers.c.obj)
                                          0x8 (size before relaxing)
 .literal.xtensa_is_frame_pointer_valid
                0x0000000000002468        0x0 zephyr/arch/arch/xtensa/core/libarch__xtensa__core.a(vector_handlers.c.obj)
                                          0x8 (size before relaxing)
 .literal.xtensa_dump_stack
                0x0000000000002468        0x0 zephyr/arch/arch/xtensa/core/libarch__xtensa__core.a(vector_handlers.c.obj)
                                          0x4 (size before relaxing)
 .literal.xtensa_int2_c
                0x0000000000002468        0x4 zephyr/arch/arch/xtensa/core/libarch__xtensa__core.a(vector_handlers.c.obj)
                                          0x8 (size before relaxing)
 .literal.xtensa_int3_c
                0x000000000000246c        0x0 zephyr/arch/arch/xtensa/core/libarch__xtensa__core.a(vector_handlers.c.obj)
                                          0x8 (size before relaxing)
 .literal.xtensa_int4_c
                0x000000000000246c        0x0 zephyr/arch/arch/xtensa/core/libarch__xtensa__core.a(vector_handlers.c.obj)
                                          0x8 (size before relaxing)
 .literal.xtensa_int5_c
                0x000000000000246c        0x0 zephyr/arch/arch/xtensa/core/libarch__xtensa__core.a(vector_handlers.c.obj)
                                          0x8 (size before relaxing)
 .literal.xtensa_int6_c
                0x000000000000246c        0x0 zephyr/arch/arch/xtensa/core/libarch__xtensa__core.a(vector_handlers.c.obj)
                                          0x4 (size before relaxing)
 .literal.xtensa_int7_c
                0x000000000000246c        0x0 zephyr/arch/arch/xtensa/core/libarch__xtensa__core.a(vector_handlers.c.obj)
                                          0x8 (size before relaxing)
 .literal.xtensa_excint1_c
                0x000000000000246c        0x8 zephyr/arch/arch/xtensa/core/libarch__xtensa__core.a(vector_handlers.c.obj)
                                         0x28 (size before relaxing)
 .literal.z_prep_c
                0x0000000000002474        0x0 zephyr/arch/arch/xtensa/core/libarch__xtensa__core.a(prep_c.c.obj)
                                          0x8 (size before relaxing)
 .literal       0x0000000000002474       0x14 zephyr/arch/arch/xtensa/core/libarch__xtensa__core.a(crt1.S.obj)
                                         0x18 (size before relaxing)
 .literal.arch_tls_stack_setup
                0x0000000000002488        0xc zephyr/arch/arch/xtensa/core/libarch__xtensa__core.a(tls.c.obj)
                                         0x14 (size before relaxing)
 .literal.xtensa_cpu_process_stack_pc
                0x0000000000002494        0xc zephyr/arch/arch/xtensa/core/libarch__xtensa__core.a(xtensa_backtrace.c.obj)
 .literal.xtensa_backtrace_get_next_frame
                0x00000000000024a0        0x8 zephyr/arch/arch/xtensa/core/libarch__xtensa__core.a(xtensa_backtrace.c.obj)
                                         0x14 (size before relaxing)
 .literal.xtensa_backtrace_print
                0x00000000000024a8       0x14 zephyr/arch/arch/xtensa/core/libarch__xtensa__core.a(xtensa_backtrace.c.obj)
                                         0x58 (size before relaxing)
 .literal.z_impl_zephyr_fputc
                0x00000000000024bc        0x4 zephyr/lib/libc/picolibc/liblib__libc__picolibc.a(stdio.c.obj)
 .literal.picolibc_put
                0x00000000000024c0        0x0 zephyr/lib/libc/picolibc/liblib__libc__picolibc.a(stdio.c.obj)
                                          0x4 (size before relaxing)
 .literal.__stdout_hook_install
                0x00000000000024c0        0x4 zephyr/lib/libc/picolibc/liblib__libc__picolibc.a(stdio.c.obj)
                                          0x8 (size before relaxing)
 .literal.malloc_prepare
                0x00000000000024c4        0x8 zephyr/lib/libc/common/liblib__libc__common.a(malloc.c.obj)
                                          0xc (size before relaxing)
 .literal.xt_sim_console_init
                0x00000000000024cc        0x4 zephyr/drivers/console/libdrivers__console.a(xtensa_sim_console.c.obj)
                                          0xc (size before relaxing)
 .literal.ccompare_isr
                0x00000000000024d0        0x4 zephyr/drivers/timer/libdrivers__timer.a(xtensa_sys_timer.c.obj)
                                          0x8 (size before relaxing)
 .literal.sys_clock_set_timeout
                0x00000000000024d4        0xc zephyr/drivers/timer/libdrivers__timer.a(xtensa_sys_timer.c.obj)
                                         0x10 (size before relaxing)
 .literal.sys_clock_elapsed
                0x00000000000024e0        0x0 zephyr/drivers/timer/libdrivers__timer.a(xtensa_sys_timer.c.obj)
                                          0x4 (size before relaxing)
 .literal       0x00000000000024e0        0x4 modules/xtensa/libmodules_xtensa_hal.a(windowspill_asm.S.obj)
 .literal.k_sys_fatal_error_handler
                0x00000000000024e4        0x0 zephyr/kernel/libkernel.a(fatal.c.obj)
                                          0x4 (size before relaxing)
 .literal.z_fatal_error
                0x00000000000024e4        0x0 zephyr/kernel/libkernel.a(fatal.c.obj)
                                          0xc (size before relaxing)
 .literal.z_sys_init_run_level
                0x00000000000024e4        0x4 zephyr/kernel/libkernel.a(init.c.obj)
                                          0x8 (size before relaxing)
 .literal.bg_thread_main
                0x00000000000024e8       0x14 zephyr/kernel/libkernel.a(init.c.obj)
                                         0x38 (size before relaxing)
 .literal.z_init_cpu
                0x00000000000024fc        0xc zephyr/kernel/libkernel.a(init.c.obj)
                                         0x18 (size before relaxing)
 .literal.z_cstart
                0x0000000000002508       0x10 zephyr/kernel/libkernel.a(init.c.obj)
                                         0x4c (size before relaxing)
 .literal.idle  0x0000000000002518        0x0 zephyr/kernel/libkernel.a(idle.c.obj)
                                          0x4 (size before relaxing)
 .literal.z_impl_k_sem_give
                0x0000000000002518        0x4 zephyr/kernel/libkernel.a(sem.c.obj)
                                         0x10 (size before relaxing)
 .literal.z_impl_k_sem_take
                0x000000000000251c        0x0 zephyr/kernel/libkernel.a(sem.c.obj)
                                          0x8 (size before relaxing)
 .literal.z_check_stack_sentinel
                0x000000000000251c        0x4 zephyr/kernel/libkernel.a(thread.c.obj)
                                          0xc (size before relaxing)
 .literal.z_setup_new_thread
                0x0000000000002520        0x0 zephyr/kernel/libkernel.a(thread.c.obj)
                                         0x10 (size before relaxing)
 .literal.z_dummy_thread_init
                0x0000000000002520        0x0 zephyr/kernel/libkernel.a(thread.c.obj)
                                          0x4 (size before relaxing)
 .literal.unpend_thread_no_timeout
                0x0000000000002520        0x0 zephyr/kernel/libkernel.a(sched.c.obj)
                                          0x4 (size before relaxing)
 .literal.ready_thread
                0x0000000000002520        0x4 zephyr/kernel/libkernel.a(sched.c.obj)
                                          0xc (size before relaxing)
 .literal.unready_thread
                0x0000000000002524        0x0 zephyr/kernel/libkernel.a(sched.c.obj)
                                         0x10 (size before relaxing)
 .literal.add_thread_timeout
                0x0000000000002524        0x0 zephyr/kernel/libkernel.a(sched.c.obj)
                                          0x8 (size before relaxing)
 .literal.z_swap
                0x0000000000002524        0x4 zephyr/kernel/libkernel.a(sched.c.obj)
                                         0x14 (size before relaxing)
 .literal.add_to_waitq_locked
                0x0000000000002528        0x0 zephyr/kernel/libkernel.a(sched.c.obj)
                                          0x4 (size before relaxing)
 .literal.move_thread_to_end_of_prio_q
                0x0000000000002528        0x0 zephyr/kernel/libkernel.a(sched.c.obj)
                                         0x10 (size before relaxing)
 .literal.z_ready_thread
                0x0000000000002528        0x0 zephyr/kernel/libkernel.a(sched.c.obj)
                                          0x4 (size before relaxing)
 .literal.z_unpend_thread_no_timeout
                0x0000000000002528        0x0 zephyr/kernel/libkernel.a(sched.c.obj)
                                          0x4 (size before relaxing)
 .literal.z_sched_wake_thread
                0x0000000000002528        0x0 zephyr/kernel/libkernel.a(sched.c.obj)
                                          0x8 (size before relaxing)
 .literal.z_thread_timeout
                0x0000000000002528        0x0 zephyr/kernel/libkernel.a(sched.c.obj)
                                          0x4 (size before relaxing)
 .literal.z_pend_curr
                0x0000000000002528        0x0 zephyr/kernel/libkernel.a(sched.c.obj)
                                         0x14 (size before relaxing)
 .literal.z_reschedule
                0x0000000000002528        0x0 zephyr/kernel/libkernel.a(sched.c.obj)
                                          0x8 (size before relaxing)
 .literal.z_reschedule_irqlock
                0x0000000000002528        0x0 zephyr/kernel/libkernel.a(sched.c.obj)
                                         0x10 (size before relaxing)
 .literal.k_sched_lock
                0x0000000000002528        0x0 zephyr/kernel/libkernel.a(sched.c.obj)
                                          0x4 (size before relaxing)
 .literal.k_sched_unlock
                0x0000000000002528        0x0 zephyr/kernel/libkernel.a(sched.c.obj)
                                         0x10 (size before relaxing)
 .literal.z_swap_next_thread
                0x0000000000002528        0x0 zephyr/kernel/libkernel.a(sched.c.obj)
                                          0x4 (size before relaxing)
 .literal.z_get_next_switch_handle
                0x0000000000002528        0x0 zephyr/kernel/libkernel.a(sched.c.obj)
                                          0x8 (size before relaxing)
 .literal.z_sched_init
                0x0000000000002528        0x0 zephyr/kernel/libkernel.a(sched.c.obj)
                                          0x8 (size before relaxing)
 .literal.z_impl_k_wakeup
                0x0000000000002528        0x0 zephyr/kernel/libkernel.a(sched.c.obj)
                                         0x10 (size before relaxing)
 .literal.z_impl_k_sched_current_thread_query
                0x0000000000002528        0x0 zephyr/kernel/libkernel.a(sched.c.obj)
                                          0x4 (size before relaxing)
 .literal.z_thread_abort
                0x0000000000002528        0x0 zephyr/kernel/libkernel.a(sched.c.obj)
                                         0x38 (size before relaxing)
 .literal.z_impl_k_thread_abort
                0x0000000000002528        0x0 zephyr/kernel/libkernel.a(sched.c.obj)
                                          0x4 (size before relaxing)
 .literal.slice_timeout
                0x0000000000002528        0xc zephyr/kernel/libkernel.a(timeslicing.c.obj)
 .literal.thread_is_sliceable
                0x0000000000002534        0x8 zephyr/kernel/libkernel.a(timeslicing.c.obj)
                                          0xc (size before relaxing)
 .literal.z_reset_time_slice
                0x000000000000253c        0x4 zephyr/kernel/libkernel.a(timeslicing.c.obj)
                                         0x20 (size before relaxing)
 .literal.z_time_slice
                0x0000000000002540        0x0 zephyr/kernel/libkernel.a(timeslicing.c.obj)
                                         0x14 (size before relaxing)
 .literal.first
                0x0000000000002540        0x4 zephyr/kernel/libkernel.a(timeout.c.obj)
 .literal.next_timeout
                0x0000000000002544        0x4 zephyr/kernel/libkernel.a(timeout.c.obj)
                                          0x8 (size before relaxing)
 .literal.elapsed
                0x0000000000002548        0x4 zephyr/kernel/libkernel.a(timeout.c.obj)
                                          0x8 (size before relaxing)
 .literal.remove_timeout
                0x000000000000254c        0x0 zephyr/kernel/libkernel.a(timeout.c.obj)
                                          0x4 (size before relaxing)
 .literal.z_add_timeout
                0x000000000000254c        0x4 zephyr/kernel/libkernel.a(timeout.c.obj)
                                         0x24 (size before relaxing)
 .literal.z_abort_timeout
                0x0000000000002550        0x8 zephyr/kernel/libkernel.a(timeout.c.obj)
                                         0x1c (size before relaxing)
 .literal.sys_clock_announce
                0x0000000000002558        0x0 zephyr/kernel/libkernel.a(timeout.c.obj)
                                         0x20 (size before relaxing)
 .literal.sys_clock_tick_get
                0x0000000000002558        0x0 zephyr/kernel/libkernel.a(timeout.c.obj)
                                          0x8 (size before relaxing)
 .literal.z_impl_k_uptime_ticks
                0x0000000000002558        0x0 zephyr/kernel/libkernel.a(timeout.c.obj)
                                          0x4 (size before relaxing)
 .literal.z_timer_expiration_handler
                0x0000000000002558        0x4 zephyr/kernel/libkernel.a(timer.c.obj)
                                         0x18 (size before relaxing)
 .literal.z_impl_k_timer_start
                0x000000000000255c        0x0 zephyr/kernel/libkernel.a(timer.c.obj)
                                          0xc (size before relaxing)
 .literal.boot_banner
                0x000000000000255c        0x4 zephyr/kernel/libkernel.a(banner.c.obj)
                                          0x8 (size before relaxing)
 .literal.skip_to_arg
                0x0000000000002560        0x4 c:\users\55319\zephyr-sdk-0.17.1\xtensa-dc233c_zephyr-elf\bin\../lib/gcc/../../picolibc/xtensa-dc233c_zephyr-elf/lib\libc.a(libc_tinystdio_vfprintf.c.o)
 .literal.vfprintf
                0x0000000000002564       0x14 c:\users\55319\zephyr-sdk-0.17.1\xtensa-dc233c_zephyr-elf\bin\../lib/gcc/../../picolibc/xtensa-dc233c_zephyr-elf/lib\libc.a(libc_tinystdio_vfprintf.c.o)
 .literal.div10
                0x0000000000002578        0x8 c:\users\55319\zephyr-sdk-0.17.1\xtensa-dc233c_zephyr-elf\bin\../lib/gcc/../../picolibc/xtensa-dc233c_zephyr-elf/lib\libc.a(libc_tinystdio_dtoa_ryu.c.o)
 .literal.__dtoa_engine
                0x0000000000002580        0x4 c:\users\55319\zephyr-sdk-0.17.1\xtensa-dc233c_zephyr-elf\bin\../lib/gcc/../../picolibc/xtensa-dc233c_zephyr-elf/lib\libc.a(libc_tinystdio_dtoa_ryu.c.o)
                                          0xc (size before relaxing)
 .literal.__log10Pow2
                0x0000000000002584        0x4 c:\users\55319\zephyr-sdk-0.17.1\xtensa-dc233c_zephyr-elf\bin\../lib/gcc/../../picolibc/xtensa-dc233c_zephyr-elf/lib\libc.a(libc_tinystdio_ryu_log10.c.o)
 .literal.__log10Pow5
                0x0000000000002588        0x4 c:\users\55319\zephyr-sdk-0.17.1\xtensa-dc233c_zephyr-elf\bin\../lib/gcc/../../picolibc/xtensa-dc233c_zephyr-elf/lib\libc.a(libc_tinystdio_ryu_log10.c.o)
 .literal.__pow5bits
                0x000000000000258c        0x4 c:\users\55319\zephyr-sdk-0.17.1\xtensa-dc233c_zephyr-elf\bin\../lib/gcc/../../picolibc/xtensa-dc233c_zephyr-elf/lib\libc.a(libc_tinystdio_ryu_pow5bits.c.o)
 .literal.__pow5Factor
                0x0000000000002590        0x4 c:\users\55319\zephyr-sdk-0.17.1\xtensa-dc233c_zephyr-elf\bin\../lib/gcc/../../picolibc/xtensa-dc233c_zephyr-elf/lib\libc.a(libc_tinystdio_ryu_table.c.o)
                                          0xc (size before relaxing)
 .literal.__double_computePow5
                0x0000000000002594        0xc c:\users\55319\zephyr-sdk-0.17.1\xtensa-dc233c_zephyr-elf\bin\../lib/gcc/../../picolibc/xtensa-dc233c_zephyr-elf/lib\libc.a(libc_tinystdio_ryu_table.c.o)
 .literal.__double_computeInvPow5
                0x00000000000025a0        0x8 c:\users\55319\zephyr-sdk-0.17.1\xtensa-dc233c_zephyr-elf\bin\../lib/gcc/../../picolibc/xtensa-dc233c_zephyr-elf/lib\libc.a(libc_tinystdio_ryu_table.c.o)
                                          0xc (size before relaxing)
 .literal.__dtox_engine
                0x00000000000025a8        0x0 c:\users\55319\zephyr-sdk-0.17.1\xtensa-dc233c_zephyr-elf\bin\../lib/gcc/../../picolibc/xtensa-dc233c_zephyr-elf/lib\libc.a(libc_tinystdio_dtox_engine.c.o)
                                          0x4 (size before relaxing)
 .literal       0x00000000000025a8        0x0 c:/users/55319/zephyr-sdk-0.17.1/xtensa-dc233c_zephyr-elf/bin/../lib/gcc/xtensa-dc233c_zephyr-elf/12.2.0\libgcc.a(_muldi3.o)
                                          0x4 (size before relaxing)
 .literal       0x00000000000025a8        0x0 c:/users/55319/zephyr-sdk-0.17.1/xtensa-dc233c_zephyr-elf/bin/../lib/gcc/xtensa-dc233c_zephyr-elf/12.2.0\libgcc.a(_udivdi3.o)
                                          0x4 (size before relaxing)
 .literal       0x00000000000025a8        0x0 c:/users/55319/zephyr-sdk-0.17.1/xtensa-dc233c_zephyr-elf/bin/../lib/gcc/xtensa-dc233c_zephyr-elf/12.2.0\libgcc.a(_umoddi3.o)
                                          0x4 (size before relaxing)
 .iram1         0x00000000000025a8       0x1a zephyr/arch/arch/xtensa/core/libarch__xtensa__core.a(debug_helpers_asm.S.obj)
                0x00000000000025a8                xtensa_backtrace_get_start
 *fill*         0x00000000000025c2        0x0 
 *(.init)
 *(SORT_BY_ALIGNMENT(.literal) SORT_BY_ALIGNMENT(.text) SORT_BY_ALIGNMENT(.literal.*) SORT_BY_ALIGNMENT(.text.*) SORT_BY_ALIGNMENT(.stub) SORT_BY_ALIGNMENT(.gnu.warning) SORT_BY_ALIGNMENT(.gnu.linkonce.literal.*) SORT_BY_ALIGNMENT(.gnu.linkonce.t.*.literal) SORT_BY_ALIGNMENT(.gnu.linkonce.t.*))
 *fill*         0x00000000000025c2        0x2 
 .text.timer_handler
                0x00000000000025c4        0xb app/libapp.a(main.c.obj)
                                          0xe (size before relaxing)
                0x00000000000025c4                timer_handler
 *fill*         0x00000000000025cf        0x1 
 .text.my_thread_func
                0x00000000000025d0       0x18 app/libapp.a(main.c.obj)
                                         0x1c (size before relaxing)
                0x00000000000025d0                my_thread_func
 .text.main     0x00000000000025e8       0x27 app/libapp.a(main.c.obj)
                                         0x2b (size before relaxing)
                0x00000000000025e8                main
 *fill*         0x000000000000260f        0x1 
 .text.chunk_field
                0x0000000000002610       0x20 zephyr/libzephyr.a(heap.c.obj)
 .text.chunk_set
                0x0000000000002630       0x20 zephyr/libzephyr.a(heap.c.obj)
 .text.chunk_size
                0x0000000000002650       0x11 zephyr/libzephyr.a(heap.c.obj)
                                         0x15 (size before relaxing)
 *fill*         0x0000000000002661        0x3 
 .text.set_chunk_used
                0x0000000000002664       0x3b zephyr/libzephyr.a(heap.c.obj)
 *fill*         0x000000000000269f        0x1 
 .text.set_chunk_size
                0x00000000000026a0       0x13 zephyr/libzephyr.a(heap.c.obj)
 *fill*         0x00000000000026b3        0x1 
 .text.bucket_idx$isra$0
                0x00000000000026b4       0x21 zephyr/libzephyr.a(heap.c.obj)
 *fill*         0x00000000000026d5        0x3 
 .text.free_list_add
                0x00000000000026d8       0x88 zephyr/libzephyr.a(heap.c.obj)
                                         0xa0 (size before relaxing)
 .text.sys_heap_init
                0x0000000000002760       0xa8 zephyr/libzephyr.a(heap.c.obj)
                                         0xc8 (size before relaxing)
                0x0000000000002760                sys_heap_init
 .text.char_out
                0x0000000000002808       0x11 zephyr/libzephyr.a(printk.c.obj)
 *fill*         0x0000000000002819        0x3 
 .text.__printk_hook_install
                0x000000000000281c        0xa zephyr/libzephyr.a(printk.c.obj)
                0x000000000000281c                __printk_hook_install
 *fill*         0x0000000000002826        0x2 
 .text.vprintk  0x0000000000002828       0x28 zephyr/libzephyr.a(printk.c.obj)
                                         0x2c (size before relaxing)
                0x0000000000002828                vprintk
 .text.printk   0x0000000000002850       0x22 zephyr/libzephyr.a(printk.c.obj)
                                         0x26 (size before relaxing)
                0x0000000000002850                printk
 *fill*         0x0000000000002872        0x2 
 .text.z_thread_entry
                0x0000000000002874       0x20 zephyr/libzephyr.a(thread_entry.c.obj)
                                         0x24 (size before relaxing)
                0x0000000000002874                z_thread_entry
 .text.arch_cpu_idle
                0x0000000000002894        0xb zephyr/arch/arch/xtensa/core/libarch__xtensa__core.a(cpu_idle.c.obj)
                                          0xe (size before relaxing)
                0x0000000000002894                arch_cpu_idle
 *fill*         0x000000000000289f        0x1 
 .text.xtensa_fatal_error
                0x00000000000028a0       0x26 zephyr/arch/arch/xtensa/core/libarch__xtensa__core.a(fatal.c.obj)
                                         0x2e (size before relaxing)
                0x00000000000028a0                xtensa_fatal_error
 *fill*         0x00000000000028c6        0x2 
 .text.arch_system_halt
                0x00000000000028c8        0xc zephyr/arch/arch/xtensa/core/libarch__xtensa__core.a(fatal.c.obj)
                                          0xf (size before relaxing)
                0x00000000000028c8                arch_system_halt
 *fill*         0x00000000000028d4        0x0 
 .text          0x00000000000028d4      0x203 zephyr/arch/arch/xtensa/core/libarch__xtensa__core.a(xtensa_asm2_util.S.obj)
                                        0x207 (size before relaxing)
                0x00000000000028d4                xtensa_spill_reg_windows
                0x00000000000028e8                xtensa_save_high_regs
                0x0000000000002930                xtensa_restore_high_regs
                0x0000000000002965                _restore_context
                0x00000000000029a4                xtensa_arch_except
                0x00000000000029a7                xtensa_arch_except_epc
                0x00000000000029ac                xtensa_arch_kernel_oops
                0x00000000000029af                xtensa_arch_kernel_oops_epc
                0x00000000000029b4                xtensa_switch
 *fill*         0x0000000000002ad7        0x1 
 .text.z_irq_spurious
                0x0000000000002ad8       0x12 zephyr/arch/arch/xtensa/core/libarch__xtensa__core.a(irq_manage.c.obj)
                                         0x16 (size before relaxing)
                0x0000000000002ad8                z_irq_spurious
 *fill*         0x0000000000002aea        0x2 
 .text.arch_new_thread
                0x0000000000002aec       0x3d zephyr/arch/arch/xtensa/core/libarch__xtensa__core.a(thread.c.obj)
                0x0000000000002aec                arch_new_thread
 *fill*         0x0000000000002b29        0x3 
 .text.return_to
                0x0000000000002b2c       0x14 zephyr/arch/arch/xtensa/core/libarch__xtensa__core.a(vector_handlers.c.obj)
                                         0x18 (size before relaxing)
 .text.xtensa_is_outside_stack_bounds
                0x0000000000002b40       0x3d zephyr/arch/arch/xtensa/core/libarch__xtensa__core.a(vector_handlers.c.obj)
                0x0000000000002b40                xtensa_is_outside_stack_bounds
 *fill*         0x0000000000002b7d        0x3 
 .text.xtensa_is_frame_pointer_valid
                0x0000000000002b80       0x28 zephyr/arch/arch/xtensa/core/libarch__xtensa__core.a(vector_handlers.c.obj)
                                         0x2c (size before relaxing)
                0x0000000000002b80                xtensa_is_frame_pointer_valid
 .text.xtensa_dump_stack
                0x0000000000002ba8        0xa zephyr/arch/arch/xtensa/core/libarch__xtensa__core.a(vector_handlers.c.obj)
                                          0xe (size before relaxing)
                0x0000000000002ba8                xtensa_dump_stack
 *fill*         0x0000000000002bb2        0x2 
 .text.xtensa_int2_c
                0x0000000000002bb4       0x34 zephyr/arch/arch/xtensa/core/libarch__xtensa__core.a(vector_handlers.c.obj)
                0x0000000000002bb4                xtensa_int2_c
 .text.xtensa_int3_c
                0x0000000000002be8       0x6a zephyr/arch/arch/xtensa/core/libarch__xtensa__core.a(vector_handlers.c.obj)
                0x0000000000002be8                xtensa_int3_c
 *fill*         0x0000000000002c52        0x2 
 .text.xtensa_int4_c
                0x0000000000002c54       0x36 zephyr/arch/arch/xtensa/core/libarch__xtensa__core.a(vector_handlers.c.obj)
                0x0000000000002c54                xtensa_int4_c
 *fill*         0x0000000000002c8a        0x2 
 .text.xtensa_int5_c
                0x0000000000002c8c       0x36 zephyr/arch/arch/xtensa/core/libarch__xtensa__core.a(vector_handlers.c.obj)
                0x0000000000002c8c                xtensa_int5_c
 *fill*         0x0000000000002cc2        0x2 
 .text.xtensa_int6_c
                0x0000000000002cc4       0x15 zephyr/arch/arch/xtensa/core/libarch__xtensa__core.a(vector_handlers.c.obj)
                0x0000000000002cc4                xtensa_int6_c
 *fill*         0x0000000000002cd9        0x3 
 .text.xtensa_int7_c
                0x0000000000002cdc       0x36 zephyr/arch/arch/xtensa/core/libarch__xtensa__core.a(vector_handlers.c.obj)
                0x0000000000002cdc                xtensa_int7_c
 *fill*         0x0000000000002d12        0x2 
 .text.xtensa_excint1_c
                0x0000000000002d14      0x1a2 zephyr/arch/arch/xtensa/core/libarch__xtensa__core.a(vector_handlers.c.obj)
                                        0x1aa (size before relaxing)
                0x0000000000002d14                xtensa_excint1_c
 *fill*         0x0000000000002eb6        0x2 
 .text.z_prep_c
                0x0000000000002eb8       0x10 zephyr/arch/arch/xtensa/core/libarch__xtensa__core.a(prep_c.c.obj)
                                         0x14 (size before relaxing)
                0x0000000000002eb8                z_prep_c
 .text          0x0000000000002ec8       0x53 zephyr/arch/arch/xtensa/core/libarch__xtensa__core.a(crt1.S.obj)
                                         0x56 (size before relaxing)
                0x0000000000002ec8                _start
 *fill*         0x0000000000002f1b        0x1 
 .text.arch_tls_stack_setup
                0x0000000000002f1c       0x2e zephyr/arch/arch/xtensa/core/libarch__xtensa__core.a(tls.c.obj)
                                         0x32 (size before relaxing)
                0x0000000000002f1c                arch_tls_stack_setup
 *fill*         0x0000000000002f4a        0x2 
 .text.xtensa_cpu_process_stack_pc
                0x0000000000002f4c       0x2b zephyr/arch/arch/xtensa/core/libarch__xtensa__core.a(xtensa_backtrace.c.obj)
 *fill*         0x0000000000002f77        0x1 
 .text.xtensa_backtrace_get_next_frame
                0x0000000000002f78       0x58 zephyr/arch/arch/xtensa/core/libarch__xtensa__core.a(xtensa_backtrace.c.obj)
                                         0x64 (size before relaxing)
                0x0000000000002f78                xtensa_backtrace_get_next_frame
 .text.xtensa_backtrace_print
                0x0000000000002fd0       0xfc zephyr/arch/arch/xtensa/core/libarch__xtensa__core.a(xtensa_backtrace.c.obj)
                                        0x120 (size before relaxing)
                0x0000000000002fd0                xtensa_backtrace_print
 .text.z_impl_zephyr_fputc
                0x00000000000030cc       0x12 zephyr/lib/libc/picolibc/liblib__libc__picolibc.a(stdio.c.obj)
                0x00000000000030cc                z_impl_zephyr_fputc
 *fill*         0x00000000000030de        0x2 
 .text.picolibc_put
                0x00000000000030e0       0x12 zephyr/lib/libc/picolibc/liblib__libc__picolibc.a(stdio.c.obj)
 *fill*         0x00000000000030f2        0x2 
 .text.__stdout_hook_install
                0x00000000000030f4       0x18 zephyr/lib/libc/picolibc/liblib__libc__picolibc.a(stdio.c.obj)
                0x00000000000030f4                __stdout_hook_install
 .text.malloc_prepare
                0x000000000000310c       0x20 zephyr/lib/libc/common/liblib__libc__common.a(malloc.c.obj)
 .text.xt_sim_console_init
                0x000000000000312c       0x15 zephyr/drivers/console/libdrivers__console.a(xtensa_sim_console.c.obj)
                                         0x19 (size before relaxing)
 *fill*         0x0000000000003141        0x3 
 .text.ccompare_isr
                0x0000000000003144       0x2f zephyr/drivers/timer/libdrivers__timer.a(xtensa_sys_timer.c.obj)
 *fill*         0x0000000000003173        0x1 
 .text.sys_clock_set_timeout
                0x0000000000003174       0x63 zephyr/drivers/timer/libdrivers__timer.a(xtensa_sys_timer.c.obj)
                0x0000000000003174                sys_clock_set_timeout
 *fill*         0x00000000000031d7        0x1 
 .text.sys_clock_elapsed
                0x00000000000031d8       0x22 zephyr/drivers/timer/libdrivers__timer.a(xtensa_sys_timer.c.obj)
                0x00000000000031d8                sys_clock_elapsed
 *fill*         0x00000000000031fa        0x2 
 .text          0x00000000000031fc      0x137 modules/xtensa/libmodules_xtensa_hal.a(windowspill_asm.S.obj)
                0x00000000000031fc                xthal_spill_registers_into_stack_nw
                0x00000000000031fc                xthal_window_spill_nw
                0x0000000000003310                xthal_window_spill
 *fill*         0x0000000000003333        0x1 
 .text.k_sys_fatal_error_handler
                0x0000000000003334        0x8 zephyr/kernel/libkernel.a(fatal.c.obj)
                                          0xc (size before relaxing)
                0x0000000000003334                k_sys_fatal_error_handler
 .text.z_fatal_error
                0x000000000000333c       0x22 zephyr/kernel/libkernel.a(fatal.c.obj)
                                         0x26 (size before relaxing)
                0x000000000000333c                z_fatal_error
 *fill*         0x000000000000335e        0x2 
 .text.z_sys_init_run_level
                0x0000000000003360       0x30 zephyr/kernel/libkernel.a(init.c.obj)
                                         0x34 (size before relaxing)
 .text.bg_thread_main
                0x0000000000003390       0x9a zephyr/kernel/libkernel.a(init.c.obj)
                                         0xae (size before relaxing)
 *fill*         0x000000000000342a        0x2 
 .text.z_init_cpu
                0x000000000000342c       0x5b zephyr/kernel/libkernel.a(init.c.obj)
                0x000000000000342c                z_init_cpu
 *fill*         0x0000000000003487        0x1 
 .text.z_cstart
                0x0000000000003488       0x8b zephyr/kernel/libkernel.a(init.c.obj)
                                         0xb7 (size before relaxing)
                0x0000000000003488                z_cstart
 *fill*         0x0000000000003513        0x1 
 .text.idle     0x0000000000003514        0xc zephyr/kernel/libkernel.a(idle.c.obj)
                                          0xf (size before relaxing)
                0x0000000000003514                idle
 *fill*         0x0000000000003520        0x0 
 .text.z_impl_k_sem_give
                0x0000000000003520       0x5e zephyr/kernel/libkernel.a(sem.c.obj)
                                         0x66 (size before relaxing)
                0x0000000000003520                z_impl_k_sem_give
 *fill*         0x000000000000357e        0x2 
 .text.z_impl_k_sem_take
                0x0000000000003580       0x3a zephyr/kernel/libkernel.a(sem.c.obj)
                                         0x3d (size before relaxing)
                0x0000000000003580                z_impl_k_sem_take
 *fill*         0x00000000000035ba        0x2 
 .text.z_check_stack_sentinel
                0x00000000000035bc       0x22 zephyr/kernel/libkernel.a(thread.c.obj)
                                         0x26 (size before relaxing)
                0x00000000000035bc                z_check_stack_sentinel
 *fill*         0x00000000000035de        0x2 
 .text.z_setup_new_thread
                0x00000000000035e0       0x85 zephyr/kernel/libkernel.a(thread.c.obj)
                                         0x89 (size before relaxing)
                0x00000000000035e0                z_setup_new_thread
 *fill*         0x0000000000003665        0x3 
 .text.z_dummy_thread_init
                0x0000000000003668       0x1b zephyr/kernel/libkernel.a(thread.c.obj)
                0x0000000000003668                z_dummy_thread_init
 *fill*         0x0000000000003683        0x1 
 .text.unpend_thread_no_timeout
                0x0000000000003684       0x19 zephyr/kernel/libkernel.a(sched.c.obj)
                                         0x1d (size before relaxing)
 *fill*         0x000000000000369d        0x3 
 .text.ready_thread
                0x00000000000036a0       0x9c zephyr/kernel/libkernel.a(sched.c.obj)
 .text.unready_thread
                0x000000000000373c       0x5e zephyr/kernel/libkernel.a(sched.c.obj)
                                         0x62 (size before relaxing)
 *fill*         0x000000000000379a        0x2 
 .text.add_thread_timeout
                0x000000000000379c       0x1b zephyr/kernel/libkernel.a(sched.c.obj)
 *fill*         0x00000000000037b7        0x1 
 .text.z_swap   0x00000000000037b8       0x3d zephyr/kernel/libkernel.a(sched.c.obj)
                                         0x45 (size before relaxing)
 *fill*         0x00000000000037f5        0x3 
 .text.add_to_waitq_locked
                0x00000000000037f8       0x57 zephyr/kernel/libkernel.a(sched.c.obj)
                                         0x5b (size before relaxing)
 *fill*         0x000000000000384f        0x1 
 .text.move_thread_to_end_of_prio_q
                0x0000000000003850       0xa6 zephyr/kernel/libkernel.a(sched.c.obj)
                                         0xaa (size before relaxing)
                0x0000000000003850                move_thread_to_end_of_prio_q
 *fill*         0x00000000000038f6        0x2 
 .text.z_ready_thread
                0x00000000000038f8       0x13 zephyr/kernel/libkernel.a(sched.c.obj)
                                         0x16 (size before relaxing)
                0x00000000000038f8                z_ready_thread
 *fill*         0x000000000000390b        0x1 
 .text.z_unpend_thread_no_timeout
                0x000000000000390c       0x18 zephyr/kernel/libkernel.a(sched.c.obj)
                                         0x1c (size before relaxing)
                0x000000000000390c                z_unpend_thread_no_timeout
 .text.z_sched_wake_thread
                0x0000000000003924       0x30 zephyr/kernel/libkernel.a(sched.c.obj)
                                         0x38 (size before relaxing)
                0x0000000000003924                z_sched_wake_thread
 .text.z_thread_timeout
                0x0000000000003954        0xd zephyr/kernel/libkernel.a(sched.c.obj)
                                         0x10 (size before relaxing)
                0x0000000000003954                z_thread_timeout
 *fill*         0x0000000000003961        0x3 
 .text.z_pend_curr
                0x0000000000003964       0x28 zephyr/kernel/libkernel.a(sched.c.obj)
                                         0x30 (size before relaxing)
                0x0000000000003964                z_pend_curr
 .text.z_reschedule
                0x000000000000398c       0x2c zephyr/kernel/libkernel.a(sched.c.obj)
                                         0x30 (size before relaxing)
                0x000000000000398c                z_reschedule
 .text.z_reschedule_irqlock
                0x00000000000039b8       0x44 zephyr/kernel/libkernel.a(sched.c.obj)
                                         0x4c (size before relaxing)
                0x00000000000039b8                z_reschedule_irqlock
 .text.k_sched_lock
                0x00000000000039fc       0x1b zephyr/kernel/libkernel.a(sched.c.obj)
                0x00000000000039fc                k_sched_lock
 *fill*         0x0000000000003a17        0x1 
 .text.k_sched_unlock
                0x0000000000003a18       0x5e zephyr/kernel/libkernel.a(sched.c.obj)
                                         0x61 (size before relaxing)
                0x0000000000003a18                k_sched_unlock
 *fill*         0x0000000000003a76        0x2 
 .text.z_swap_next_thread
                0x0000000000003a78        0xa zephyr/kernel/libkernel.a(sched.c.obj)
                0x0000000000003a78                z_swap_next_thread
 *fill*         0x0000000000003a82        0x2 
 .text.z_get_next_switch_handle
                0x0000000000003a84       0x1a zephyr/kernel/libkernel.a(sched.c.obj)
                0x0000000000003a84                z_get_next_switch_handle
 *fill*         0x0000000000003a9e        0x2 
 .text.z_sched_init
                0x0000000000003aa0        0xf zephyr/kernel/libkernel.a(sched.c.obj)
                0x0000000000003aa0                z_sched_init
 *fill*         0x0000000000003aaf        0x1 
 .text.z_impl_k_wakeup
                0x0000000000003ab0       0x38 zephyr/kernel/libkernel.a(sched.c.obj)
                                         0x40 (size before relaxing)
                0x0000000000003ab0                z_impl_k_wakeup
 .text.z_impl_k_sched_current_thread_query
                0x0000000000003ae8        0xa zephyr/kernel/libkernel.a(sched.c.obj)
                0x0000000000003ae8                z_impl_k_sched_current_thread_query
 *fill*         0x0000000000003af2        0x2 
 .text.z_thread_abort
                0x0000000000003af4       0xf8 zephyr/kernel/libkernel.a(sched.c.obj)
                                        0x113 (size before relaxing)
                0x0000000000003af4                z_thread_abort
 *fill*         0x0000000000003bec        0x0 
 .text.z_impl_k_thread_abort
                0x0000000000003bec        0xa zephyr/kernel/libkernel.a(sched.c.obj)
                                          0xe (size before relaxing)
                0x0000000000003bec                z_impl_k_thread_abort
 *fill*         0x0000000000003bf6        0x2 
 .text.slice_timeout
                0x0000000000003bf8       0x1e zephyr/kernel/libkernel.a(timeslicing.c.obj)
 *fill*         0x0000000000003c16        0x2 
 .text.thread_is_sliceable
                0x0000000000003c18       0x45 zephyr/kernel/libkernel.a(timeslicing.c.obj)
                0x0000000000003c18                thread_is_sliceable
 *fill*         0x0000000000003c5d        0x3 
 .text.z_reset_time_slice
                0x0000000000003c60       0x3f zephyr/kernel/libkernel.a(timeslicing.c.obj)
                                         0x47 (size before relaxing)
                0x0000000000003c60                z_reset_time_slice
 *fill*         0x0000000000003c9f        0x1 
 .text.z_time_slice
                0x0000000000003ca0       0x3b zephyr/kernel/libkernel.a(timeslicing.c.obj)
                                         0x42 (size before relaxing)
                0x0000000000003ca0                z_time_slice
 *fill*         0x0000000000003cdb        0x1 
 .text.first    0x0000000000003cdc        0xf zephyr/kernel/libkernel.a(timeout.c.obj)
 *fill*         0x0000000000003ceb        0x1 
 .text.next_timeout
                0x0000000000003cec       0x42 zephyr/kernel/libkernel.a(timeout.c.obj)
 *fill*         0x0000000000003d2e        0x2 
 .text.elapsed  0x0000000000003d30       0x14 zephyr/kernel/libkernel.a(timeout.c.obj)
                                         0x18 (size before relaxing)
 .text.remove_timeout
                0x0000000000003d44       0x3a zephyr/kernel/libkernel.a(timeout.c.obj)
 *fill*         0x0000000000003d7e        0x2 
 .text.z_add_timeout
                0x0000000000003d80      0x147 zephyr/kernel/libkernel.a(timeout.c.obj)
                                        0x153 (size before relaxing)
                0x0000000000003d80                z_add_timeout
 *fill*         0x0000000000003ec7        0x1 
 .text.z_abort_timeout
                0x0000000000003ec8       0x3a zephyr/kernel/libkernel.a(timeout.c.obj)
                                         0x4a (size before relaxing)
                0x0000000000003ec8                z_abort_timeout
 *fill*         0x0000000000003f02        0x2 
 .text.sys_clock_announce
                0x0000000000003f04       0xbd zephyr/kernel/libkernel.a(timeout.c.obj)
                                         0xcd (size before relaxing)
                0x0000000000003f04                sys_clock_announce
 *fill*         0x0000000000003fc1        0x3 
 .text.sys_clock_tick_get
                0x0000000000003fc4       0x28 zephyr/kernel/libkernel.a(timeout.c.obj)
                                         0x2c (size before relaxing)
                0x0000000000003fc4                sys_clock_tick_get
 .text.z_impl_k_uptime_ticks
                0x0000000000003fec        0xf zephyr/kernel/libkernel.a(timeout.c.obj)
                0x0000000000003fec                z_impl_k_uptime_ticks
 *fill*         0x0000000000003ffb        0x1 
 .text.z_timer_expiration_handler
                0x0000000000003ffc       0xf6 zephyr/kernel/libkernel.a(timer.c.obj)
                                        0x106 (size before relaxing)
                0x0000000000003ffc                z_timer_expiration_handler
 *fill*         0x00000000000040f2        0x2 
 .text.z_impl_k_timer_start
                0x00000000000040f4       0x63 zephyr/kernel/libkernel.a(timer.c.obj)
                                         0x67 (size before relaxing)
                0x00000000000040f4                z_impl_k_timer_start
 *fill*         0x0000000000004157        0x1 
 .text.boot_banner
                0x0000000000004158        0xb zephyr/kernel/libkernel.a(banner.c.obj)
                                          0xe (size before relaxing)
                0x0000000000004158                boot_banner
 *fill*         0x0000000000004163        0x1 
 .text.skip_to_arg
                0x0000000000004164      0x1be c:\users\55319\zephyr-sdk-0.17.1\xtensa-dc233c_zephyr-elf\bin\../lib/gcc/../../picolibc/xtensa-dc233c_zephyr-elf/lib\libc.a(libc_tinystdio_vfprintf.c.o)
 *fill*         0x0000000000004322        0x2 
 .text.vfprintf
                0x0000000000004324      0xb46 c:\users\55319\zephyr-sdk-0.17.1\xtensa-dc233c_zephyr-elf\bin\../lib/gcc/../../picolibc/xtensa-dc233c_zephyr-elf/lib\libc.a(libc_tinystdio_vfprintf.c.o)
                0x0000000000004324                __d_vfprintf
 *fill*         0x0000000000004e6a        0x2 
 .text.div10    0x0000000000004e6c       0x24 c:\users\55319\zephyr-sdk-0.17.1\xtensa-dc233c_zephyr-elf\bin\../lib/gcc/../../picolibc/xtensa-dc233c_zephyr-elf/lib\libc.a(libc_tinystdio_dtoa_ryu.c.o)
 .text.__dtoa_engine
                0x0000000000004e90      0x576 c:\users\55319\zephyr-sdk-0.17.1\xtensa-dc233c_zephyr-elf\bin\../lib/gcc/../../picolibc/xtensa-dc233c_zephyr-elf/lib\libc.a(libc_tinystdio_dtoa_ryu.c.o)
                0x0000000000004e90                __dtoa_engine
 *fill*         0x0000000000005406        0x2 
 .text.__log10Pow2
                0x0000000000005408        0xe c:\users\55319\zephyr-sdk-0.17.1\xtensa-dc233c_zephyr-elf\bin\../lib/gcc/../../picolibc/xtensa-dc233c_zephyr-elf/lib\libc.a(libc_tinystdio_ryu_log10.c.o)
                0x0000000000005408                __log10Pow2
 *fill*         0x0000000000005416        0x2 
 .text.__log10Pow5
                0x0000000000005418        0xe c:\users\55319\zephyr-sdk-0.17.1\xtensa-dc233c_zephyr-elf\bin\../lib/gcc/../../picolibc/xtensa-dc233c_zephyr-elf/lib\libc.a(libc_tinystdio_ryu_log10.c.o)
                0x0000000000005418                __log10Pow5
 *fill*         0x0000000000005426        0x2 
 .text.__pow5bits
                0x0000000000005428       0x10 c:\users\55319\zephyr-sdk-0.17.1\xtensa-dc233c_zephyr-elf\bin\../lib/gcc/../../picolibc/xtensa-dc233c_zephyr-elf/lib\libc.a(libc_tinystdio_ryu_pow5bits.c.o)
                0x0000000000005428                __pow5bits
 .text.__pow5Factor
                0x0000000000005438       0x26 c:\users\55319\zephyr-sdk-0.17.1\xtensa-dc233c_zephyr-elf\bin\../lib/gcc/../../picolibc/xtensa-dc233c_zephyr-elf/lib\libc.a(libc_tinystdio_ryu_table.c.o)
                0x0000000000005438                __pow5Factor
 *fill*         0x000000000000545e        0x2 
 .text.__double_computePow5
                0x0000000000005460       0xe6 c:\users\55319\zephyr-sdk-0.17.1\xtensa-dc233c_zephyr-elf\bin\../lib/gcc/../../picolibc/xtensa-dc233c_zephyr-elf/lib\libc.a(libc_tinystdio_ryu_table.c.o)
                0x0000000000005460                __double_computePow5
 *fill*         0x0000000000005546        0x2 
 .text.__double_computeInvPow5
                0x0000000000005548       0xf6 c:\users\55319\zephyr-sdk-0.17.1\xtensa-dc233c_zephyr-elf\bin\../lib/gcc/../../picolibc/xtensa-dc233c_zephyr-elf/lib\libc.a(libc_tinystdio_ryu_table.c.o)
                0x0000000000005548                __double_computeInvPow5
 *fill*         0x000000000000563e        0x2 
 .text.__dtox_engine
                0x0000000000005640      0x149 c:\users\55319\zephyr-sdk-0.17.1\xtensa-dc233c_zephyr-elf\bin\../lib/gcc/../../picolibc/xtensa-dc233c_zephyr-elf/lib\libc.a(libc_tinystdio_dtox_engine.c.o)
                0x0000000000005640                __dtox_engine
 *fill*         0x0000000000005789        0x3 
 .text          0x000000000000578c       0x1c c:/users/55319/zephyr-sdk-0.17.1/xtensa-dc233c_zephyr-elf/bin/../lib/gcc/xtensa-dc233c_zephyr-elf/12.2.0\libgcc.a(_muldi3.o)
                0x000000000000578c                __muldi3
 .text          0x00000000000057a8      0x272 c:/users/55319/zephyr-sdk-0.17.1/xtensa-dc233c_zephyr-elf/bin/../lib/gcc/xtensa-dc233c_zephyr-elf/12.2.0\libgcc.a(_udivdi3.o)
                0x00000000000057a8                __udivdi3
 *fill*         0x0000000000005a1a        0x2 
 .text          0x0000000000005a1c      0x25b c:/users/55319/zephyr-sdk-0.17.1/xtensa-dc233c_zephyr-elf/bin/../lib/gcc/xtensa-dc233c_zephyr-elf/12.2.0\libgcc.a(_umoddi3.o)
                0x0000000000005a1c                __umoddi3
 *fill*         0x0000000000005c77        0x1 
 .text._OffsetAbsSyms
                0x0000000000005c78        0x5 zephyr/CMakeFiles/offsets.dir/./arch/xtensa/core/offsets/offsets.c.obj
                0x0000000000005c78                _OffsetAbsSyms
 *fill*         0x0000000000005c7d        0x0 
 *fill*         0x0000000000005c7d        0x0 
 *fill*         0x0000000000005c7d        0x0 
 *fill*         0x0000000000005c7d        0x0 
 *fill*         0x0000000000005c7d        0x0 
 *fill*         0x0000000000005c7d        0x0 
 *fill*         0x0000000000005c7d        0x0 
 *fill*         0x0000000000005c7d        0x0 
 *fill*         0x0000000000005c7d        0x0 
 *fill*         0x0000000000005c7d        0x3 
 .text._ConfigAbsSyms
                0x0000000000005c80        0x5 zephyr/libzephyr.a(configs.c.obj)
                0x0000000000005c80                _ConfigAbsSyms
 *fill*         0x0000000000005c85        0x3 
 .text.sys_trace_idle
                0x0000000000005c88        0x5 zephyr/libzephyr.a(tracing_none.c.obj)
                0x0000000000005c88                sys_trace_idle
 *fill*         0x0000000000005c8d        0x0 
 *fill*         0x0000000000005c8d        0x0 
 *fill*         0x0000000000005c8d        0x3 
 .text.xtensa_simulator_exit
                0x0000000000005c90        0xc zephyr/arch/arch/xtensa/core/libarch__xtensa__core.a(fatal.c.obj)
                0x0000000000005c90                xtensa_simulator_exit
 *fill*         0x0000000000005c9c        0x0 
 *fill*         0x0000000000005c9c        0x0 
 *fill*         0x0000000000005c9c        0x0 
 *fill*         0x0000000000005c9c        0x0 
 *fill*         0x0000000000005c9c        0x0 
 *fill*         0x0000000000005c9c        0x0 
 *fill*         0x0000000000005c9c        0x0 
 *fill*         0x0000000000005c9c        0x0 
 *fill*         0x0000000000005c9c        0x0 
 *fill*         0x0000000000005c9c        0x0 
 *fill*         0x0000000000005c9c        0x0 
 *fill*         0x0000000000005c9c        0x0 
 *fill*         0x0000000000005c9c        0x0 
 *fill*         0x0000000000005c9c        0x0 
 *fill*         0x0000000000005c9c        0x0 
 *fill*         0x0000000000005c9c        0x0 
 *fill*         0x0000000000005c9c        0x0 
 .text.arch_printk_char_out
                0x0000000000005c9c       0x17 zephyr/drivers/console/libdrivers__console.a(xtensa_sim_console.c.obj)
                0x0000000000005c9c                arch_printk_char_out
 *fill*         0x0000000000005cb3        0x0 
 *fill*         0x0000000000005cb3        0x0 
 *fill*         0x0000000000005cb3        0x1 
 .text.sys_clock_driver_init
                0x0000000000005cb4       0x23 zephyr/drivers/timer/libdrivers__timer.a(xtensa_sys_timer.c.obj)
 *fill*         0x0000000000005cd7        0x0 
 *fill*         0x0000000000005cd7        0x0 
 *fill*         0x0000000000005cd7        0x0 
 *fill*         0x0000000000005cd7        0x0 
 *fill*         0x0000000000005cd7        0x1 
 .text.do_device_init
                0x0000000000005cd8       0x34 zephyr/kernel/libkernel.a(init.c.obj)
 *fill*         0x0000000000005d0c        0x0 
 *fill*         0x0000000000005d0c        0x0 
 *fill*         0x0000000000005d0c        0x0 
 *fill*         0x0000000000005d0c        0x0 
 *fill*         0x0000000000005d0c        0x0 
 *fill*         0x0000000000005d0c        0x0 
 *fill*         0x0000000000005d0c        0x0 
 *fill*         0x0000000000005d0c        0x0 
 *fill*         0x0000000000005d0c        0x0 
 .text.sys_dlist_remove
                0x0000000000005d0c       0x13 zephyr/kernel/libkernel.a(sched.c.obj)
 *fill*         0x0000000000005d1f        0x0 
 *fill*         0x0000000000005d1f        0x0 
 *fill*         0x0000000000005d1f        0x0 
 *fill*         0x0000000000005d1f        0x0 
 *fill*         0x0000000000005d1f        0x0 
 *fill*         0x0000000000005d1f        0x0 
 *fill*         0x0000000000005d1f        0x0 
 *fill*         0x0000000000005d1f        0x0 
 *fill*         0x0000000000005d1f        0x0 
 *fill*         0x0000000000005d1f        0x0 
 *fill*         0x0000000000005d1f        0x0 
 *fill*         0x0000000000005d1f        0x0 
 *fill*         0x0000000000005d1f        0x0 
 *fill*         0x0000000000005d1f        0x0 
 *fill*         0x0000000000005d1f        0x0 
 *fill*         0x0000000000005d1f        0x0 
 *fill*         0x0000000000005d1f        0x0 
 *fill*         0x0000000000005d1f        0x0 
 *fill*         0x0000000000005d1f        0x0 
 *fill*         0x0000000000005d1f        0x0 
 *fill*         0x0000000000005d1f        0x0 
 *fill*         0x0000000000005d1f        0x0 
 *fill*         0x0000000000005d1f        0x0 
 *fill*         0x0000000000005d1f        0x0 
 *fill*         0x0000000000005d1f        0x0 
 *fill*         0x0000000000005d1f        0x0 
 *fill*         0x0000000000005d1f        0x0 
 *fill*         0x0000000000005d1f        0x1 
 .text.k_timer_init
                0x0000000000005d20       0x1a zephyr/kernel/libkernel.a(timer.c.obj)
                0x0000000000005d20                k_timer_init
 *fill*         0x0000000000005d3a        0x0 
 *fill*         0x0000000000005d3a        0x0 
 *fill*         0x0000000000005d3a        0x2 
 .text.z_device_state_init
                0x0000000000005d3c        0x5 zephyr/kernel/libkernel.a(device.c.obj)
                0x0000000000005d3c                z_device_state_init
 *fill*         0x0000000000005d41        0x3 
 .text          0x0000000000005d44      0x135 c:\users\55319\zephyr-sdk-0.17.1\xtensa-dc233c_zephyr-elf\bin\../lib/gcc/../../picolibc/xtensa-dc233c_zephyr-elf/lib\libc.a(libc_machine_xtensa_memcpy.S.o)
                0x0000000000005d84                memcpy
 *fill*         0x0000000000005e79        0x3 
 .text          0x0000000000005e7c       0x74 c:\users\55319\zephyr-sdk-0.17.1\xtensa-dc233c_zephyr-elf\bin\../lib/gcc/../../picolibc/xtensa-dc233c_zephyr-elf/lib\libc.a(libc_machine_xtensa_memset.S.o)
                0x0000000000005ea4                memset
 .text.strnlen  0x0000000000005ef0       0x1a c:\users\55319\zephyr-sdk-0.17.1\xtensa-dc233c_zephyr-elf\bin\../lib/gcc/../../picolibc/xtensa-dc233c_zephyr-elf/lib\libc.a(libc_string_strnlen.c.o)
                0x0000000000005ef0                strnlen
 *fill*         0x0000000000005f0a        0x2 
 .text.__ultoa_invert
                0x0000000000005f0c       0x65 c:\users\55319\zephyr-sdk-0.17.1\xtensa-dc233c_zephyr-elf\bin\../lib/gcc/../../picolibc/xtensa-dc233c_zephyr-elf/lib\libc.a(libc_tinystdio_vfprintf.c.o)
 *fill*         0x0000000000005f71        0x0 
 *fill*         0x0000000000005f71        0x0 
 *fill*         0x0000000000005f71        0x3 
 .text.mulShiftAll64
                0x0000000000005f74      0x1f3 c:\users\55319\zephyr-sdk-0.17.1\xtensa-dc233c_zephyr-elf\bin\../lib/gcc/../../picolibc/xtensa-dc233c_zephyr-elf/lib\libc.a(libc_tinystdio_dtoa_ryu.c.o)
 *fill*         0x0000000000006167        0x0 
 *fill*         0x0000000000006167        0x0 
 *fill*         0x0000000000006167        0x0 
 *fill*         0x0000000000006167        0x0 
 *fill*         0x0000000000006167        0x0 
 *fill*         0x0000000000006167        0x0 
 *fill*         0x0000000000006167        0x1 
 .text.__umul128
                0x0000000000006168       0x6e c:\users\55319\zephyr-sdk-0.17.1\xtensa-dc233c_zephyr-elf\bin\../lib/gcc/../../picolibc/xtensa-dc233c_zephyr-elf/lib\libc.a(libc_tinystdio_ryu_umul128.c.o)
                0x0000000000006168                __umul128
 *fill*         0x00000000000061d6        0x2 
 .text.__shiftright128
                0x00000000000061d8       0x28 c:\users\55319\zephyr-sdk-0.17.1\xtensa-dc233c_zephyr-elf\bin\../lib/gcc/../../picolibc/xtensa-dc233c_zephyr-elf/lib\libc.a(libc_tinystdio_ryu_umul128.c.o)
                0x00000000000061d8                __shiftright128
 *fill*         0x0000000000006200        0x0 
 .text          0x0000000000006200       0x18 c:/users/55319/zephyr-sdk-0.17.1/xtensa-dc233c_zephyr-elf/bin/../lib/gcc/xtensa-dc233c_zephyr-elf/12.2.0\libgcc.a(_ashldi3.o)
                0x0000000000006200                __ashldi3
 .text          0x0000000000006218       0x19 c:/users/55319/zephyr-sdk-0.17.1/xtensa-dc233c_zephyr-elf/bin/../lib/gcc/xtensa-dc233c_zephyr-elf/12.2.0\libgcc.a(_ashrdi3.o)
                0x0000000000006218                __ashrdi3
 *fill*         0x0000000000006231        0x3 
 .text          0x0000000000006234       0x18 c:/users/55319/zephyr-sdk-0.17.1/xtensa-dc233c_zephyr-elf/bin/../lib/gcc/xtensa-dc233c_zephyr-elf/12.2.0\libgcc.a(_lshrdi3.o)
                0x0000000000006234                __lshrdi3
 *fill*         0x000000000000624c        0x0 
 *fill*         0x000000000000624c        0x0 
 .text          0x000000000000624c       0x35 c:/users/55319/zephyr-sdk-0.17.1/xtensa-dc233c_zephyr-elf/bin/../lib/gcc/xtensa-dc233c_zephyr-elf/12.2.0\libgcc.a(_umulsidi3.o)
                0x000000000000624c                __umulsidi3
 *(SORT_BY_ALIGNMENT(.fini.literal))
 *(.fini)
 *(SORT_BY_ALIGNMENT(.gnu.version))
                0x0000000000006284                . = ALIGN (0x4)
 *fill*         0x0000000000006281        0x3 
                0x0000000000006284                _text_end = ABSOLUTE (.)
                0x0000000000006284                _etext = .
                0x0000000000006284                __text_region_end = .

.rodata         0x0000000000006288      0x490
                0x0000000000006288                __rodata_region_start = ABSOLUTE (.)
 *(SORT_BY_ALIGNMENT(.rodata))
 *(SORT_BY_ALIGNMENT(.rodata.*))
 .rodata.DOUBLE_POW5_TABLE
                0x0000000000006288       0xd0 c:\users\55319\zephyr-sdk-0.17.1\xtensa-dc233c_zephyr-elf\bin\../lib/gcc/../../picolibc/xtensa-dc233c_zephyr-elf/lib\libc.a(libc_tinystdio_ryu_table.c.o)
 .rodata.DOUBLE_POW5_SPLIT2
                0x0000000000006358       0xd0 c:\users\55319\zephyr-sdk-0.17.1\xtensa-dc233c_zephyr-elf\bin\../lib/gcc/../../picolibc/xtensa-dc233c_zephyr-elf/lib\libc.a(libc_tinystdio_ryu_table.c.o)
 .rodata.DOUBLE_POW5_INV_SPLIT2
                0x0000000000006428       0xf0 c:\users\55319\zephyr-sdk-0.17.1\xtensa-dc233c_zephyr-elf\bin\../lib/gcc/../../picolibc/xtensa-dc233c_zephyr-elf/lib\libc.a(libc_tinystdio_ryu_table.c.o)
 .rodata.levels$0
                0x0000000000006518       0x18 zephyr/kernel/libkernel.a(init.c.obj)
 .rodata.vfprintf
                0x0000000000006530       0x90 c:\users\55319\zephyr-sdk-0.17.1\xtensa-dc233c_zephyr-elf\bin\../lib/gcc/../../picolibc/xtensa-dc233c_zephyr-elf/lib\libc.a(libc_tinystdio_vfprintf.c.o)
 .rodata.POW5_OFFSETS
                0x00000000000065c0       0x54 c:\users\55319\zephyr-sdk-0.17.1\xtensa-dc233c_zephyr-elf\bin\../lib/gcc/../../picolibc/xtensa-dc233c_zephyr-elf/lib\libc.a(libc_tinystdio_ryu_table.c.o)
 .rodata.POW5_INV_OFFSETS
                0x0000000000006614       0x58 c:\users\55319\zephyr-sdk-0.17.1\xtensa-dc233c_zephyr-elf\bin\../lib/gcc/../../picolibc/xtensa-dc233c_zephyr-elf/lib\libc.a(libc_tinystdio_ryu_table.c.o)
 .rodata.my_thread_func.str1.1
                0x000000000000666c       0x11 app/libapp.a(main.c.obj)
 .rodata.str1.1
                0x000000000000667d        0xd app/libapp.a(main.c.obj)
 .rodata.xtensa_backtrace_print.str1.1
                0x000000000000668a       0x3f zephyr/arch/arch/xtensa/core/libarch__xtensa__core.a(xtensa_backtrace.c.obj)
 .rodata.z_cstart.str1.1
                0x00000000000066c9        0x5 zephyr/kernel/libkernel.a(init.c.obj)
 .rodata.boot_banner.str1.1
                0x00000000000066ce       0x3b zephyr/kernel/libkernel.a(banner.c.obj)
 .rodata.vfprintf.str1.1
                0x0000000000006709        0xf c:\users\55319\zephyr-sdk-0.17.1\xtensa-dc233c_zephyr-elf\bin\../lib/gcc/../../picolibc/xtensa-dc233c_zephyr-elf/lib\libc.a(libc_tinystdio_vfprintf.c.o)
 *(SORT_BY_ALIGNMENT(.gnu.linkonce.r.*))
 *(SORT_BY_ALIGNMENT(.rodata1))
                0x0000000000006718                . = ALIGN (0x4)

initlevel       0x0000000000006718       0x18
                0x0000000000006718                __init_start = .
                0x0000000000006718                __init_EARLY_start = .
 *(SORT_BY_NAME(SORT_BY_ALIGNMENT(.z_init_EARLY_P_?_*)))
 *(SORT_BY_NAME(SORT_BY_ALIGNMENT(.z_init_EARLY_P_??_*)))
 *(SORT_BY_NAME(SORT_BY_ALIGNMENT(.z_init_EARLY_P_???_*)))
                0x0000000000006718                __init_PRE_KERNEL_1_start = .
 *(SORT_BY_NAME(SORT_BY_ALIGNMENT(.z_init_PRE_KERNEL_1_P_?_*)))
 *(SORT_BY_NAME(SORT_BY_ALIGNMENT(.z_init_PRE_KERNEL_1_P_??_*)))
 .z_init_PRE_KERNEL_1_P_60_SUB_0_
                0x0000000000006718        0x8 zephyr/drivers/console/libdrivers__console.a(xtensa_sim_console.c.obj)
 *(SORT_BY_NAME(SORT_BY_ALIGNMENT(.z_init_PRE_KERNEL_1_P_???_*)))
                0x0000000000006720                __init_PRE_KERNEL_2_start = .
 *(SORT_BY_NAME(SORT_BY_ALIGNMENT(.z_init_PRE_KERNEL_2_P_?_*)))
 .z_init_PRE_KERNEL_2_P_0_SUB_0_
                0x0000000000006720        0x8 zephyr/drivers/timer/libdrivers__timer.a(xtensa_sys_timer.c.obj)
 *(SORT_BY_NAME(SORT_BY_ALIGNMENT(.z_init_PRE_KERNEL_2_P_??_*)))
 *(SORT_BY_NAME(SORT_BY_ALIGNMENT(.z_init_PRE_KERNEL_2_P_???_*)))
                0x0000000000006728                __init_POST_KERNEL_start = .
 *(SORT_BY_NAME(SORT_BY_ALIGNMENT(.z_init_POST_KERNEL_P_?_*)))
 *(SORT_BY_NAME(SORT_BY_ALIGNMENT(.z_init_POST_KERNEL_P_??_*)))
 .z_init_POST_KERNEL_P_35_SUB_0_
                0x0000000000006728        0x8 zephyr/lib/libc/common/liblib__libc__common.a(malloc.c.obj)
 *(SORT_BY_NAME(SORT_BY_ALIGNMENT(.z_init_POST_KERNEL_P_???_*)))
                0x0000000000006730                __init_APPLICATION_start = .
 *(SORT_BY_NAME(SORT_BY_ALIGNMENT(.z_init_APPLICATION_P_?_*)))
 *(SORT_BY_NAME(SORT_BY_ALIGNMENT(.z_init_APPLICATION_P_??_*)))
 *(SORT_BY_NAME(SORT_BY_ALIGNMENT(.z_init_APPLICATION_P_???_*)))
                0x0000000000006730                __init_SMP_start = .
 *(SORT_BY_NAME(SORT_BY_ALIGNMENT(.z_init_SMP_P_?_*)))
 *(SORT_BY_NAME(SORT_BY_ALIGNMENT(.z_init_SMP_P_??_*)))
 *(SORT_BY_NAME(SORT_BY_ALIGNMENT(.z_init_SMP_P_???_*)))
                0x0000000000006730                __init_end = .

device_area     0x0000000000006730        0x0
                0x0000000000006730                _device_list_start = .
 *(SORT_BY_NAME(SORT_BY_ALIGNMENT(._device.static.*_?_*)))
 *(SORT_BY_NAME(SORT_BY_ALIGNMENT(._device.static.*_??_*)))
 *(SORT_BY_NAME(SORT_BY_ALIGNMENT(._device.static.*_???_*)))
 *(SORT_BY_NAME(SORT_BY_ALIGNMENT(._device.static.*_????_*)))
 *(SORT_BY_NAME(SORT_BY_ALIGNMENT(._device.static.*_?????_*)))
                0x0000000000006730                _device_list_end = .

sw_isr_table    0x0000000000006730       0xb0
                0x0000000000006730                . = ALIGN (0x4)
 *(SORT_BY_ALIGNMENT(.gnu.linkonce.sw_isr_table*))
 .gnu.linkonce.sw_isr_table
                0x0000000000006730       0xb0 zephyr/arch/common/libisr_tables.a(isr_tables.c.obj)
                0x0000000000006730                _sw_isr_table

initlevel_error
                0x0000000000006284        0x0
 *(SORT_BY_NAME(SORT_BY_ALIGNMENT(.z_init_*)))
                0x0000000000000001                ASSERT ((SIZEOF (initlevel_error) == 0x0), Undefined initialization levels used.)

app_shmem_regions
                0x00000000000067e0        0x0
                0x00000000000067e0                __app_shmem_regions_start = .
 *(SORT_BY_NAME(SORT_BY_ALIGNMENT(.app_regions.*)))
                0x00000000000067e0                __app_shmem_regions_end = .

k_p4wq_initparam_area
                0x00000000000067e0        0x0
                0x00000000000067e0                _k_p4wq_initparam_list_start = .
 *(SORT_BY_NAME(SORT_BY_ALIGNMENT(._k_p4wq_initparam.static.*)))
                0x00000000000067e0                _k_p4wq_initparam_list_end = .

_static_thread_data_area
                0x00000000000067e0       0x30
                0x00000000000067e0                __static_thread_data_list_start = .
 *(SORT_BY_NAME(SORT_BY_ALIGNMENT(.__static_thread_data.static.*)))
 .__static_thread_data.static._k_thread_data_my_thread_id_
                0x00000000000067e0       0x30 app/libapp.a(main.c.obj)
                0x00000000000067e0                _k_thread_data_my_thread_id
                0x0000000000006810                __static_thread_data_list_end = .

device_deps     0x0000000000006810        0x0
                0x0000000000006810                __device_deps_start = .
 *(SORT_BY_NAME(SORT_BY_ALIGNMENT(.__device_deps_pass2*)))
                0x0000000000006810                __device_deps_end = .

shared_irq_driver_api_area
                0x0000000000006810        0x0
                0x0000000000006810                _shared_irq_driver_api_list_start = .
 *(SORT_BY_NAME(SORT_BY_ALIGNMENT(._shared_irq_driver_api.static.*)))
                0x0000000000006810                _shared_irq_driver_api_list_end = .

crypto_driver_api_area
                0x0000000000006810        0x0
                0x0000000000006810                _crypto_driver_api_list_start = .
 *(SORT_BY_NAME(SORT_BY_ALIGNMENT(._crypto_driver_api.static.*)))
                0x0000000000006810                _crypto_driver_api_list_end = .

adc_driver_api_area
                0x0000000000006810        0x0
                0x0000000000006810                _adc_driver_api_list_start = .
 *(SORT_BY_NAME(SORT_BY_ALIGNMENT(._adc_driver_api.static.*)))
                0x0000000000006810                _adc_driver_api_list_end = .

auxdisplay_driver_api_area
                0x0000000000006810        0x0
                0x0000000000006810                _auxdisplay_driver_api_list_start = .
 *(SORT_BY_NAME(SORT_BY_ALIGNMENT(._auxdisplay_driver_api.static.*)))
                0x0000000000006810                _auxdisplay_driver_api_list_end = .

bbram_driver_api_area
                0x0000000000006810        0x0
                0x0000000000006810                _bbram_driver_api_list_start = .
 *(SORT_BY_NAME(SORT_BY_ALIGNMENT(._bbram_driver_api.static.*)))
                0x0000000000006810                _bbram_driver_api_list_end = .

bt_hci_driver_api_area
                0x0000000000006810        0x0
                0x0000000000006810                _bt_hci_driver_api_list_start = .
 *(SORT_BY_NAME(SORT_BY_ALIGNMENT(._bt_hci_driver_api.static.*)))
                0x0000000000006810                _bt_hci_driver_api_list_end = .

can_driver_api_area
                0x0000000000006810        0x0
                0x0000000000006810                _can_driver_api_list_start = .
 *(SORT_BY_NAME(SORT_BY_ALIGNMENT(._can_driver_api.static.*)))
                0x0000000000006810                _can_driver_api_list_end = .

cellular_driver_api_area
                0x0000000000006810        0x0
                0x0000000000006810                _cellular_driver_api_list_start = .
 *(SORT_BY_NAME(SORT_BY_ALIGNMENT(._cellular_driver_api.static.*)))
                0x0000000000006810                _cellular_driver_api_list_end = .

charger_driver_api_area
                0x0000000000006810        0x0
                0x0000000000006810                _charger_driver_api_list_start = .
 *(SORT_BY_NAME(SORT_BY_ALIGNMENT(._charger_driver_api.static.*)))
                0x0000000000006810                _charger_driver_api_list_end = .

clock_control_driver_api_area
                0x0000000000006810        0x0
                0x0000000000006810                _clock_control_driver_api_list_start = .
 *(SORT_BY_NAME(SORT_BY_ALIGNMENT(._clock_control_driver_api.static.*)))
                0x0000000000006810                _clock_control_driver_api_list_end = .

comparator_driver_api_area
                0x0000000000006810        0x0
                0x0000000000006810                _comparator_driver_api_list_start = .
 *(SORT_BY_NAME(SORT_BY_ALIGNMENT(._comparator_driver_api.static.*)))
                0x0000000000006810                _comparator_driver_api_list_end = .

coredump_driver_api_area
                0x0000000000006810        0x0
                0x0000000000006810                _coredump_driver_api_list_start = .
 *(SORT_BY_NAME(SORT_BY_ALIGNMENT(._coredump_driver_api.static.*)))
                0x0000000000006810                _coredump_driver_api_list_end = .

counter_driver_api_area
                0x0000000000006810        0x0
                0x0000000000006810                _counter_driver_api_list_start = .
 *(SORT_BY_NAME(SORT_BY_ALIGNMENT(._counter_driver_api.static.*)))
                0x0000000000006810                _counter_driver_api_list_end = .

dac_driver_api_area
                0x0000000000006810        0x0
                0x0000000000006810                _dac_driver_api_list_start = .
 *(SORT_BY_NAME(SORT_BY_ALIGNMENT(._dac_driver_api.static.*)))
                0x0000000000006810                _dac_driver_api_list_end = .

dai_driver_api_area
                0x0000000000006810        0x0
                0x0000000000006810                _dai_driver_api_list_start = .
 *(SORT_BY_NAME(SORT_BY_ALIGNMENT(._dai_driver_api.static.*)))
                0x0000000000006810                _dai_driver_api_list_end = .

display_driver_api_area
                0x0000000000006810        0x0
                0x0000000000006810                _display_driver_api_list_start = .
 *(SORT_BY_NAME(SORT_BY_ALIGNMENT(._display_driver_api.static.*)))
                0x0000000000006810                _display_driver_api_list_end = .

dma_driver_api_area
                0x0000000000006810        0x0
                0x0000000000006810                _dma_driver_api_list_start = .
 *(SORT_BY_NAME(SORT_BY_ALIGNMENT(._dma_driver_api.static.*)))
                0x0000000000006810                _dma_driver_api_list_end = .

edac_driver_api_area
                0x0000000000006810        0x0
                0x0000000000006810                _edac_driver_api_list_start = .
 *(SORT_BY_NAME(SORT_BY_ALIGNMENT(._edac_driver_api.static.*)))
                0x0000000000006810                _edac_driver_api_list_end = .

eeprom_driver_api_area
                0x0000000000006810        0x0
                0x0000000000006810                _eeprom_driver_api_list_start = .
 *(SORT_BY_NAME(SORT_BY_ALIGNMENT(._eeprom_driver_api.static.*)))
                0x0000000000006810                _eeprom_driver_api_list_end = .

emul_bbram_driver_api_area
                0x0000000000006810        0x0
                0x0000000000006810                _emul_bbram_driver_api_list_start = .
 *(SORT_BY_NAME(SORT_BY_ALIGNMENT(._emul_bbram_driver_api.static.*)))
                0x0000000000006810                _emul_bbram_driver_api_list_end = .

fuel_gauge_emul_driver_api_area
                0x0000000000006810        0x0
                0x0000000000006810                _fuel_gauge_emul_driver_api_list_start = .
 *(SORT_BY_NAME(SORT_BY_ALIGNMENT(._fuel_gauge_emul_driver_api.static.*)))
                0x0000000000006810                _fuel_gauge_emul_driver_api_list_end = .

emul_sensor_driver_api_area
                0x0000000000006810        0x0
                0x0000000000006810                _emul_sensor_driver_api_list_start = .
 *(SORT_BY_NAME(SORT_BY_ALIGNMENT(._emul_sensor_driver_api.static.*)))
                0x0000000000006810                _emul_sensor_driver_api_list_end = .

entropy_driver_api_area
                0x0000000000006810        0x0
                0x0000000000006810                _entropy_driver_api_list_start = .
 *(SORT_BY_NAME(SORT_BY_ALIGNMENT(._entropy_driver_api.static.*)))
                0x0000000000006810                _entropy_driver_api_list_end = .

espi_driver_api_area
                0x0000000000006810        0x0
                0x0000000000006810                _espi_driver_api_list_start = .
 *(SORT_BY_NAME(SORT_BY_ALIGNMENT(._espi_driver_api.static.*)))
                0x0000000000006810                _espi_driver_api_list_end = .

espi_saf_driver_api_area
                0x0000000000006810        0x0
                0x0000000000006810                _espi_saf_driver_api_list_start = .
 *(SORT_BY_NAME(SORT_BY_ALIGNMENT(._espi_saf_driver_api.static.*)))
                0x0000000000006810                _espi_saf_driver_api_list_end = .

flash_driver_api_area
                0x0000000000006810        0x0
                0x0000000000006810                _flash_driver_api_list_start = .
 *(SORT_BY_NAME(SORT_BY_ALIGNMENT(._flash_driver_api.static.*)))
                0x0000000000006810                _flash_driver_api_list_end = .

fpga_driver_api_area
                0x0000000000006810        0x0
                0x0000000000006810                _fpga_driver_api_list_start = .
 *(SORT_BY_NAME(SORT_BY_ALIGNMENT(._fpga_driver_api.static.*)))
                0x0000000000006810                _fpga_driver_api_list_end = .

fuel_gauge_driver_api_area
                0x0000000000006810        0x0
                0x0000000000006810                _fuel_gauge_driver_api_list_start = .
 *(SORT_BY_NAME(SORT_BY_ALIGNMENT(._fuel_gauge_driver_api.static.*)))
                0x0000000000006810                _fuel_gauge_driver_api_list_end = .

gnss_driver_api_area
                0x0000000000006810        0x0
                0x0000000000006810                _gnss_driver_api_list_start = .
 *(SORT_BY_NAME(SORT_BY_ALIGNMENT(._gnss_driver_api.static.*)))
                0x0000000000006810                _gnss_driver_api_list_end = .

gpio_driver_api_area
                0x0000000000006810        0x0
                0x0000000000006810                _gpio_driver_api_list_start = .
 *(SORT_BY_NAME(SORT_BY_ALIGNMENT(._gpio_driver_api.static.*)))
                0x0000000000006810                _gpio_driver_api_list_end = .

haptics_driver_api_area
                0x0000000000006810        0x0
                0x0000000000006810                _haptics_driver_api_list_start = .
 *(SORT_BY_NAME(SORT_BY_ALIGNMENT(._haptics_driver_api.static.*)))
                0x0000000000006810                _haptics_driver_api_list_end = .

hwspinlock_driver_api_area
                0x0000000000006810        0x0
                0x0000000000006810                _hwspinlock_driver_api_list_start = .
 *(SORT_BY_NAME(SORT_BY_ALIGNMENT(._hwspinlock_driver_api.static.*)))
                0x0000000000006810                _hwspinlock_driver_api_list_end = .

i2c_driver_api_area
                0x0000000000006810        0x0
                0x0000000000006810                _i2c_driver_api_list_start = .
 *(SORT_BY_NAME(SORT_BY_ALIGNMENT(._i2c_driver_api.static.*)))
                0x0000000000006810                _i2c_driver_api_list_end = .

i2c_target_driver_api_area
                0x0000000000006810        0x0
                0x0000000000006810                _i2c_target_driver_api_list_start = .
 *(SORT_BY_NAME(SORT_BY_ALIGNMENT(._i2c_target_driver_api.static.*)))
                0x0000000000006810                _i2c_target_driver_api_list_end = .

i2s_driver_api_area
                0x0000000000006810        0x0
                0x0000000000006810                _i2s_driver_api_list_start = .
 *(SORT_BY_NAME(SORT_BY_ALIGNMENT(._i2s_driver_api.static.*)))
                0x0000000000006810                _i2s_driver_api_list_end = .

i3c_driver_api_area
                0x0000000000006810        0x0
                0x0000000000006810                _i3c_driver_api_list_start = .
 *(SORT_BY_NAME(SORT_BY_ALIGNMENT(._i3c_driver_api.static.*)))
                0x0000000000006810                _i3c_driver_api_list_end = .

ipm_driver_api_area
                0x0000000000006810        0x0
                0x0000000000006810                _ipm_driver_api_list_start = .
 *(SORT_BY_NAME(SORT_BY_ALIGNMENT(._ipm_driver_api.static.*)))
                0x0000000000006810                _ipm_driver_api_list_end = .

led_driver_api_area
                0x0000000000006810        0x0
                0x0000000000006810                _led_driver_api_list_start = .
 *(SORT_BY_NAME(SORT_BY_ALIGNMENT(._led_driver_api.static.*)))
                0x0000000000006810                _led_driver_api_list_end = .

led_strip_driver_api_area
                0x0000000000006810        0x0
                0x0000000000006810                _led_strip_driver_api_list_start = .
 *(SORT_BY_NAME(SORT_BY_ALIGNMENT(._led_strip_driver_api.static.*)))
                0x0000000000006810                _led_strip_driver_api_list_end = .

lora_driver_api_area
                0x0000000000006810        0x0
                0x0000000000006810                _lora_driver_api_list_start = .
 *(SORT_BY_NAME(SORT_BY_ALIGNMENT(._lora_driver_api.static.*)))
                0x0000000000006810                _lora_driver_api_list_end = .

mbox_driver_api_area
                0x0000000000006810        0x0
                0x0000000000006810                _mbox_driver_api_list_start = .
 *(SORT_BY_NAME(SORT_BY_ALIGNMENT(._mbox_driver_api.static.*)))
                0x0000000000006810                _mbox_driver_api_list_end = .

mdio_driver_api_area
                0x0000000000006810        0x0
                0x0000000000006810                _mdio_driver_api_list_start = .
 *(SORT_BY_NAME(SORT_BY_ALIGNMENT(._mdio_driver_api.static.*)))
                0x0000000000006810                _mdio_driver_api_list_end = .

mipi_dbi_driver_api_area
                0x0000000000006810        0x0
                0x0000000000006810                _mipi_dbi_driver_api_list_start = .
 *(SORT_BY_NAME(SORT_BY_ALIGNMENT(._mipi_dbi_driver_api.static.*)))
                0x0000000000006810                _mipi_dbi_driver_api_list_end = .

mipi_dsi_driver_api_area
                0x0000000000006810        0x0
                0x0000000000006810                _mipi_dsi_driver_api_list_start = .
 *(SORT_BY_NAME(SORT_BY_ALIGNMENT(._mipi_dsi_driver_api.static.*)))
                0x0000000000006810                _mipi_dsi_driver_api_list_end = .

mspi_driver_api_area
                0x0000000000006810        0x0
                0x0000000000006810                _mspi_driver_api_list_start = .
 *(SORT_BY_NAME(SORT_BY_ALIGNMENT(._mspi_driver_api.static.*)))
                0x0000000000006810                _mspi_driver_api_list_end = .

peci_driver_api_area
                0x0000000000006810        0x0
                0x0000000000006810                _peci_driver_api_list_start = .
 *(SORT_BY_NAME(SORT_BY_ALIGNMENT(._peci_driver_api.static.*)))
                0x0000000000006810                _peci_driver_api_list_end = .

ps2_driver_api_area
                0x0000000000006810        0x0
                0x0000000000006810                _ps2_driver_api_list_start = .
 *(SORT_BY_NAME(SORT_BY_ALIGNMENT(._ps2_driver_api.static.*)))
                0x0000000000006810                _ps2_driver_api_list_end = .

ptp_clock_driver_api_area
                0x0000000000006810        0x0
                0x0000000000006810                _ptp_clock_driver_api_list_start = .
 *(SORT_BY_NAME(SORT_BY_ALIGNMENT(._ptp_clock_driver_api.static.*)))
                0x0000000000006810                _ptp_clock_driver_api_list_end = .

pwm_driver_api_area
                0x0000000000006810        0x0
                0x0000000000006810                _pwm_driver_api_list_start = .
 *(SORT_BY_NAME(SORT_BY_ALIGNMENT(._pwm_driver_api.static.*)))
                0x0000000000006810                _pwm_driver_api_list_end = .

regulator_parent_driver_api_area
                0x0000000000006810        0x0
                0x0000000000006810                _regulator_parent_driver_api_list_start = .
 *(SORT_BY_NAME(SORT_BY_ALIGNMENT(._regulator_parent_driver_api.static.*)))
                0x0000000000006810                _regulator_parent_driver_api_list_end = .

regulator_driver_api_area
                0x0000000000006810        0x0
                0x0000000000006810                _regulator_driver_api_list_start = .
 *(SORT_BY_NAME(SORT_BY_ALIGNMENT(._regulator_driver_api.static.*)))
                0x0000000000006810                _regulator_driver_api_list_end = .

reset_driver_api_area
                0x0000000000006810        0x0
                0x0000000000006810                _reset_driver_api_list_start = .
 *(SORT_BY_NAME(SORT_BY_ALIGNMENT(._reset_driver_api.static.*)))
                0x0000000000006810                _reset_driver_api_list_end = .

retained_mem_driver_api_area
                0x0000000000006810        0x0
                0x0000000000006810                _retained_mem_driver_api_list_start = .
 *(SORT_BY_NAME(SORT_BY_ALIGNMENT(._retained_mem_driver_api.static.*)))
                0x0000000000006810                _retained_mem_driver_api_list_end = .

rtc_driver_api_area
                0x0000000000006810        0x0
                0x0000000000006810                _rtc_driver_api_list_start = .
 *(SORT_BY_NAME(SORT_BY_ALIGNMENT(._rtc_driver_api.static.*)))
                0x0000000000006810                _rtc_driver_api_list_end = .

sdhc_driver_api_area
                0x0000000000006810        0x0
                0x0000000000006810                _sdhc_driver_api_list_start = .
 *(SORT_BY_NAME(SORT_BY_ALIGNMENT(._sdhc_driver_api.static.*)))
                0x0000000000006810                _sdhc_driver_api_list_end = .

sensor_driver_api_area